[0.009s][info][gc,init] CardTable entry size: 512
[0.009s][debug][gc,heap] Minimum heap 17179869184  Initial heap 17179869184  Maximum heap 17179869184
[0.009s][info ][gc     ] Using G1
[0.009s][debug][gc,heap,coops] Heap address: 0x0000000400000000, size: 16384 MB, Compressed Oops mode: Zero based, Oop shift amount: 3
[0.010s][debug][gc,ergo,heap ] Expand the heap. requested expansion amount: 17179869184B expansion amount: 17179869184B
[0.033s][debug][gc,heap,region] Activate regions [0, 2048)
[0.033s][info ][gc,init       ] Version: 21.0.1+12-LTS (release)
[0.033s][info ][gc,init       ] CPUs: 32 total, 32 available
[0.033s][info ][gc,init       ] Memory: 32386M
[0.033s][info ][gc,init       ] Large Page Support: Disabled
[0.034s][info ][gc,init       ] NUMA Support: Disabled
[0.034s][info ][gc,init       ] Compressed Oops: Enabled (Zero based)
[0.034s][info ][gc,init       ] Heap Region Size: 8M
[0.034s][info ][gc,init       ] Heap Min Capacity: 16G
[0.034s][info ][gc,init       ] Heap Initial Capacity: 16G
[0.034s][info ][gc,init       ] Heap Max Capacity: 16G
[0.034s][info ][gc,init       ] Pre-touch: Disabled
[0.034s][info ][gc,init       ] Parallel Workers: 23
[0.034s][info ][gc,init       ] Concurrent Workers: 6
[0.034s][info ][gc,init       ] Concurrent Refinement Workers: 23
[0.034s][info ][gc,init       ] Periodic GC: Disabled
[0.041s][info ][gc,metaspace  ] CDS archive(s) mapped at: [0x0000023ccf000000-0x0000023ccfc90000-0x0000023ccfc90000), size 13172736, SharedBaseAddress: 0x0000023ccf000000, ArchiveRelocationMode: 1.
[0.041s][info ][gc,metaspace  ] Compressed class space mapped at: 0x0000023cd0000000-0x0000023d10000000, reserved size: 1073741824
[0.041s][info ][gc,metaspace  ] Narrow klass base: 0x0000023ccf000000, Narrow klass shift: 0, Narrow klass range: 0x100000000
[1.107s][info ][gc,start      ] GC(0) Pause Full (System.gc())
[1.107s][debug][gc,heap       ] GC(0) Heap before GC invocations=0 (full 0):
[1.107s][debug][gc,heap       ] GC(0)  garbage-first heap   total 16777216K, used 65536K [0x0000000400000000, 0x0000000800000000)
[1.107s][debug][gc,heap       ] GC(0)   region size 8192K, 6 young (49152K), 0 survivors (0K)
[1.107s][debug][gc,heap       ] GC(0)  Metaspace       used 1293K, committed 1408K, reserved 1114112K
[1.107s][debug][gc,heap       ] GC(0)   class space    used 107K, committed 192K, reserved 1048576K
[1.107s][info ][gc,task       ] GC(0) Using 9 workers of 23 for full compaction
[1.107s][info ][gc,phases,start] GC(0) Phase 1: Mark live objects
[1.109s][debug][gc,phases,start] GC(0) Phase 1: Reference Processing
[1.109s][debug][gc,phases,ref  ] GC(0) Reference Processing: 0.0ms
[1.109s][debug][gc,phases,ref  ] GC(0)   Notify Soft/WeakReferences: 0.0ms
[1.109s][debug][gc,phases,ref  ] GC(0)     SoftRef (ms):                  Min:  0.0, Avg:  0.0, Max:  0.0, Diff:  0.0, Sum:  0.0, Workers: 1
[1.109s][debug][gc,phases,ref  ] GC(0)     WeakRef (ms):                  Min:  0.0, Avg:  0.0, Max:  0.0, Diff:  0.0, Sum:  0.0, Workers: 1
[1.109s][debug][gc,phases,ref  ] GC(0)     FinalRef (ms):                 Min:  0.0, Avg:  0.0, Max:  0.0, Diff:  0.0, Sum:  0.0, Workers: 1
[1.109s][debug][gc,phases,ref  ] GC(0)     Total (ms):                    Min:  0.0, Avg:  0.0, Max:  0.0, Diff:  0.0, Sum:  0.0, Workers: 1
[1.109s][debug][gc,phases,ref  ] GC(0)   Notify and keep alive finalizable: 0.0ms
[1.109s][debug][gc,phases,ref  ] GC(0)     FinalRef (ms):                 skipped
[1.109s][debug][gc,phases,ref  ] GC(0)   Notify PhantomReferences: 0.0ms
[1.109s][debug][gc,phases,ref  ] GC(0)     PhantomRef (ms):               Min:  0.0, Avg:  0.0, Max:  0.0, Diff:  0.0, Sum:  0.0, Workers: 1
[1.109s][debug][gc,phases,ref  ] GC(0)   SoftReference Discovered: 0, Dropped: 0, Processed: 0
[1.109s][debug][gc,phases,ref  ] GC(0)   WeakReference Discovered: 176, Dropped: 105, Processed: 71
[1.109s][debug][gc,phases,ref  ] GC(0)   FinalReference Discovered: 0, Dropped: 0, Processed: 0
[1.109s][debug][gc,phases,ref  ] GC(0)   PhantomReference Discovered: 30, Dropped: 5, Processed: 25
[1.109s][debug][gc,phases      ] GC(0) Phase 1: Reference Processing 0.160ms
[1.109s][debug][gc,phases,start] GC(0) Phase 1: Weak Processing
[1.109s][debug][gc,phases      ] GC(0)   VM Weak                        Min:  0.0, Avg:  0.0, Max:  0.0, Diff:  0.0, Sum:  0.0, Workers: 6
[1.109s][debug][gc,phases      ] GC(0)     Dead                           Min: 0, Avg:  0.0, Max: 0, Diff: 0, Sum: 0, Workers: 6
[1.109s][debug][gc,phases      ] GC(0)     Total                          Min: 0, Avg:  2.3, Max: 14, Diff: 14, Sum: 14, Workers: 6
[1.109s][debug][gc,phases      ] GC(0)   ObjectSynchronizer Weak        Min:  0.0, Avg:  0.0, Max:  0.0, Diff:  0.0, Sum:  0.0, Workers: 6
[1.109s][debug][gc,phases      ] GC(0)     Dead                           Min: 0, Avg:  0.0, Max: 0, Diff: 0, Sum: 0, Workers: 6
[1.109s][debug][gc,phases      ] GC(0)     Total                          Min: 0, Avg:  0.2, Max: 1, Diff: 1, Sum: 1, Workers: 6
[1.109s][debug][gc,phases      ] GC(0)   JVMTI Tag Weak OopStorage      Min:  0.0, Avg:  0.0, Max:  0.0, Diff:  0.0, Sum:  0.0, Workers: 6
[1.109s][debug][gc,phases      ] GC(0)     Dead                           Min: 0, Avg:  0.0, Max: 0, Diff: 0, Sum: 0, Workers: 6
[1.109s][debug][gc,phases      ] GC(0)     Total                          Min: 0, Avg:  0.0, Max: 0, Diff: 0, Sum: 0, Workers: 6
[1.109s][debug][gc,phases      ] GC(0)   StringTable Weak               Min:  0.0, Avg:  0.0, Max:  0.0, Diff:  0.0, Sum:  0.0, Workers: 6
[1.109s][debug][gc,phases      ] GC(0)     Dead                           Min: 0, Avg:  1.0, Max: 4, Diff: 4, Sum: 6, Workers: 6
[1.109s][debug][gc,phases      ] GC(0)     Total                          Min: 0, Avg: 952.0, Max: 2944, Diff: 2944, Sum: 5712, Workers: 6
[1.109s][debug][gc,phases      ] GC(0)   ResolvedMethodTable Weak       Min:  0.0, Avg:  0.0, Max:  0.0, Diff:  0.0, Sum:  0.0, Workers: 6
[1.109s][debug][gc,phases      ] GC(0)     Dead                           Min: 0, Avg:  3.5, Max: 11, Diff: 11, Sum: 21, Workers: 6
[1.109s][debug][gc,phases      ] GC(0)     Total                          Min: 0, Avg: 30.7, Max: 120, Diff: 120, Sum: 184, Workers: 6
[1.109s][debug][gc,phases      ] GC(0)   JNI Weak                       Min:  0.0, Avg:  0.0, Max:  0.0, Diff:  0.0, Sum:  0.0, Workers: 6
[1.109s][debug][gc,phases      ] GC(0)     Dead                           Min: 0, Avg:  0.0, Max: 0, Diff: 0, Sum: 0, Workers: 6
[1.109s][debug][gc,phases      ] GC(0)     Total                          Min: 0, Avg:  0.0, Max: 0, Diff: 0, Sum: 0, Workers: 6
[1.109s][debug][gc,phases      ] GC(0)   StringDedup Table Weak         Min:  0.0, Avg:  0.0, Max:  0.0, Diff:  0.0, Sum:  0.0, Workers: 6
[1.109s][debug][gc,phases      ] GC(0)     Dead                           Min: 0, Avg:  0.0, Max: 0, Diff: 0, Sum: 0, Workers: 6
[1.109s][debug][gc,phases      ] GC(0)     Total                          Min: 0, Avg:  0.0, Max: 0, Diff: 0, Sum: 0, Workers: 6
[1.109s][debug][gc,phases      ] GC(0)   StringDedup Requests0 Weak     Min:  0.0, Avg:  0.0, Max:  0.0, Diff:  0.0, Sum:  0.0, Workers: 6
[1.109s][debug][gc,phases      ] GC(0)     Dead                           Min: 0, Avg:  0.0, Max: 0, Diff: 0, Sum: 0, Workers: 6
[1.109s][debug][gc,phases      ] GC(0)     Total                          Min: 0, Avg:  0.0, Max: 0, Diff: 0, Sum: 0, Workers: 6
[1.109s][debug][gc,phases      ] GC(0)   StringDedup Requests1 Weak     Min:  0.0, Avg:  0.0, Max:  0.0, Diff:  0.0, Sum:  0.0, Workers: 6
[1.109s][debug][gc,phases      ] GC(0)     Dead                           Min: 0, Avg:  0.0, Max: 0, Diff: 0, Sum: 0, Workers: 6
[1.109s][debug][gc,phases      ] GC(0)     Total                          Min: 0, Avg:  0.0, Max: 0, Diff: 0, Sum: 0, Workers: 6
[1.109s][debug][gc,phases      ] GC(0)   Weak JFR Old Object Samples    Min:  0.0, Avg:  0.0, Max:  0.0, Diff:  0.0, Sum:  0.0, Workers: 6
[1.109s][debug][gc,phases      ] GC(0)     Dead                           Min: 0, Avg:  0.0, Max: 0, Diff: 0, Sum: 0, Workers: 6
[1.109s][debug][gc,phases      ] GC(0)     Total                          Min: 0, Avg:  0.0, Max: 0, Diff: 0, Sum: 0, Workers: 6
[1.109s][debug][gc,phases      ] GC(0) Phase 1: Weak Processing 0.356ms
[1.109s][debug][gc,phases,start] GC(0) Phase 1: Class Unloading and Cleanup
[1.109s][debug][gc,phases,start] GC(0) ClassLoaderData
[1.109s][debug][gc,phases      ] GC(0) ClassLoaderData 0.007ms
[1.109s][debug][gc,phases,start] GC(0) Trigger cleanups
[1.110s][debug][gc,phases      ] GC(0) Trigger cleanups 0.005ms
[1.110s][debug][gc,phases      ] GC(0) Phase 1: Class Unloading and Cleanup 0.117ms
[1.110s][debug][gc,phases,start] GC(0) Report Object Count
[1.110s][debug][gc,phases      ] GC(0) Report Object Count 0.007ms
[1.110s][info ][gc,phases      ] GC(0) Phase 1: Mark live objects 2.441ms
[1.110s][info ][gc,phases,start] GC(0) Phase 2: Prepare compaction
[1.110s][debug][gc,phases,start] GC(0) Phase 2: Determine work lists
[1.110s][debug][gc,phases      ] GC(0) Phase 2: Determine work lists 0.068ms
[1.110s][debug][gc,phases,start] GC(0) Phase 2: Prepare parallel compaction
[1.110s][debug][gc,phases      ] GC(0) Phase 2: Prepare parallel compaction 0.246ms
[1.110s][info ][gc,phases      ] GC(0) Phase 2: Prepare compaction 0.338ms
[1.110s][info ][gc,phases,start] GC(0) Phase 3: Adjust pointers
[1.111s][info ][gc,phases      ] GC(0) Phase 3: Adjust pointers 0.807ms
[1.111s][info ][gc,phases,start] GC(0) Phase 4: Compact heap
[1.111s][info ][gc,phases      ] GC(0) Phase 4: Compact heap 0.478ms
[1.111s][info ][gc,phases,start] GC(0) Phase 5: Reset Metadata
[1.112s][info ][gc,phases      ] GC(0) Phase 5: Reset Metadata 0.945ms
[1.135s][info ][gc,heap        ] GC(0) Eden regions: 6->0(1024)
[1.135s][info ][gc,heap        ] GC(0) Survivor regions: 0->0(0)
[1.135s][info ][gc,heap        ] GC(0) Old regions: 0->6
[1.135s][info ][gc,heap        ] GC(0) Humongous regions: 3->3
[1.135s][info ][gc,metaspace   ] GC(0) Metaspace: 1293K(1408K)->1293K(1408K) NonClass: 1186K(1216K)->1186K(1216K) Class: 107K(192K)->107K(192K)
[1.135s][debug][gc,heap        ] GC(0) Heap after GC invocations=1 (full 1):
[1.135s][debug][gc,heap        ] GC(0)  garbage-first heap   total 16777216K, used 26212K [0x0000000400000000, 0x0000000800000000)
[1.135s][debug][gc,heap        ] GC(0)   region size 8192K, 0 young (0K), 0 survivors (0K)
[1.135s][debug][gc,heap        ] GC(0)  Metaspace       used 1293K, committed 1408K, reserved 1114112K
[1.135s][debug][gc,heap        ] GC(0)   class space    used 107K, committed 192K, reserved 1048576K
[1.135s][info ][gc             ] GC(0) Pause Full (System.gc()) 72M->25M(16384M) 28.332ms
[1.135s][info ][gc,cpu         ] GC(0) User=0.02s Sys=0.08s Real=0.03s
[1.135s][info ][safepoint      ] Safepoint "G1CollectFull", Time since last: 1063463900 ns, Reaching safepoint: 5899 ns, Cleanup: 30500 ns, At safepoint: 28363901 ns, Total: 28400300 ns
[3.143s][info ][safepoint      ] Safepoint "Cleanup", Time since last: 2007886299 ns, Reaching safepoint: 4201 ns, Cleanup: 13900 ns, At safepoint: 1300 ns, Total: 19401 ns
[4.155s][info ][safepoint      ] Safepoint "Cleanup", Time since last: 1011882800 ns, Reaching safepoint: 6499 ns, Cleanup: 14101 ns, At safepoint: 2499 ns, Total: 23099 ns
[5.165s][info ][safepoint      ] Safepoint "Cleanup", Time since last: 1010650601 ns, Reaching safepoint: 3499 ns, Cleanup: 8701 ns, At safepoint: 1300 ns, Total: 13500 ns
[23.534s][info ][gc,start       ] GC(1) Pause Young (Normal) (G1 Evacuation Pause)
[23.534s][debug][gc,heap        ] GC(1) Heap before GC invocations=1 (full 1):
[23.534s][debug][gc,heap        ] GC(1)  garbage-first heap   total 16777216K, used 8447588K [0x0000000400000000, 0x0000000800000000)
[23.534s][debug][gc,heap        ] GC(1)   region size 8192K, 1024 young (8388608K), 0 survivors (0K)
[23.534s][debug][gc,heap        ] GC(1)  Metaspace       used 1294K, committed 1408K, reserved 1114112K
[23.534s][debug][gc,heap        ] GC(1)   class space    used 107K, committed 192K, reserved 1048576K
[23.535s][info ][gc,task        ] GC(1) Using 23 workers of 23 for evacuation
[25.703s][debug][gc,ergo,heap   ] GC(1) Heap expansion: short term pause time ratio 2.47% long term pause time ratio 2.47% threshold 7.69% pause time ratio 7.69% fully expanded true resize by 0B
[25.703s][info ][gc,mmu         ] GC(1) MMU target violated: 201.0ms (200.0ms/201.0ms)
[25.703s][info ][gc,phases      ] GC(1)   Pre Evacuate Collection Set: 0.5ms
[25.703s][debug][gc,phases      ] GC(1)     Pre Evacuate Prepare: 0.1ms
[25.703s][debug][gc,phases      ] GC(1)       JT Retire TLABs And Flush Logs (ms): Min:  0.0, Avg:  0.0, Max:  0.0, Diff:  0.0, Sum:  0.0, Workers: 2
[25.703s][debug][gc,phases      ] GC(1)       Non-JT Flush Logs (ms):        Min:  0.0, Avg:  0.0, Max:  0.0, Diff:  0.0, Sum:  0.0, Workers: 1
[25.703s][debug][gc,phases      ] GC(1)     Choose Collection Set: 0.0ms
[25.703s][debug][gc,phases      ] GC(1)     Region Register: 0.4ms
[25.703s][debug][gc,phases      ] GC(1)     Prepare Heap Roots: 0.0ms
[25.703s][info ][gc,phases      ] GC(1)   Merge Heap Roots: 0.4ms
[25.703s][debug][gc,phases      ] GC(1)     Prepare Merge Heap Roots: 0.1ms
[25.703s][debug][gc,phases      ] GC(1)     Remembered Sets (ms):          Min:  0.0, Avg:  0.0, Max:  0.1, Diff:  0.1, Sum:  0.6, Workers: 23
[25.703s][debug][gc,phases      ] GC(1)       Eager Reclaim (ms):            skipped
[25.703s][debug][gc,phases      ] GC(1)       Merged Inline                  Min: 0, Avg:  0.0, Max: 0, Diff: 0, Sum: 0, Workers: 23
[25.703s][debug][gc,phases      ] GC(1)       Merged ArrayOfCards            Min: 0, Avg:  0.0, Max: 0, Diff: 0, Sum: 0, Workers: 23
[25.703s][debug][gc,phases      ] GC(1)       Merged Howl                    Min: 0, Avg:  0.0, Max: 0, Diff: 0, Sum: 0, Workers: 23
[25.703s][debug][gc,phases      ] GC(1)       Merged Full                    Min: 0, Avg:  0.0, Max: 0, Diff: 0, Sum: 0, Workers: 23
[25.703s][debug][gc,phases      ] GC(1)       Merged Howl Inline             Min: 0, Avg:  0.0, Max: 0, Diff: 0, Sum: 0, Workers: 23
[25.703s][debug][gc,phases      ] GC(1)       Merged Howl ArrayOfCards       Min: 0, Avg:  0.0, Max: 0, Diff: 0, Sum: 0, Workers: 23
[25.703s][debug][gc,phases      ] GC(1)       Merged Howl BitMap             Min: 0, Avg:  0.0, Max: 0, Diff: 0, Sum: 0, Workers: 23
[25.703s][debug][gc,phases      ] GC(1)       Merged Howl Full               Min: 0, Avg:  0.0, Max: 0, Diff: 0, Sum: 0, Workers: 23
[25.703s][debug][gc,phases      ] GC(1)       Merged Cards                   Min: 8, Avg:  8.0, Max: 8, Diff: 0, Sum: 184, Workers: 23
[25.703s][debug][gc,phases      ] GC(1)     Log Buffers (ms):              Min:  0.0, Avg:  0.1, Max:  0.2, Diff:  0.2, Sum:  2.0, Workers: 23
[25.703s][debug][gc,phases      ] GC(1)       Dirty Cards:                   Min: 0, Avg: 3807.0, Max: 18432, Diff: 18432, Sum: 87560, Workers: 23
[25.703s][debug][gc,phases      ] GC(1)       Skipped Cards:                 Min: 0, Avg:  0.0, Max: 0, Diff: 0, Sum: 0, Workers: 23
[25.703s][info ][gc,phases      ] GC(1)   Evacuate Collection Set: 2166.2ms
[25.703s][debug][gc,phases      ] GC(1)     Ext Root Scanning (ms):        Min:  0.0, Avg:  0.0, Max:  0.0, Diff:  0.0, Sum:  0.2, Workers: 23
[25.703s][debug][gc,phases      ] GC(1)     Scan Heap Roots (ms):          Min:  0.2, Avg:  1.5, Max:  4.5, Diff:  4.3, Sum: 33.5, Workers: 23
[25.703s][debug][gc,phases      ] GC(1)       Scanned Cards:                 Min: 256, Avg: 3807.0, Max: 15038, Diff: 14782, Sum: 87560, Workers: 23
[25.703s][debug][gc,phases      ] GC(1)       Scanned Blocks:                Min: 2, Avg: 32.0, Max: 128, Diff: 126, Sum: 737, Workers: 23
[25.703s][debug][gc,phases      ] GC(1)       Claimed Chunks:                Min: 2, Avg: 30.4, Max: 120, Diff: 118, Sum: 699, Workers: 23
[25.703s][debug][gc,phases      ] GC(1)       Found Roots:                   Min: 32764, Avg: 246840.2, Max: 491516, Diff: 458752, Sum: 5677324, Workers: 23
[25.703s][debug][gc,phases      ] GC(1)     Code Root Scan (ms):           Min:  0.0, Avg:  0.0, Max:  0.0, Diff:  0.0, Sum:  0.1, Workers: 23
[25.703s][debug][gc,phases      ] GC(1)     Object Copy (ms):              Min: 894.5, Avg: 922.4, Max: 953.0, Diff: 58.5, Sum: 21215.1, Workers: 23
[25.703s][debug][gc,phases      ] GC(1)     Termination (ms):              Min: 1211.5, Avg: 1228.6, Max: 1239.3, Diff: 27.8, Sum: 28258.5, Workers: 23
[25.703s][debug][gc,phases      ] GC(1)       Termination Attempts:          Min: 51070, Avg: 51602.1, Max: 52175, Diff: 1105, Sum: 1186848, Workers: 23
[25.703s][debug][gc,phases      ] GC(1)     GC Worker Other (ms):          Min:  0.0, Avg:  4.1, Max: 31.7, Diff: 31.7, Sum: 95.2, Workers: 23
[25.703s][debug][gc,phases      ] GC(1)     GC Worker Total (ms):          Min: 2134.1, Avg: 2156.6, Max: 2166.2, Diff: 32.1, Sum: 49602.7, Workers: 23
[25.703s][info ][gc,phases      ] GC(1)   Post Evacuate Collection Set: 0.6ms
[25.703s][debug][gc,phases      ] GC(1)     NMethod List Cleanup: 0.0ms
[25.703s][debug][gc,phases      ] GC(1)     Reference Processing: 0.0ms
[25.703s][debug][gc,phases,ref  ] GC(1)       Notify Soft/WeakReferences: 0.0ms
[25.703s][debug][gc,phases,ref  ] GC(1)         SoftRef (ms):                  skipped
[25.703s][debug][gc,phases,ref  ] GC(1)         WeakRef (ms):                  skipped
[25.703s][debug][gc,phases,ref  ] GC(1)         FinalRef (ms):                 skipped
[25.703s][debug][gc,phases,ref  ] GC(1)         Total (ms):                    skipped
[25.703s][debug][gc,phases,ref  ] GC(1)       Notify and keep alive finalizable: 0.0ms
[25.703s][debug][gc,phases,ref  ] GC(1)         FinalRef (ms):                 skipped
[25.703s][debug][gc,phases,ref  ] GC(1)       Notify PhantomReferences: 0.0ms
[25.703s][debug][gc,phases,ref  ] GC(1)         PhantomRef (ms):               skipped
[25.703s][debug][gc,phases,ref  ] GC(1)       SoftReference Discovered: 0, Dropped: 0, Processed: 0
[25.703s][debug][gc,phases,ref  ] GC(1)       WeakReference Discovered: 0, Dropped: 0, Processed: 0
[25.703s][debug][gc,phases,ref  ] GC(1)       FinalReference Discovered: 0, Dropped: 0, Processed: 0
[25.703s][debug][gc,phases,ref  ] GC(1)       PhantomReference Discovered: 0, Dropped: 0, Processed: 0
[25.703s][debug][gc,phases      ] GC(1)     Weak Processing: 0.0ms
[25.703s][debug][gc,phases      ] GC(1)       VM Weak                        Min:  0.0, Avg:  0.0, Max:  0.0, Diff:  0.0, Sum:  0.0, Workers: 6
[25.703s][debug][gc,phases      ] GC(1)         Dead                           Min: 0, Avg:  0.0, Max: 0, Diff: 0, Sum: 0, Workers: 6
[25.703s][debug][gc,phases      ] GC(1)         Total                          Min: 0, Avg:  2.3, Max: 14, Diff: 14, Sum: 14, Workers: 6
[25.703s][debug][gc,phases      ] GC(1)       ObjectSynchronizer Weak        Min:  0.0, Avg:  0.0, Max:  0.0, Diff:  0.0, Sum:  0.0, Workers: 6
[25.703s][debug][gc,phases      ] GC(1)         Dead                           Min: 0, Avg:  0.0, Max: 0, Diff: 0, Sum: 0, Workers: 6
[25.703s][debug][gc,phases      ] GC(1)         Total                          Min: 0, Avg:  0.2, Max: 1, Diff: 1, Sum: 1, Workers: 6
[25.703s][debug][gc,phases      ] GC(1)       JVMTI Tag Weak OopStorage      Min:  0.0, Avg:  0.0, Max:  0.0, Diff:  0.0, Sum:  0.0, Workers: 6
[25.703s][debug][gc,phases      ] GC(1)         Dead                           Min: 0, Avg:  0.0, Max: 0, Diff: 0, Sum: 0, Workers: 6
[25.703s][debug][gc,phases      ] GC(1)         Total                          Min: 0, Avg:  0.0, Max: 0, Diff: 0, Sum: 0, Workers: 6
[25.703s][debug][gc,phases      ] GC(1)       StringTable Weak               Min:  0.0, Avg:  0.0, Max:  0.0, Diff:  0.0, Sum:  0.0, Workers: 6
[25.703s][debug][gc,phases      ] GC(1)         Dead                           Min: 0, Avg:  0.0, Max: 0, Diff: 0, Sum: 0, Workers: 6
[25.703s][debug][gc,phases      ] GC(1)         Total                          Min: 640, Avg: 952.7, Max: 1280, Diff: 640, Sum: 5716, Workers: 6
[25.703s][debug][gc,phases      ] GC(1)       ResolvedMethodTable Weak       Min:  0.0, Avg:  0.0, Max:  0.0, Diff:  0.0, Sum:  0.0, Workers: 6
[25.703s][debug][gc,phases      ] GC(1)         Dead                           Min: 0, Avg:  0.0, Max: 0, Diff: 0, Sum: 0, Workers: 6
[25.703s][debug][gc,phases      ] GC(1)         Total                          Min: 0, Avg: 30.7, Max: 64, Diff: 64, Sum: 184, Workers: 6
[25.703s][debug][gc,phases      ] GC(1)       JNI Weak                       Min:  0.0, Avg:  0.0, Max:  0.0, Diff:  0.0, Sum:  0.0, Workers: 6
[25.703s][debug][gc,phases      ] GC(1)         Dead                           Min: 0, Avg:  0.0, Max: 0, Diff: 0, Sum: 0, Workers: 6
[25.703s][debug][gc,phases      ] GC(1)         Total                          Min: 0, Avg:  0.0, Max: 0, Diff: 0, Sum: 0, Workers: 6
[25.703s][debug][gc,phases      ] GC(1)       StringDedup Table Weak         Min:  0.0, Avg:  0.0, Max:  0.0, Diff:  0.0, Sum:  0.0, Workers: 6
[25.703s][debug][gc,phases      ] GC(1)         Dead                           Min: 0, Avg:  0.0, Max: 0, Diff: 0, Sum: 0, Workers: 6
[25.703s][debug][gc,phases      ] GC(1)         Total                          Min: 0, Avg:  0.0, Max: 0, Diff: 0, Sum: 0, Workers: 6
[25.703s][debug][gc,phases      ] GC(1)       StringDedup Requests0 Weak     Min:  0.0, Avg:  0.0, Max:  0.0, Diff:  0.0, Sum:  0.0, Workers: 6
[25.703s][debug][gc,phases      ] GC(1)         Dead                           Min: 0, Avg:  0.0, Max: 0, Diff: 0, Sum: 0, Workers: 6
[25.703s][debug][gc,phases      ] GC(1)         Total                          Min: 0, Avg:  0.0, Max: 0, Diff: 0, Sum: 0, Workers: 6
[25.703s][debug][gc,phases      ] GC(1)       StringDedup Requests1 Weak     Min:  0.0, Avg:  0.0, Max:  0.0, Diff:  0.0, Sum:  0.0, Workers: 6
[25.703s][debug][gc,phases      ] GC(1)         Dead                           Min: 0, Avg:  0.0, Max: 0, Diff: 0, Sum: 0, Workers: 6
[25.703s][debug][gc,phases      ] GC(1)         Total                          Min: 0, Avg:  0.0, Max: 0, Diff: 0, Sum: 0, Workers: 6
[25.703s][debug][gc,phases      ] GC(1)       Weak JFR Old Object Samples    Min:  0.0, Avg:  0.0, Max:  0.0, Diff:  0.0, Sum:  0.0, Workers: 6
[25.703s][debug][gc,phases      ] GC(1)         Dead                           Min: 0, Avg:  0.0, Max: 0, Diff: 0, Sum: 0, Workers: 6
[25.703s][debug][gc,phases      ] GC(1)         Total                          Min: 0, Avg:  0.0, Max: 0, Diff: 0, Sum: 0, Workers: 6
[25.703s][debug][gc,phases      ] GC(1)     Post Evacuate Cleanup 1: 0.3ms
[25.703s][debug][gc,phases      ] GC(1)       Merge Per-Thread State (ms):   Min:  0.1, Avg:  0.1, Max:  0.1, Diff:  0.0, Sum:  0.1, Workers: 1
[25.703s][debug][gc,phases      ] GC(1)         Copied Bytes                   Min: 34990304, Avg: 48596259.1, Max: 62960048, Diff: 27969744, Sum: 1117713960, Workers: 23
[25.703s][debug][gc,phases      ] GC(1)         LAB Waste                      Min: 1472, Avg: 1633.4, Max: 1832, Diff: 360, Sum: 37568, Workers: 23
[25.703s][debug][gc,phases      ] GC(1)         LAB Undo Waste                 Min: 0, Avg:  0.0, Max: 0, Diff: 0, Sum: 0, Workers: 23
[25.703s][debug][gc,phases      ] GC(1)       Clear Logged Cards (ms):       Min:  0.0, Avg:  0.2, Max:  0.3, Diff:  0.3, Sum:  3.9, Workers: 18
[25.703s][debug][gc,phases      ] GC(1)       Recalculate Used Memory (ms):  Min:  0.0, Avg:  0.0, Max:  0.0, Diff:  0.0, Sum:  0.0, Workers: 1
[25.703s][debug][gc,phases      ] GC(1)     Post Evacuate Cleanup 2: 0.2ms
[25.703s][debug][gc,phases      ] GC(1)       Update Derived Pointers (ms):  Min:  0.0, Avg:  0.0, Max:  0.0, Diff:  0.0, Sum:  0.0, Workers: 1
[25.703s][debug][gc,phases      ] GC(1)       Eagerly Reclaim Humongous Objects (ms): skipped
[25.703s][debug][gc,phases      ] GC(1)         Humongous Total                skipped
[25.703s][debug][gc,phases      ] GC(1)         Humongous Candidates           skipped
[25.703s][debug][gc,phases      ] GC(1)         Humongous Reclaimed            skipped
[25.703s][debug][gc,phases      ] GC(1)       Redirty Logged Cards (ms):     Min:  0.0, Avg:  0.1, Max:  0.1, Diff:  0.0, Sum:  1.4, Workers: 23
[25.703s][debug][gc,phases      ] GC(1)         Redirtied Cards:               Min: 0, Avg: 2179.0, Max: 6640, Diff: 6640, Sum: 50117, Workers: 23
[25.703s][debug][gc,phases      ] GC(1)       Resize TLABs (ms):             Min:  0.0, Avg:  0.0, Max:  0.0, Diff:  0.0, Sum:  0.0, Workers: 23
[25.703s][debug][gc,phases      ] GC(1)       Free Collection Set (ms):      Min:  0.1, Avg:  0.1, Max:  0.1, Diff:  0.0, Sum:  1.9, Workers: 23
[25.703s][debug][gc,phases      ] GC(1)     Rebuild Free List: 0.0ms
[25.703s][debug][gc,phases      ] GC(1)     Prepare For Mutator: 0.0ms
[25.703s][debug][gc,phases      ] GC(1)     Expand Heap After Collection: 0.0ms
[25.703s][info ][gc,phases      ] GC(1)   Other: 0.7ms
[25.703s][info ][gc,heap        ] GC(1) Eden regions: 1024->0(884)
[25.703s][info ][gc,heap        ] GC(1) Survivor regions: 0->140(256)
[25.703s][info ][gc,heap        ] GC(1) Old regions: 6->6
[25.703s][info ][gc,heap        ] GC(1) Humongous regions: 7->7
[25.703s][info ][gc,metaspace   ] GC(1) Metaspace: 1294K(1408K)->1294K(1408K) NonClass: 1187K(1216K)->1187K(1216K) Class: 107K(192K)->107K(192K)
[25.703s][debug][gc,heap        ] GC(1) Heap after GC invocations=2 (full 1):
[25.703s][debug][gc,heap        ] GC(1)  garbage-first heap   total 16777216K, used 1201764K [0x0000000400000000, 0x0000000800000000)
[25.703s][debug][gc,heap        ] GC(1)   region size 8192K, 140 young (1146880K), 140 survivors (1146880K)
[25.703s][debug][gc,heap        ] GC(1)  Metaspace       used 1294K, committed 1408K, reserved 1114112K
[25.703s][debug][gc,heap        ] GC(1)   class space    used 107K, committed 192K, reserved 1048576K
[25.703s][info ][gc             ] GC(1) Pause Young (Normal) (G1 Evacuation Pause) 8249M->1173M(16384M) 2169.304ms
[25.703s][info ][gc,cpu         ] GC(1) User=2.31s Sys=0.19s Real=2.17s
[25.704s][info ][safepoint      ] Safepoint "G1CollectForAllocation", Time since last: 18368684900 ns, Reaching safepoint: 3700 ns, Cleanup: 4299 ns, At safepoint: 2169341001 ns, Total: 2169349000 ns
[45.296s][info ][gc,start       ] GC(2) Pause Young (Normal) (G1 Evacuation Pause)
[45.296s][debug][gc,heap        ] GC(2) Heap before GC invocations=2 (full 1):
[45.296s][debug][gc,heap        ] GC(2)  garbage-first heap   total 16777216K, used 8443492K [0x0000000400000000, 0x0000000800000000)
[45.296s][debug][gc,heap        ] GC(2)   region size 8192K, 1024 young (8388608K), 140 survivors (1146880K)
[45.296s][debug][gc,heap        ] GC(2)  Metaspace       used 1294K, committed 1408K, reserved 1114112K
[45.296s][debug][gc,heap        ] GC(2)   class space    used 107K, committed 192K, reserved 1048576K
[45.296s][info ][gc,task        ] GC(2) Using 23 workers of 23 for evacuation
[47.385s][debug][gc,ergo,heap   ] GC(2) Heap expansion: short term pause time ratio 8.82% long term pause time ratio 8.44% threshold 7.69% pause time ratio 7.69% fully expanded true resize by 0B
[47.385s][info ][gc,mmu         ] GC(2) MMU target violated: 201.0ms (200.0ms/201.0ms)
[47.385s][info ][gc,phases      ] GC(2)   Pre Evacuate Collection Set: 0.3ms
[47.385s][debug][gc,phases      ] GC(2)     Pre Evacuate Prepare: 0.1ms
[47.385s][debug][gc,phases      ] GC(2)       JT Retire TLABs And Flush Logs (ms): Min:  0.0, Avg:  0.0, Max:  0.0, Diff:  0.0, Sum:  0.0, Workers: 2
[47.385s][debug][gc,phases      ] GC(2)       Non-JT Flush Logs (ms):        Min:  0.0, Avg:  0.0, Max:  0.0, Diff:  0.0, Sum:  0.0, Workers: 1
[47.385s][debug][gc,phases      ] GC(2)     Choose Collection Set: 0.0ms
[47.385s][debug][gc,phases      ] GC(2)     Region Register: 0.2ms
[47.385s][debug][gc,phases      ] GC(2)     Prepare Heap Roots: 0.0ms
[47.386s][info ][gc,phases      ] GC(2)   Merge Heap Roots: 0.3ms
[47.386s][debug][gc,phases      ] GC(2)     Prepare Merge Heap Roots: 0.0ms
[47.386s][debug][gc,phases      ] GC(2)     Remembered Sets (ms):          Min:  0.0, Avg:  0.0, Max:  0.1, Diff:  0.1, Sum:  0.3, Workers: 23
[47.386s][debug][gc,phases      ] GC(2)       Eager Reclaim (ms):            skipped
[47.386s][debug][gc,phases      ] GC(2)       Merged Inline                  Min: 0, Avg:  0.0, Max: 0, Diff: 0, Sum: 0, Workers: 23
[47.386s][debug][gc,phases      ] GC(2)       Merged ArrayOfCards            Min: 0, Avg:  0.0, Max: 0, Diff: 0, Sum: 0, Workers: 23
[47.386s][debug][gc,phases      ] GC(2)       Merged Howl                    Min: 0, Avg:  0.0, Max: 0, Diff: 0, Sum: 0, Workers: 23
[47.386s][debug][gc,phases      ] GC(2)       Merged Full                    Min: 0, Avg:  0.0, Max: 0, Diff: 0, Sum: 0, Workers: 23
[47.386s][debug][gc,phases      ] GC(2)       Merged Howl Inline             Min: 0, Avg:  0.0, Max: 0, Diff: 0, Sum: 0, Workers: 23
[47.386s][debug][gc,phases      ] GC(2)       Merged Howl ArrayOfCards       Min: 0, Avg:  0.0, Max: 0, Diff: 0, Sum: 0, Workers: 23
[47.386s][debug][gc,phases      ] GC(2)       Merged Howl BitMap             Min: 0, Avg:  0.0, Max: 0, Diff: 0, Sum: 0, Workers: 23
[47.386s][debug][gc,phases      ] GC(2)       Merged Howl Full               Min: 0, Avg:  0.0, Max: 0, Diff: 0, Sum: 0, Workers: 23
[47.386s][debug][gc,phases      ] GC(2)       Merged Cards                   Min: 8, Avg:  8.0, Max: 8, Diff: 0, Sum: 184, Workers: 23
[47.386s][debug][gc,phases      ] GC(2)     Log Buffers (ms):              Min:  0.0, Avg:  0.0, Max:  0.1, Diff:  0.1, Sum:  0.4, Workers: 23
[47.386s][debug][gc,phases      ] GC(2)       Dirty Cards:                   Min: 0, Avg: 4054.9, Max: 34762, Diff: 34762, Sum: 93263, Workers: 23
[47.386s][debug][gc,phases      ] GC(2)       Skipped Cards:                 Min: 0, Avg:  0.0, Max: 0, Diff: 0, Sum: 0, Workers: 23
[47.386s][info ][gc,phases      ] GC(2)   Evacuate Collection Set: 2088.4ms
[47.386s][debug][gc,phases      ] GC(2)     Ext Root Scanning (ms):        Min:  0.0, Avg:  0.0, Max:  0.0, Diff:  0.0, Sum:  0.1, Workers: 23
[47.386s][debug][gc,phases      ] GC(2)     Scan Heap Roots (ms):          Min:  0.0, Avg:  2.5, Max: 33.4, Diff: 33.4, Sum: 57.2, Workers: 23
[47.386s][debug][gc,phases      ] GC(2)       Scanned Cards:                 Min: 0, Avg: 3804.6, Max: 26012, Diff: 26012, Sum: 87505, Workers: 23
[47.386s][debug][gc,phases      ] GC(2)       Scanned Blocks:                Min: 0, Avg: 29.9, Max: 204, Diff: 204, Sum: 688, Workers: 23
[47.386s][debug][gc,phases      ] GC(2)       Claimed Chunks:                Min: 0, Avg: 29.9, Max: 204, Diff: 204, Sum: 688, Workers: 23
[47.386s][debug][gc,phases      ] GC(2)       Found Roots:                   Min: 0, Avg: 264715.7, Max: 1232520, Diff: 1232520, Sum: 6088460, Workers: 23
[47.386s][debug][gc,phases      ] GC(2)     Code Root Scan (ms):           Min:  0.0, Avg:  0.0, Max:  0.0, Diff:  0.0, Sum:  0.1, Workers: 23
[47.386s][debug][gc,phases      ] GC(2)     Object Copy (ms):              Min: 801.0, Avg: 834.3, Max: 893.4, Diff: 92.4, Sum: 19188.1, Workers: 23
[47.386s][debug][gc,phases      ] GC(2)     Termination (ms):              Min: 1182.1, Avg: 1201.3, Max: 1215.0, Diff: 32.9, Sum: 27630.9, Workers: 23
[47.386s][debug][gc,phases      ] GC(2)       Termination Attempts:          Min: 46169, Avg: 47201.0, Max: 47935, Diff: 1766, Sum: 1085624, Workers: 23
[47.386s][debug][gc,phases      ] GC(2)     GC Worker Other (ms):          Min:  0.0, Avg:  0.0, Max:  0.1, Diff:  0.1, Sum:  0.7, Workers: 23
[47.386s][debug][gc,phases      ] GC(2)     GC Worker Total (ms):          Min: 2015.7, Avg: 2038.1, Max: 2088.4, Diff: 72.7, Sum: 46877.1, Workers: 23
[47.386s][info ][gc,phases      ] GC(2)   Post Evacuate Collection Set: 0.5ms
[47.386s][debug][gc,phases      ] GC(2)     NMethod List Cleanup: 0.0ms
[47.386s][debug][gc,phases      ] GC(2)     Reference Processing: 0.0ms
[47.386s][debug][gc,phases,ref  ] GC(2)       Notify Soft/WeakReferences: 0.0ms
[47.386s][debug][gc,phases,ref  ] GC(2)         SoftRef (ms):                  skipped
[47.386s][debug][gc,phases,ref  ] GC(2)         WeakRef (ms):                  skipped
[47.386s][debug][gc,phases,ref  ] GC(2)         FinalRef (ms):                 skipped
[47.386s][debug][gc,phases,ref  ] GC(2)         Total (ms):                    skipped
[47.386s][debug][gc,phases,ref  ] GC(2)       Notify and keep alive finalizable: 0.0ms
[47.386s][debug][gc,phases,ref  ] GC(2)         FinalRef (ms):                 skipped
[47.386s][debug][gc,phases,ref  ] GC(2)       Notify PhantomReferences: 0.0ms
[47.386s][debug][gc,phases,ref  ] GC(2)         PhantomRef (ms):               skipped
[47.386s][debug][gc,phases,ref  ] GC(2)       SoftReference Discovered: 0, Dropped: 0, Processed: 0
[47.386s][debug][gc,phases,ref  ] GC(2)       WeakReference Discovered: 0, Dropped: 0, Processed: 0
[47.386s][debug][gc,phases,ref  ] GC(2)       FinalReference Discovered: 0, Dropped: 0, Processed: 0
[47.386s][debug][gc,phases,ref  ] GC(2)       PhantomReference Discovered: 0, Dropped: 0, Processed: 0
[47.386s][debug][gc,phases      ] GC(2)     Weak Processing: 0.0ms
[47.386s][debug][gc,phases      ] GC(2)       VM Weak                        Min:  0.0, Avg:  0.0, Max:  0.0, Diff:  0.0, Sum:  0.0, Workers: 6
[47.386s][debug][gc,phases      ] GC(2)         Dead                           Min: 0, Avg:  0.0, Max: 0, Diff: 0, Sum: 0, Workers: 6
[47.386s][debug][gc,phases      ] GC(2)         Total                          Min: 0, Avg:  2.3, Max: 14, Diff: 14, Sum: 14, Workers: 6
[47.386s][debug][gc,phases      ] GC(2)       ObjectSynchronizer Weak        Min:  0.0, Avg:  0.0, Max:  0.0, Diff:  0.0, Sum:  0.0, Workers: 6
[47.386s][debug][gc,phases      ] GC(2)         Dead                           Min: 0, Avg:  0.0, Max: 0, Diff: 0, Sum: 0, Workers: 6
[47.386s][debug][gc,phases      ] GC(2)         Total                          Min: 0, Avg:  0.2, Max: 1, Diff: 1, Sum: 1, Workers: 6
[47.386s][debug][gc,phases      ] GC(2)       JVMTI Tag Weak OopStorage      Min:  0.0, Avg:  0.0, Max:  0.0, Diff:  0.0, Sum:  0.0, Workers: 6
[47.386s][debug][gc,phases      ] GC(2)         Dead                           Min: 0, Avg:  0.0, Max: 0, Diff: 0, Sum: 0, Workers: 6
[47.386s][debug][gc,phases      ] GC(2)         Total                          Min: 0, Avg:  0.0, Max: 0, Diff: 0, Sum: 0, Workers: 6
[47.386s][debug][gc,phases      ] GC(2)       StringTable Weak               Min:  0.0, Avg:  0.0, Max:  0.0, Diff:  0.0, Sum:  0.0, Workers: 6
[47.386s][debug][gc,phases      ] GC(2)         Dead                           Min: 0, Avg:  0.0, Max: 0, Diff: 0, Sum: 0, Workers: 6
[47.386s][debug][gc,phases      ] GC(2)         Total                          Min: 576, Avg: 952.7, Max: 1088, Diff: 512, Sum: 5716, Workers: 6
[47.386s][debug][gc,phases      ] GC(2)       ResolvedMethodTable Weak       Min:  0.0, Avg:  0.0, Max:  0.0, Diff:  0.0, Sum:  0.0, Workers: 6
[47.386s][debug][gc,phases      ] GC(2)         Dead                           Min: 0, Avg:  0.0, Max: 0, Diff: 0, Sum: 0, Workers: 6
[47.386s][debug][gc,phases      ] GC(2)         Total                          Min: 0, Avg: 30.7, Max: 64, Diff: 64, Sum: 184, Workers: 6
[47.386s][debug][gc,phases      ] GC(2)       JNI Weak                       Min:  0.0, Avg:  0.0, Max:  0.0, Diff:  0.0, Sum:  0.0, Workers: 6
[47.386s][debug][gc,phases      ] GC(2)         Dead                           Min: 0, Avg:  0.0, Max: 0, Diff: 0, Sum: 0, Workers: 6
[47.386s][debug][gc,phases      ] GC(2)         Total                          Min: 0, Avg:  0.0, Max: 0, Diff: 0, Sum: 0, Workers: 6
[47.386s][debug][gc,phases      ] GC(2)       StringDedup Table Weak         Min:  0.0, Avg:  0.0, Max:  0.0, Diff:  0.0, Sum:  0.0, Workers: 6
[47.386s][debug][gc,phases      ] GC(2)         Dead                           Min: 0, Avg:  0.0, Max: 0, Diff: 0, Sum: 0, Workers: 6
[47.386s][debug][gc,phases      ] GC(2)         Total                          Min: 0, Avg:  0.0, Max: 0, Diff: 0, Sum: 0, Workers: 6
[47.386s][debug][gc,phases      ] GC(2)       StringDedup Requests0 Weak     Min:  0.0, Avg:  0.0, Max:  0.0, Diff:  0.0, Sum:  0.0, Workers: 6
[47.386s][debug][gc,phases      ] GC(2)         Dead                           Min: 0, Avg:  0.0, Max: 0, Diff: 0, Sum: 0, Workers: 6
[47.386s][debug][gc,phases      ] GC(2)         Total                          Min: 0, Avg:  0.0, Max: 0, Diff: 0, Sum: 0, Workers: 6
[47.386s][debug][gc,phases      ] GC(2)       StringDedup Requests1 Weak     Min:  0.0, Avg:  0.0, Max:  0.0, Diff:  0.0, Sum:  0.0, Workers: 6
[47.386s][debug][gc,phases      ] GC(2)         Dead                           Min: 0, Avg:  0.0, Max: 0, Diff: 0, Sum: 0, Workers: 6
[47.386s][debug][gc,phases      ] GC(2)         Total                          Min: 0, Avg:  0.0, Max: 0, Diff: 0, Sum: 0, Workers: 6
[47.386s][debug][gc,phases      ] GC(2)       Weak JFR Old Object Samples    Min:  0.0, Avg:  0.0, Max:  0.0, Diff:  0.0, Sum:  0.0, Workers: 6
[47.386s][debug][gc,phases      ] GC(2)         Dead                           Min: 0, Avg:  0.0, Max: 0, Diff: 0, Sum: 0, Workers: 6
[47.386s][debug][gc,phases      ] GC(2)         Total                          Min: 0, Avg:  0.0, Max: 0, Diff: 0, Sum: 0, Workers: 6
[47.386s][debug][gc,phases      ] GC(2)     Post Evacuate Cleanup 1: 0.3ms
[47.386s][debug][gc,phases      ] GC(2)       Merge Per-Thread State (ms):   Min:  0.1, Avg:  0.1, Max:  0.1, Diff:  0.0, Sum:  0.1, Workers: 1
[47.386s][debug][gc,phases      ] GC(2)         Copied Bytes                   Min: 32054560, Avg: 49597285.9, Max: 103988056, Diff: 71933496, Sum: 1140737576, Workers: 23
[47.386s][debug][gc,phases      ] GC(2)         LAB Waste                      Min: 2056, Avg: 2398.3, Max: 2864, Diff: 808, Sum: 55160, Workers: 23
[47.386s][debug][gc,phases      ] GC(2)         LAB Undo Waste                 Min: 0, Avg:  0.0, Max: 0, Diff: 0, Sum: 0, Workers: 23
[47.386s][debug][gc,phases      ] GC(2)       Clear Logged Cards (ms):       Min:  0.0, Avg:  0.2, Max:  0.3, Diff:  0.3, Sum:  3.3, Workers: 18
[47.386s][debug][gc,phases      ] GC(2)       Recalculate Used Memory (ms):  Min:  0.0, Avg:  0.0, Max:  0.0, Diff:  0.0, Sum:  0.0, Workers: 1
[47.386s][debug][gc,phases      ] GC(2)     Post Evacuate Cleanup 2: 0.1ms
[47.386s][debug][gc,phases      ] GC(2)       Update Derived Pointers (ms):  Min:  0.0, Avg:  0.0, Max:  0.0, Diff:  0.0, Sum:  0.0, Workers: 1
[47.386s][debug][gc,phases      ] GC(2)       Eagerly Reclaim Humongous Objects (ms): skipped
[47.386s][debug][gc,phases      ] GC(2)         Humongous Total                skipped
[47.386s][debug][gc,phases      ] GC(2)         Humongous Candidates           skipped
[47.386s][debug][gc,phases      ] GC(2)         Humongous Reclaimed            skipped
[47.386s][debug][gc,phases      ] GC(2)       Redirty Logged Cards (ms):     Min:  0.0, Avg:  0.0, Max:  0.0, Diff:  0.0, Sum:  0.1, Workers: 23
[47.386s][debug][gc,phases      ] GC(2)         Redirtied Cards:               Min: 0, Avg: 302.5, Max: 3628, Diff: 3628, Sum: 6957, Workers: 23
[47.386s][debug][gc,phases      ] GC(2)       Resize TLABs (ms):             Min:  0.0, Avg:  0.0, Max:  0.0, Diff:  0.0, Sum:  0.0, Workers: 23
[47.386s][debug][gc,phases      ] GC(2)       Free Collection Set (ms):      Min:  0.1, Avg:  0.1, Max:  0.1, Diff:  0.0, Sum:  2.1, Workers: 23
[47.386s][debug][gc,phases      ] GC(2)     Rebuild Free List: 0.0ms
[47.386s][debug][gc,phases      ] GC(2)     Prepare For Mutator: 0.0ms
[47.386s][debug][gc,phases      ] GC(2)     Expand Heap After Collection: 0.0ms
[47.386s][info ][gc,phases      ] GC(2)   Other: 0.1ms
[47.386s][info ][gc,heap        ] GC(2) Eden regions: 884->0(1015)
[47.386s][info ][gc,heap        ] GC(2) Survivor regions: 140->9(256)
[47.386s][info ][gc,heap        ] GC(2) Old regions: 6->141
[47.386s][info ][gc,heap        ] GC(2) Humongous regions: 7->7
[47.386s][info ][gc,metaspace   ] GC(2) Metaspace: 1294K(1408K)->1294K(1408K) NonClass: 1187K(1216K)->1187K(1216K) Class: 107K(192K)->107K(192K)
[47.386s][debug][gc,heap        ] GC(2) Heap after GC invocations=3 (full 1):
[47.386s][debug][gc,heap        ] GC(2)  garbage-first heap   total 16777216K, used 1232500K [0x0000000400000000, 0x0000000800000000)
[47.386s][debug][gc,heap        ] GC(2)   region size 8192K, 9 young (73728K), 9 survivors (73728K)
[47.386s][debug][gc,heap        ] GC(2)  Metaspace       used 1294K, committed 1408K, reserved 1114112K
[47.386s][debug][gc,heap        ] GC(2)   class space    used 107K, committed 192K, reserved 1048576K
[47.386s][info ][gc             ] GC(2) Pause Young (Normal) (G1 Evacuation Pause) 8245M->1203M(16384M) 2090.544ms
[47.386s][info ][gc,cpu         ] GC(2) User=2.61s Sys=0.16s Real=2.09s
[47.386s][info ][safepoint      ] Safepoint "G1CollectForAllocation", Time since last: 19592147200 ns, Reaching safepoint: 9199 ns, Cleanup: 2701 ns, At safepoint: 2090617100 ns, Total: 2090629000 ns
[69.692s][info ][gc,start       ] GC(3) Pause Young (Normal) (G1 Evacuation Pause)
[69.692s][debug][gc,heap        ] GC(3) Heap before GC invocations=3 (full 1):
[69.692s][debug][gc,heap        ] GC(3)  garbage-first heap   total 16777216K, used 9547380K [0x0000000400000000, 0x0000000800000000)
[69.692s][debug][gc,heap        ] GC(3)   region size 8192K, 1024 young (8388608K), 9 survivors (73728K)
[69.692s][debug][gc,heap        ] GC(3)  Metaspace       used 1295K, committed 1408K, reserved 1114112K
[69.692s][debug][gc,heap        ] GC(3)   class space    used 107K, committed 192K, reserved 1048576K
[69.692s][info ][gc,task        ] GC(3) Using 23 workers of 23 for evacuation
[69.712s][debug][gc,ergo,heap   ] GC(3) Heap expansion: short term pause time ratio 9.64% long term pause time ratio 8.99% threshold 7.69% pause time ratio 7.69% fully expanded true resize by 0B
[69.712s][info ][gc,phases      ] GC(3)   Pre Evacuate Collection Set: 0.4ms
[69.712s][debug][gc,phases      ] GC(3)     Pre Evacuate Prepare: 0.1ms
[69.712s][debug][gc,phases      ] GC(3)       JT Retire TLABs And Flush Logs (ms): Min:  0.0, Avg:  0.0, Max:  0.0, Diff:  0.0, Sum:  0.0, Workers: 2
[69.712s][debug][gc,phases      ] GC(3)       Non-JT Flush Logs (ms):        Min:  0.0, Avg:  0.0, Max:  0.0, Diff:  0.0, Sum:  0.0, Workers: 1
[69.712s][debug][gc,phases      ] GC(3)     Choose Collection Set: 0.0ms
[69.712s][debug][gc,phases      ] GC(3)     Region Register: 0.2ms
[69.712s][debug][gc,phases      ] GC(3)     Prepare Heap Roots: 0.0ms
[69.712s][info ][gc,phases      ] GC(3)   Merge Heap Roots: 0.3ms
[69.712s][debug][gc,phases      ] GC(3)     Prepare Merge Heap Roots: 0.0ms
[69.712s][debug][gc,phases      ] GC(3)     Remembered Sets (ms):          Min:  0.0, Avg:  0.1, Max:  0.2, Diff:  0.2, Sum:  1.8, Workers: 23
[69.712s][debug][gc,phases      ] GC(3)       Eager Reclaim (ms):            skipped
[69.712s][debug][gc,phases      ] GC(3)       Merged Inline                  Min: 0, Avg:  0.0, Max: 0, Diff: 0, Sum: 0, Workers: 23
[69.712s][debug][gc,phases      ] GC(3)       Merged ArrayOfCards            Min: 0, Avg:  0.0, Max: 0, Diff: 0, Sum: 0, Workers: 23
[69.712s][debug][gc,phases      ] GC(3)       Merged Howl                    Min: 0, Avg:  0.0, Max: 0, Diff: 0, Sum: 0, Workers: 23
[69.712s][debug][gc,phases      ] GC(3)       Merged Full                    Min: 0, Avg:  0.0, Max: 0, Diff: 0, Sum: 0, Workers: 23
[69.712s][debug][gc,phases      ] GC(3)       Merged Howl Inline             Min: 0, Avg:  0.0, Max: 0, Diff: 0, Sum: 0, Workers: 23
[69.712s][debug][gc,phases      ] GC(3)       Merged Howl ArrayOfCards       Min: 0, Avg:  0.0, Max: 0, Diff: 0, Sum: 0, Workers: 23
[69.712s][debug][gc,phases      ] GC(3)       Merged Howl BitMap             Min: 0, Avg:  0.0, Max: 0, Diff: 0, Sum: 0, Workers: 23
[69.712s][debug][gc,phases      ] GC(3)       Merged Howl Full               Min: 0, Avg:  0.0, Max: 0, Diff: 0, Sum: 0, Workers: 23
[69.712s][debug][gc,phases      ] GC(3)       Merged Cards                   Min: 8, Avg:  8.0, Max: 8, Diff: 0, Sum: 184, Workers: 23
[69.712s][debug][gc,phases      ] GC(3)     Log Buffers (ms):              Min:  0.0, Avg:  0.0, Max:  0.1, Diff:  0.1, Sum:  0.9, Workers: 23
[69.712s][debug][gc,phases      ] GC(3)       Dirty Cards:                   Min: 0, Avg: 2038.8, Max: 5378, Diff: 5378, Sum: 46893, Workers: 23
[69.712s][debug][gc,phases      ] GC(3)       Skipped Cards:                 Min: 0, Avg:  0.0, Max: 0, Diff: 0, Sum: 0, Workers: 23
[69.712s][info ][gc,phases      ] GC(3)   Evacuate Collection Set: 17.7ms
[69.712s][debug][gc,phases      ] GC(3)     Ext Root Scanning (ms):        Min:  0.0, Avg:  0.0, Max:  0.0, Diff:  0.0, Sum:  0.2, Workers: 23
[69.712s][debug][gc,phases      ] GC(3)     Scan Heap Roots (ms):          Min:  0.0, Avg:  1.0, Max:  2.4, Diff:  2.4, Sum: 22.2, Workers: 23
[69.712s][debug][gc,phases      ] GC(3)       Scanned Cards:                 Min: 0, Avg: 2038.2, Max: 8320, Diff: 8320, Sum: 46879, Workers: 23
[69.712s][debug][gc,phases      ] GC(3)       Scanned Blocks:                Min: 0, Avg: 16.1, Max: 65, Diff: 65, Sum: 370, Workers: 23
[69.712s][debug][gc,phases      ] GC(3)       Claimed Chunks:                Min: 0, Avg: 16.0, Max: 65, Diff: 65, Sum: 369, Workers: 23
[69.712s][debug][gc,phases      ] GC(3)       Found Roots:                   Min: 0, Avg: 127027.8, Max: 262144, Diff: 262144, Sum: 2921639, Workers: 23
[69.712s][debug][gc,phases      ] GC(3)     Code Root Scan (ms):           Min:  0.0, Avg:  0.0, Max:  0.1, Diff:  0.1, Sum:  0.2, Workers: 23
[69.712s][debug][gc,phases      ] GC(3)     Object Copy (ms):              Min:  0.0, Avg: 11.6, Max: 16.6, Diff: 16.6, Sum: 267.5, Workers: 23
[69.712s][debug][gc,phases      ] GC(3)     Termination (ms):              Min:  0.0, Avg:  0.3, Max:  0.4, Diff:  0.3, Sum:  5.8, Workers: 23
[69.712s][debug][gc,phases      ] GC(3)       Termination Attempts:          Min: 1, Avg: 14.9, Max: 33, Diff: 32, Sum: 342, Workers: 23
[69.712s][debug][gc,phases      ] GC(3)     GC Worker Other (ms):          Min:  0.0, Avg:  0.8, Max: 17.5, Diff: 17.4, Sum: 19.0, Workers: 23
[69.712s][debug][gc,phases      ] GC(3)     GC Worker Total (ms):          Min:  0.1, Avg: 13.7, Max: 17.6, Diff: 17.4, Sum: 314.9, Workers: 23
[69.712s][info ][gc,phases      ] GC(3)   Post Evacuate Collection Set: 1.5ms
[69.712s][debug][gc,phases      ] GC(3)     NMethod List Cleanup: 0.0ms
[69.712s][debug][gc,phases      ] GC(3)     Reference Processing: 0.0ms
[69.712s][debug][gc,phases,ref  ] GC(3)       Notify Soft/WeakReferences: 0.0ms
[69.712s][debug][gc,phases,ref  ] GC(3)         SoftRef (ms):                  skipped
[69.712s][debug][gc,phases,ref  ] GC(3)         WeakRef (ms):                  skipped
[69.712s][debug][gc,phases,ref  ] GC(3)         FinalRef (ms):                 skipped
[69.712s][debug][gc,phases,ref  ] GC(3)         Total (ms):                    skipped
[69.712s][debug][gc,phases,ref  ] GC(3)       Notify and keep alive finalizable: 0.0ms
[69.712s][debug][gc,phases,ref  ] GC(3)         FinalRef (ms):                 skipped
[69.712s][debug][gc,phases,ref  ] GC(3)       Notify PhantomReferences: 0.0ms
[69.712s][debug][gc,phases,ref  ] GC(3)         PhantomRef (ms):               skipped
[69.712s][debug][gc,phases,ref  ] GC(3)       SoftReference Discovered: 0, Dropped: 0, Processed: 0
[69.712s][debug][gc,phases,ref  ] GC(3)       WeakReference Discovered: 0, Dropped: 0, Processed: 0
[69.712s][debug][gc,phases,ref  ] GC(3)       FinalReference Discovered: 0, Dropped: 0, Processed: 0
[69.712s][debug][gc,phases,ref  ] GC(3)       PhantomReference Discovered: 0, Dropped: 0, Processed: 0
[69.712s][debug][gc,phases      ] GC(3)     Weak Processing: 0.2ms
[69.712s][debug][gc,phases      ] GC(3)       VM Weak                        Min:  0.0, Avg:  0.0, Max:  0.0, Diff:  0.0, Sum:  0.0, Workers: 6
[69.712s][debug][gc,phases      ] GC(3)         Dead                           Min: 0, Avg:  0.0, Max: 0, Diff: 0, Sum: 0, Workers: 6
[69.712s][debug][gc,phases      ] GC(3)         Total                          Min: 0, Avg:  2.3, Max: 14, Diff: 14, Sum: 14, Workers: 6
[69.712s][debug][gc,phases      ] GC(3)       ObjectSynchronizer Weak        Min:  0.0, Avg:  0.0, Max:  0.0, Diff:  0.0, Sum:  0.0, Workers: 6
[69.712s][debug][gc,phases      ] GC(3)         Dead                           Min: 0, Avg:  0.0, Max: 0, Diff: 0, Sum: 0, Workers: 6
[69.712s][debug][gc,phases      ] GC(3)         Total                          Min: 0, Avg:  0.2, Max: 1, Diff: 1, Sum: 1, Workers: 6
[69.712s][debug][gc,phases      ] GC(3)       JVMTI Tag Weak OopStorage      Min:  0.0, Avg:  0.0, Max:  0.0, Diff:  0.0, Sum:  0.0, Workers: 6
[69.712s][debug][gc,phases      ] GC(3)         Dead                           Min: 0, Avg:  0.0, Max: 0, Diff: 0, Sum: 0, Workers: 6
[69.712s][debug][gc,phases      ] GC(3)         Total                          Min: 0, Avg:  0.0, Max: 0, Diff: 0, Sum: 0, Workers: 6
[69.712s][debug][gc,phases      ] GC(3)       StringTable Weak               Min:  0.0, Avg:  0.0, Max:  0.0, Diff:  0.0, Sum:  0.1, Workers: 6
[69.712s][debug][gc,phases      ] GC(3)         Dead                           Min: 0, Avg:  0.0, Max: 0, Diff: 0, Sum: 0, Workers: 6
[69.712s][debug][gc,phases      ] GC(3)         Total                          Min: 0, Avg: 952.7, Max: 3008, Diff: 3008, Sum: 5716, Workers: 6
[69.712s][debug][gc,phases      ] GC(3)       ResolvedMethodTable Weak       Min:  0.0, Avg:  0.0, Max:  0.0, Diff:  0.0, Sum:  0.0, Workers: 6
[69.712s][debug][gc,phases      ] GC(3)         Dead                           Min: 0, Avg:  0.0, Max: 0, Diff: 0, Sum: 0, Workers: 6
[69.712s][debug][gc,phases      ] GC(3)         Total                          Min: 0, Avg: 30.7, Max: 120, Diff: 120, Sum: 184, Workers: 6
[69.712s][debug][gc,phases      ] GC(3)       JNI Weak                       Min:  0.0, Avg:  0.0, Max:  0.0, Diff:  0.0, Sum:  0.0, Workers: 6
[69.712s][debug][gc,phases      ] GC(3)         Dead                           Min: 0, Avg:  0.0, Max: 0, Diff: 0, Sum: 0, Workers: 6
[69.712s][debug][gc,phases      ] GC(3)         Total                          Min: 0, Avg:  0.0, Max: 0, Diff: 0, Sum: 0, Workers: 6
[69.712s][debug][gc,phases      ] GC(3)       StringDedup Table Weak         Min:  0.0, Avg:  0.0, Max:  0.0, Diff:  0.0, Sum:  0.0, Workers: 6
[69.712s][debug][gc,phases      ] GC(3)         Dead                           Min: 0, Avg:  0.0, Max: 0, Diff: 0, Sum: 0, Workers: 6
[69.712s][debug][gc,phases      ] GC(3)         Total                          Min: 0, Avg:  0.0, Max: 0, Diff: 0, Sum: 0, Workers: 6
[69.713s][debug][gc,phases      ] GC(3)       StringDedup Requests0 Weak     Min:  0.0, Avg:  0.0, Max:  0.0, Diff:  0.0, Sum:  0.0, Workers: 6
[69.713s][debug][gc,phases      ] GC(3)         Dead                           Min: 0, Avg:  0.0, Max: 0, Diff: 0, Sum: 0, Workers: 6
[69.713s][debug][gc,phases      ] GC(3)         Total                          Min: 0, Avg:  0.0, Max: 0, Diff: 0, Sum: 0, Workers: 6
[69.713s][debug][gc,phases      ] GC(3)       StringDedup Requests1 Weak     Min:  0.0, Avg:  0.0, Max:  0.0, Diff:  0.0, Sum:  0.0, Workers: 6
[69.713s][debug][gc,phases      ] GC(3)         Dead                           Min: 0, Avg:  0.0, Max: 0, Diff: 0, Sum: 0, Workers: 6
[69.713s][debug][gc,phases      ] GC(3)         Total                          Min: 0, Avg:  0.0, Max: 0, Diff: 0, Sum: 0, Workers: 6
[69.713s][debug][gc,phases      ] GC(3)       Weak JFR Old Object Samples    Min:  0.0, Avg:  0.0, Max:  0.0, Diff:  0.0, Sum:  0.0, Workers: 6
[69.713s][debug][gc,phases      ] GC(3)         Dead                           Min: 0, Avg:  0.0, Max: 0, Diff: 0, Sum: 0, Workers: 6
[69.713s][debug][gc,phases      ] GC(3)         Total                          Min: 0, Avg:  0.0, Max: 0, Diff: 0, Sum: 0, Workers: 6
[69.713s][debug][gc,phases      ] GC(3)     Post Evacuate Cleanup 1: 0.6ms
[69.713s][debug][gc,phases      ] GC(3)       Merge Per-Thread State (ms):   Min:  0.4, Avg:  0.4, Max:  0.4, Diff:  0.0, Sum:  0.4, Workers: 1
[69.713s][debug][gc,phases      ] GC(3)         Copied Bytes                   Min: 0, Avg: 7112508.9, Max: 14914672, Diff: 14914672, Sum: 163587704, Workers: 23
[69.713s][debug][gc,phases      ] GC(3)         LAB Waste                      Min: 0, Avg: 92.5, Max: 216, Diff: 216, Sum: 2128, Workers: 23
[69.713s][debug][gc,phases      ] GC(3)         LAB Undo Waste                 Min: 0, Avg:  0.0, Max: 0, Diff: 0, Sum: 0, Workers: 23
[69.713s][debug][gc,phases      ] GC(3)       Clear Logged Cards (ms):       Min:  0.0, Avg:  0.2, Max:  0.5, Diff:  0.5, Sum:  3.6, Workers: 18
[69.713s][debug][gc,phases      ] GC(3)       Recalculate Used Memory (ms):  Min:  0.0, Avg:  0.0, Max:  0.0, Diff:  0.0, Sum:  0.0, Workers: 1
[69.713s][debug][gc,phases      ] GC(3)     Post Evacuate Cleanup 2: 0.4ms
[69.713s][debug][gc,phases      ] GC(3)       Update Derived Pointers (ms):  Min:  0.0, Avg:  0.0, Max:  0.0, Diff:  0.0, Sum:  0.0, Workers: 1
[69.713s][debug][gc,phases      ] GC(3)       Eagerly Reclaim Humongous Objects (ms): skipped
[69.713s][debug][gc,phases      ] GC(3)         Humongous Total                skipped
[69.713s][debug][gc,phases      ] GC(3)         Humongous Candidates           skipped
[69.713s][debug][gc,phases      ] GC(3)         Humongous Reclaimed            skipped
[69.713s][debug][gc,phases      ] GC(3)       Redirty Logged Cards (ms):     Min:  0.0, Avg:  0.0, Max:  0.1, Diff:  0.1, Sum:  0.6, Workers: 23
[69.713s][debug][gc,phases      ] GC(3)         Redirtied Cards:               Min: 0, Avg: 1311.8, Max: 5917, Diff: 5917, Sum: 30171, Workers: 23
[69.713s][debug][gc,phases      ] GC(3)       Resize TLABs (ms):             Min:  0.0, Avg:  0.0, Max:  0.0, Diff:  0.0, Sum:  0.0, Workers: 23
[69.713s][debug][gc,phases      ] GC(3)       Free Collection Set (ms):      Min:  0.0, Avg:  0.1, Max:  0.2, Diff:  0.2, Sum:  2.3, Workers: 23
[69.713s][debug][gc,phases      ] GC(3)     Rebuild Free List: 0.2ms
[69.713s][debug][gc,phases      ] GC(3)     Prepare For Mutator: 0.0ms
[69.713s][debug][gc,phases      ] GC(3)     Expand Heap After Collection: 0.0ms
[69.713s][info ][gc,phases      ] GC(3)   Other: 0.1ms
[69.713s][info ][gc,heap        ] GC(3) Eden regions: 1015->0(1001)
[69.713s][info ][gc,heap        ] GC(3) Survivor regions: 9->23(256)
[69.713s][info ][gc,heap        ] GC(3) Old regions: 141->141
[69.713s][info ][gc,heap        ] GC(3) Humongous regions: 7->7
[69.713s][info ][gc,metaspace   ] GC(3) Metaspace: 1295K(1408K)->1295K(1408K) NonClass: 1187K(1216K)->1187K(1216K) Class: 107K(192K)->107K(192K)
[69.713s][debug][gc,heap        ] GC(3) Heap after GC invocations=4 (full 1):
[69.713s][debug][gc,heap        ] GC(3)  garbage-first heap   total 16777216K, used 1347065K [0x0000000400000000, 0x0000000800000000)
[69.713s][debug][gc,heap        ] GC(3)   region size 8192K, 23 young (188416K), 23 survivors (188416K)
[69.713s][debug][gc,heap        ] GC(3)  Metaspace       used 1295K, committed 1408K, reserved 1114112K
[69.713s][debug][gc,heap        ] GC(3)   class space    used 107K, committed 192K, reserved 1048576K
[69.713s][info ][gc             ] GC(3) Pause Young (Normal) (G1 Evacuation Pause) 9323M->1315M(16384M) 20.945ms
[69.713s][info ][gc,cpu         ] GC(3) User=0.25s Sys=0.02s Real=0.02s
[69.713s][info ][safepoint      ] Safepoint "G1CollectForAllocation", Time since last: 22305472300 ns, Reaching safepoint: 7600 ns, Cleanup: 5300 ns, At safepoint: 20990800 ns, Total: 21003700 ns
[98.049s][info ][gc,start       ] GC(4) Pause Young (Normal) (G1 Evacuation Pause)
[98.049s][debug][gc,heap        ] GC(4) Heap before GC invocations=4 (full 1):
[98.049s][debug][gc,heap        ] GC(4)  garbage-first heap   total 16777216K, used 9547257K [0x0000000400000000, 0x0000000800000000)
[98.049s][debug][gc,heap        ] GC(4)   region size 8192K, 1024 young (8388608K), 23 survivors (188416K)
[98.049s][debug][gc,heap        ] GC(4)  Metaspace       used 1295K, committed 1408K, reserved 1114112K
[98.049s][debug][gc,heap        ] GC(4)   class space    used 107K, committed 192K, reserved 1048576K
[98.049s][info ][gc,task        ] GC(4) Using 23 workers of 23 for evacuation
[98.124s][debug][gc,ergo,heap   ] GC(4) Heap expansion: short term pause time ratio 0.09% long term pause time ratio 6.14% threshold 7.69% pause time ratio 7.69% fully expanded true resize by 0B
[98.124s][info ][gc,phases      ] GC(4)   Pre Evacuate Collection Set: 1.3ms
[98.124s][debug][gc,phases      ] GC(4)     Pre Evacuate Prepare: 0.1ms
[98.124s][debug][gc,phases      ] GC(4)       JT Retire TLABs And Flush Logs (ms): Min:  0.0, Avg:  0.0, Max:  0.0, Diff:  0.0, Sum:  0.0, Workers: 2
[98.124s][debug][gc,phases      ] GC(4)       Non-JT Flush Logs (ms):        Min:  0.0, Avg:  0.0, Max:  0.0, Diff:  0.0, Sum:  0.0, Workers: 1
[98.124s][debug][gc,phases      ] GC(4)     Choose Collection Set: 0.0ms
[98.124s][debug][gc,phases      ] GC(4)     Region Register: 1.2ms
[98.124s][debug][gc,phases      ] GC(4)     Prepare Heap Roots: 0.0ms
[98.124s][info ][gc,phases      ] GC(4)   Merge Heap Roots: 1.0ms
[98.124s][debug][gc,phases      ] GC(4)     Prepare Merge Heap Roots: 0.0ms
[98.124s][debug][gc,phases      ] GC(4)     Remembered Sets (ms):          Min:  0.0, Avg:  0.1, Max:  0.1, Diff:  0.1, Sum:  1.2, Workers: 23
[98.124s][debug][gc,phases      ] GC(4)       Eager Reclaim (ms):            skipped
[98.124s][debug][gc,phases      ] GC(4)       Merged Inline                  Min: 0, Avg:  0.0, Max: 0, Diff: 0, Sum: 0, Workers: 23
[98.124s][debug][gc,phases      ] GC(4)       Merged ArrayOfCards            Min: 0, Avg:  0.0, Max: 0, Diff: 0, Sum: 0, Workers: 23
[98.124s][debug][gc,phases      ] GC(4)       Merged Howl                    Min: 0, Avg:  0.0, Max: 0, Diff: 0, Sum: 0, Workers: 23
[98.124s][debug][gc,phases      ] GC(4)       Merged Full                    Min: 0, Avg:  0.0, Max: 0, Diff: 0, Sum: 0, Workers: 23
[98.124s][debug][gc,phases      ] GC(4)       Merged Howl Inline             Min: 0, Avg:  0.0, Max: 0, Diff: 0, Sum: 0, Workers: 23
[98.124s][debug][gc,phases      ] GC(4)       Merged Howl ArrayOfCards       Min: 0, Avg:  0.0, Max: 0, Diff: 0, Sum: 0, Workers: 23
[98.124s][debug][gc,phases      ] GC(4)       Merged Howl BitMap             Min: 0, Avg:  0.0, Max: 0, Diff: 0, Sum: 0, Workers: 23
[98.124s][debug][gc,phases      ] GC(4)       Merged Howl Full               Min: 0, Avg:  0.0, Max: 0, Diff: 0, Sum: 0, Workers: 23
[98.124s][debug][gc,phases      ] GC(4)       Merged Cards                   Min: 8, Avg:  8.0, Max: 8, Diff: 0, Sum: 184, Workers: 23
[98.124s][debug][gc,phases      ] GC(4)     Log Buffers (ms):              Min:  0.0, Avg:  0.2, Max:  0.6, Diff:  0.6, Sum:  3.9, Workers: 23
[98.125s][debug][gc,phases      ] GC(4)       Dirty Cards:                   Min: 0, Avg: 2357.4, Max: 10712, Diff: 10712, Sum: 54221, Workers: 23
[98.125s][debug][gc,phases      ] GC(4)       Skipped Cards:                 Min: 0, Avg:  0.0, Max: 0, Diff: 0, Sum: 0, Workers: 23
[98.125s][info ][gc,phases      ] GC(4)   Evacuate Collection Set: 69.7ms
[98.125s][debug][gc,phases      ] GC(4)     Ext Root Scanning (ms):        Min:  0.0, Avg:  0.0, Max:  0.1, Diff:  0.1, Sum:  0.4, Workers: 23
[98.125s][debug][gc,phases      ] GC(4)     Scan Heap Roots (ms):          Min:  0.0, Avg:  2.7, Max:  6.4, Diff:  6.4, Sum: 61.7, Workers: 23
[98.125s][debug][gc,phases      ] GC(4)       Scanned Cards:                 Min: 0, Avg: 2038.2, Max: 7936, Diff: 7936, Sum: 46878, Workers: 23
[98.125s][debug][gc,phases      ] GC(4)       Scanned Blocks:                Min: 0, Avg: 16.0, Max: 63, Diff: 63, Sum: 369, Workers: 23
[98.125s][debug][gc,phases      ] GC(4)       Claimed Chunks:                Min: 0, Avg: 16.0, Max: 63, Diff: 63, Sum: 369, Workers: 23
[98.125s][debug][gc,phases      ] GC(4)       Found Roots:                   Min: 0, Avg: 124254.5, Max: 245760, Diff: 245760, Sum: 2857854, Workers: 23
[98.125s][debug][gc,phases      ] GC(4)     Code Root Scan (ms):           Min:  0.0, Avg:  0.0, Max:  0.2, Diff:  0.2, Sum:  0.2, Workers: 23
[98.125s][debug][gc,phases      ] GC(4)     Object Copy (ms):              Min:  5.6, Avg: 42.2, Max: 67.0, Diff: 61.4, Sum: 969.6, Workers: 23
[98.125s][debug][gc,phases      ] GC(4)     Termination (ms):              Min:  0.2, Avg:  0.3, Max:  0.4, Diff:  0.2, Sum:  6.5, Workers: 23
[98.125s][debug][gc,phases      ] GC(4)       Termination Attempts:          Min: 1, Avg:  1.6, Max: 5, Diff: 4, Sum: 37, Workers: 23
[98.125s][debug][gc,phases      ] GC(4)     GC Worker Other (ms):          Min:  0.0, Avg:  0.3, Max:  5.4, Diff:  5.3, Sum:  7.6, Workers: 23
[98.125s][debug][gc,phases      ] GC(4)     GC Worker Total (ms):          Min:  6.0, Avg: 45.5, Max: 69.6, Diff: 63.5, Sum: 1046.0, Workers: 23
[98.125s][info ][gc,phases      ] GC(4)   Post Evacuate Collection Set: 2.1ms
[98.125s][debug][gc,phases      ] GC(4)     NMethod List Cleanup: 0.0ms
[98.125s][debug][gc,phases      ] GC(4)     Reference Processing: 0.0ms
[98.125s][debug][gc,phases,ref  ] GC(4)       Notify Soft/WeakReferences: 0.0ms
[98.125s][debug][gc,phases,ref  ] GC(4)         SoftRef (ms):                  skipped
[98.125s][debug][gc,phases,ref  ] GC(4)         WeakRef (ms):                  skipped
[98.125s][debug][gc,phases,ref  ] GC(4)         FinalRef (ms):                 skipped
[98.125s][debug][gc,phases,ref  ] GC(4)         Total (ms):                    skipped
[98.125s][debug][gc,phases,ref  ] GC(4)       Notify and keep alive finalizable: 0.0ms
[98.125s][debug][gc,phases,ref  ] GC(4)         FinalRef (ms):                 skipped
[98.125s][debug][gc,phases,ref  ] GC(4)       Notify PhantomReferences: 0.0ms
[98.125s][debug][gc,phases,ref  ] GC(4)         PhantomRef (ms):               skipped
[98.126s][debug][gc,phases,ref  ] GC(4)       SoftReference Discovered: 0, Dropped: 0, Processed: 0
[98.126s][debug][gc,phases,ref  ] GC(4)       WeakReference Discovered: 0, Dropped: 0, Processed: 0
[98.126s][debug][gc,phases,ref  ] GC(4)       FinalReference Discovered: 0, Dropped: 0, Processed: 0
[98.126s][debug][gc,phases,ref  ] GC(4)       PhantomReference Discovered: 0, Dropped: 0, Processed: 0
[98.126s][debug][gc,phases      ] GC(4)     Weak Processing: 0.1ms
[98.126s][debug][gc,phases      ] GC(4)       VM Weak                        Min:  0.0, Avg:  0.0, Max:  0.0, Diff:  0.0, Sum:  0.0, Workers: 6
[98.126s][debug][gc,phases      ] GC(4)         Dead                           Min: 0, Avg:  0.0, Max: 0, Diff: 0, Sum: 0, Workers: 6
[98.126s][debug][gc,phases      ] GC(4)         Total                          Min: 0, Avg:  2.3, Max: 14, Diff: 14, Sum: 14, Workers: 6
[98.126s][debug][gc,phases      ] GC(4)       ObjectSynchronizer Weak        Min:  0.0, Avg:  0.0, Max:  0.0, Diff:  0.0, Sum:  0.0, Workers: 6
[98.126s][debug][gc,phases      ] GC(4)         Dead                           Min: 0, Avg:  0.0, Max: 0, Diff: 0, Sum: 0, Workers: 6
[98.126s][debug][gc,phases      ] GC(4)         Total                          Min: 0, Avg:  0.2, Max: 1, Diff: 1, Sum: 1, Workers: 6
[98.126s][debug][gc,phases      ] GC(4)       JVMTI Tag Weak OopStorage      Min:  0.0, Avg:  0.0, Max:  0.0, Diff:  0.0, Sum:  0.0, Workers: 6
[98.126s][debug][gc,phases      ] GC(4)         Dead                           Min: 0, Avg:  0.0, Max: 0, Diff: 0, Sum: 0, Workers: 6
[98.126s][debug][gc,phases      ] GC(4)         Total                          Min: 0, Avg:  0.0, Max: 0, Diff: 0, Sum: 0, Workers: 6
[98.126s][debug][gc,phases      ] GC(4)       StringTable Weak               Min:  0.0, Avg:  0.0, Max:  0.0, Diff:  0.0, Sum:  0.1, Workers: 6
[98.126s][debug][gc,phases      ] GC(4)         Dead                           Min: 0, Avg:  0.0, Max: 0, Diff: 0, Sum: 0, Workers: 6
[98.126s][debug][gc,phases      ] GC(4)         Total                          Min: 0, Avg: 952.7, Max: 1600, Diff: 1600, Sum: 5716, Workers: 6
[98.126s][debug][gc,phases      ] GC(4)       ResolvedMethodTable Weak       Min:  0.0, Avg:  0.0, Max:  0.0, Diff:  0.0, Sum:  0.0, Workers: 6
[98.126s][debug][gc,phases      ] GC(4)         Dead                           Min: 0, Avg:  0.0, Max: 0, Diff: 0, Sum: 0, Workers: 6
[98.126s][debug][gc,phases      ] GC(4)         Total                          Min: 0, Avg: 30.7, Max: 64, Diff: 64, Sum: 184, Workers: 6
[98.126s][debug][gc,phases      ] GC(4)       JNI Weak                       Min:  0.0, Avg:  0.0, Max:  0.0, Diff:  0.0, Sum:  0.0, Workers: 6
[98.126s][debug][gc,phases      ] GC(4)         Dead                           Min: 0, Avg:  0.0, Max: 0, Diff: 0, Sum: 0, Workers: 6
[98.126s][debug][gc,phases      ] GC(4)         Total                          Min: 0, Avg:  0.0, Max: 0, Diff: 0, Sum: 0, Workers: 6
[98.126s][debug][gc,phases      ] GC(4)       StringDedup Table Weak         Min:  0.0, Avg:  0.0, Max:  0.0, Diff:  0.0, Sum:  0.0, Workers: 6
[98.126s][debug][gc,phases      ] GC(4)         Dead                           Min: 0, Avg:  0.0, Max: 0, Diff: 0, Sum: 0, Workers: 6
[98.126s][debug][gc,phases      ] GC(4)         Total                          Min: 0, Avg:  0.0, Max: 0, Diff: 0, Sum: 0, Workers: 6
[98.126s][debug][gc,phases      ] GC(4)       StringDedup Requests0 Weak     Min:  0.0, Avg:  0.0, Max:  0.0, Diff:  0.0, Sum:  0.0, Workers: 6
[98.126s][debug][gc,phases      ] GC(4)         Dead                           Min: 0, Avg:  0.0, Max: 0, Diff: 0, Sum: 0, Workers: 6
[98.127s][debug][gc,phases      ] GC(4)         Total                          Min: 0, Avg:  0.0, Max: 0, Diff: 0, Sum: 0, Workers: 6
[98.127s][debug][gc,phases      ] GC(4)       StringDedup Requests1 Weak     Min:  0.0, Avg:  0.0, Max:  0.0, Diff:  0.0, Sum:  0.0, Workers: 6
[98.127s][debug][gc,phases      ] GC(4)         Dead                           Min: 0, Avg:  0.0, Max: 0, Diff: 0, Sum: 0, Workers: 6
[98.127s][debug][gc,phases      ] GC(4)         Total                          Min: 0, Avg:  0.0, Max: 0, Diff: 0, Sum: 0, Workers: 6
[98.127s][debug][gc,phases      ] GC(4)       Weak JFR Old Object Samples    Min:  0.0, Avg:  0.0, Max:  0.0, Diff:  0.0, Sum:  0.0, Workers: 6
[98.127s][debug][gc,phases      ] GC(4)         Dead                           Min: 0, Avg:  0.0, Max: 0, Diff: 0, Sum: 0, Workers: 6
[98.127s][debug][gc,phases      ] GC(4)         Total                          Min: 0, Avg:  0.0, Max: 0, Diff: 0, Sum: 0, Workers: 6
[98.127s][debug][gc,phases      ] GC(4)     Post Evacuate Cleanup 1: 0.8ms
[98.127s][debug][gc,phases      ] GC(4)       Merge Per-Thread State (ms):   Min:  0.2, Avg:  0.2, Max:  0.2, Diff:  0.0, Sum:  0.2, Workers: 1
[98.127s][debug][gc,phases      ] GC(4)         Copied Bytes                   Min: 223440, Avg: 6957206.3, Max: 14168960, Diff: 13945520, Sum: 160015744, Workers: 23
[98.127s][debug][gc,phases      ] GC(4)         LAB Waste                      Min: 0, Avg: 106.1, Max: 248, Diff: 248, Sum: 2440, Workers: 23
[98.127s][debug][gc,phases      ] GC(4)         LAB Undo Waste                 Min: 0, Avg:  0.0, Max: 0, Diff: 0, Sum: 0, Workers: 23
[98.127s][debug][gc,phases      ] GC(4)       Clear Logged Cards (ms):       Min:  0.0, Avg:  0.3, Max:  0.7, Diff:  0.7, Sum:  6.1, Workers: 18
[98.127s][debug][gc,phases      ] GC(4)       Recalculate Used Memory (ms):  Min:  0.0, Avg:  0.0, Max:  0.0, Diff:  0.0, Sum:  0.0, Workers: 1
[98.127s][debug][gc,phases      ] GC(4)     Post Evacuate Cleanup 2: 1.0ms
[98.127s][debug][gc,phases      ] GC(4)       Update Derived Pointers (ms):  Min:  0.0, Avg:  0.0, Max:  0.0, Diff:  0.0, Sum:  0.0, Workers: 1
[98.127s][debug][gc,phases      ] GC(4)       Eagerly Reclaim Humongous Objects (ms): skipped
[98.127s][debug][gc,phases      ] GC(4)         Humongous Total                skipped
[98.127s][debug][gc,phases      ] GC(4)         Humongous Candidates           skipped
[98.127s][debug][gc,phases      ] GC(4)         Humongous Reclaimed            skipped
[98.127s][debug][gc,phases      ] GC(4)       Redirty Logged Cards (ms):     Min:  0.0, Avg:  0.1, Max:  0.2, Diff:  0.2, Sum:  1.5, Workers: 23
[98.127s][debug][gc,phases      ] GC(4)         Redirtied Cards:               Min: 0, Avg: 1508.1, Max: 6542, Diff: 6542, Sum: 34686, Workers: 23
[98.127s][debug][gc,phases      ] GC(4)       Resize TLABs (ms):             Min:  0.0, Avg:  0.0, Max:  0.0, Diff:  0.0, Sum:  0.0, Workers: 23
[98.127s][debug][gc,phases      ] GC(4)       Free Collection Set (ms):      Min:  0.0, Avg:  0.4, Max:  0.6, Diff:  0.6, Sum:  9.1, Workers: 23
[98.127s][debug][gc,phases      ] GC(4)     Rebuild Free List: 0.2ms
[98.127s][debug][gc,phases      ] GC(4)     Prepare For Mutator: 0.0ms
[98.127s][debug][gc,phases      ] GC(4)     Expand Heap After Collection: 0.0ms
[98.128s][info ][gc,phases      ] GC(4)   Other: 0.4ms
[98.128s][info ][gc,heap        ] GC(4) Eden regions: 1001->0(1002)
[98.128s][info ][gc,heap        ] GC(4) Survivor regions: 23->22(256)
[98.128s][info ][gc,heap        ] GC(4) Old regions: 141->141
[98.128s][info ][gc,heap        ] GC(4) Humongous regions: 7->7
[98.128s][info ][gc,metaspace   ] GC(4) Metaspace: 1295K(1408K)->1295K(1408K) NonClass: 1187K(1216K)->1187K(1216K) Class: 107K(192K)->107K(192K)
[98.128s][debug][gc,heap        ] GC(4) Heap after GC invocations=5 (full 1):
[98.128s][debug][gc,heap        ] GC(4)  garbage-first heap   total 16777216K, used 1337661K [0x0000000400000000, 0x0000000800000000)
[98.128s][debug][gc,heap        ] GC(4)   region size 8192K, 22 young (180224K), 22 survivors (180224K)
[98.128s][debug][gc,heap        ] GC(4)  Metaspace       used 1295K, committed 1408K, reserved 1114112K
[98.128s][debug][gc,heap        ] GC(4)   class space    used 107K, committed 192K, reserved 1048576K
[98.128s][info ][gc             ] GC(4) Pause Young (Normal) (G1 Evacuation Pause) 9323M->1306M(16384M) 79.035ms
[98.128s][info ][gc,cpu         ] GC(4) User=0.67s Sys=0.00s Real=0.08s
[98.128s][info ][safepoint      ] Safepoint "G1CollectForAllocation", Time since last: 28336108100 ns, Reaching safepoint: 5599 ns, Cleanup: 7701 ns, At safepoint: 79184700 ns, Total: 79198000 ns
[122.294s][info ][safepoint      ] Safepoint "Cleanup", Time since last: 24165117000 ns, Reaching safepoint: 388100 ns, Cleanup: 10000 ns, At safepoint: 18999 ns, Total: 417099 ns
[126.901s][info ][gc,start       ] GC(5) Pause Young (Normal) (G1 Evacuation Pause)
[126.901s][debug][gc,heap        ] GC(5) Heap before GC invocations=5 (full 1):
[126.901s][debug][gc,heap        ] GC(5)  garbage-first heap   total 16777216K, used 9546045K [0x0000000400000000, 0x0000000800000000)
[126.901s][debug][gc,heap        ] GC(5)   region size 8192K, 1024 young (8388608K), 22 survivors (180224K)
[126.901s][debug][gc,heap        ] GC(5)  Metaspace       used 1298K, committed 1472K, reserved 1114112K
[126.901s][debug][gc,heap        ] GC(5)   class space    used 107K, committed 192K, reserved 1048576K
[126.901s][info ][gc,task        ] GC(5) Using 23 workers of 23 for evacuation
[133.458s][debug][gc,ergo,heap   ] GC(5) Heap expansion: short term pause time ratio 0.26% long term pause time ratio 4.44% threshold 7.69% pause time ratio 7.69% fully expanded true resize by 0B
[133.458s][info ][gc,mmu         ] GC(5) MMU target violated: 201.0ms (200.0ms/201.0ms)
[133.458s][info ][gc,phases      ] GC(5)   Pre Evacuate Collection Set: 1.0ms
[133.458s][debug][gc,phases      ] GC(5)     Pre Evacuate Prepare: 0.1ms
[133.458s][debug][gc,phases      ] GC(5)       JT Retire TLABs And Flush Logs (ms): Min:  0.0, Avg:  0.0, Max:  0.0, Diff:  0.0, Sum:  0.0, Workers: 2
[133.458s][debug][gc,phases      ] GC(5)       Non-JT Flush Logs (ms):        Min:  0.0, Avg:  0.0, Max:  0.0, Diff:  0.0, Sum:  0.0, Workers: 1
[133.458s][debug][gc,phases      ] GC(5)     Choose Collection Set: 0.0ms
[133.458s][debug][gc,phases      ] GC(5)     Region Register: 0.9ms
[133.458s][debug][gc,phases      ] GC(5)     Prepare Heap Roots: 0.0ms
[133.458s][info ][gc,phases      ] GC(5)   Merge Heap Roots: 1.1ms
[133.458s][debug][gc,phases      ] GC(5)     Prepare Merge Heap Roots: 0.0ms
[133.458s][debug][gc,phases      ] GC(5)     Remembered Sets (ms):          Min:  0.0, Avg:  0.1, Max:  0.1, Diff:  0.1, Sum:  1.2, Workers: 23
[133.458s][debug][gc,phases      ] GC(5)       Eager Reclaim (ms):            skipped
[133.458s][debug][gc,phases      ] GC(5)       Merged Inline                  Min: 0, Avg:  0.0, Max: 0, Diff: 0, Sum: 0, Workers: 23
[133.458s][debug][gc,phases      ] GC(5)       Merged ArrayOfCards            Min: 0, Avg:  0.0, Max: 0, Diff: 0, Sum: 0, Workers: 23
[133.458s][debug][gc,phases      ] GC(5)       Merged Howl                    Min: 0, Avg:  0.0, Max: 0, Diff: 0, Sum: 0, Workers: 23
[133.458s][debug][gc,phases      ] GC(5)       Merged Full                    Min: 0, Avg:  0.0, Max: 0, Diff: 0, Sum: 0, Workers: 23
[133.458s][debug][gc,phases      ] GC(5)       Merged Howl Inline             Min: 0, Avg:  0.0, Max: 0, Diff: 0, Sum: 0, Workers: 23
[133.459s][debug][gc,phases      ] GC(5)       Merged Howl ArrayOfCards       Min: 0, Avg:  0.0, Max: 0, Diff: 0, Sum: 0, Workers: 23
[133.459s][debug][gc,phases      ] GC(5)       Merged Howl BitMap             Min: 0, Avg:  0.0, Max: 0, Diff: 0, Sum: 0, Workers: 23
[133.459s][debug][gc,phases      ] GC(5)       Merged Howl Full               Min: 0, Avg:  0.0, Max: 0, Diff: 0, Sum: 0, Workers: 23
[133.459s][debug][gc,phases      ] GC(5)       Merged Cards                   Min: 8, Avg:  8.0, Max: 8, Diff: 0, Sum: 184, Workers: 23
[133.459s][debug][gc,phases      ] GC(5)     Log Buffers (ms):              Min:  0.0, Avg:  0.4, Max:  0.7, Diff:  0.7, Sum:  9.8, Workers: 23
[133.459s][debug][gc,phases      ] GC(5)       Dirty Cards:                   Min: 0, Avg: 2575.5, Max: 6216, Diff: 6216, Sum: 59237, Workers: 23
[133.459s][debug][gc,phases      ] GC(5)       Skipped Cards:                 Min: 0, Avg:  0.0, Max: 0, Diff: 0, Sum: 0, Workers: 23
[133.459s][info ][gc,phases      ] GC(5)   Evacuate Collection Set: 6551.1ms
[133.459s][debug][gc,phases      ] GC(5)     Ext Root Scanning (ms):        Min:  0.0, Avg:  0.0, Max:  0.1, Diff:  0.1, Sum:  0.3, Workers: 23
[133.459s][debug][gc,phases      ] GC(5)     Scan Heap Roots (ms):          Min:  1.3, Avg:  2.7, Max:  6.8, Diff:  5.5, Sum: 63.2, Workers: 23
[133.459s][debug][gc,phases      ] GC(5)       Scanned Cards:                 Min: 640, Avg: 2038.3, Max: 7966, Diff: 7326, Sum: 46880, Workers: 23
[133.459s][debug][gc,phases      ] GC(5)       Scanned Blocks:                Min: 5, Avg: 16.1, Max: 65, Diff: 60, Sum: 371, Workers: 23
[133.459s][debug][gc,phases      ] GC(5)       Claimed Chunks:                Min: 5, Avg: 16.1, Max: 65, Diff: 60, Sum: 370, Workers: 23
[133.459s][debug][gc,phases      ] GC(5)       Found Roots:                   Min: 65536, Avg: 130435.0, Max: 212992, Diff: 147456, Sum: 3000004, Workers: 23
[133.459s][debug][gc,phases      ] GC(5)     Code Root Scan (ms):           Min:  0.0, Avg:  0.0, Max:  0.0, Diff:  0.0, Sum:  0.2, Workers: 23
[133.459s][debug][gc,phases      ] GC(5)     Object Copy (ms):              Min: 3567.6, Avg: 3919.0, Max: 4429.7, Diff: 862.1, Sum: 90138.1, Workers: 23
[133.459s][debug][gc,phases      ] GC(5)     Termination (ms):              Min: 2117.5, Avg: 2615.9, Max: 2948.8, Diff: 831.3, Sum: 60166.1, Workers: 23
[133.459s][debug][gc,phases      ] GC(5)       Termination Attempts:          Min: 64660, Avg: 72816.2, Max: 84064, Diff: 19404, Sum: 1674772, Workers: 23
[133.459s][debug][gc,phases      ] GC(5)     GC Worker Other (ms):          Min:  0.0, Avg:  0.2, Max:  1.8, Diff:  1.8, Sum:  4.5, Workers: 23
[133.460s][debug][gc,phases      ] GC(5)     GC Worker Total (ms):          Min: 6518.5, Avg: 6537.9, Max: 6550.9, Diff: 32.4, Sum: 150372.4, Workers: 23
[133.460s][info ][gc,phases      ] GC(5)   Post Evacuate Collection Set: 2.8ms
[133.460s][debug][gc,phases      ] GC(5)     NMethod List Cleanup: 0.0ms
[133.460s][debug][gc,phases      ] GC(5)     Reference Processing: 0.0ms
[133.460s][debug][gc,phases,ref  ] GC(5)       Notify Soft/WeakReferences: 0.0ms
[133.460s][debug][gc,phases,ref  ] GC(5)         SoftRef (ms):                  skipped
[133.460s][debug][gc,phases,ref  ] GC(5)         WeakRef (ms):                  skipped
[133.460s][debug][gc,phases,ref  ] GC(5)         FinalRef (ms):                 skipped
[133.460s][debug][gc,phases,ref  ] GC(5)         Total (ms):                    skipped
[133.460s][debug][gc,phases,ref  ] GC(5)       Notify and keep alive finalizable: 0.0ms
[133.460s][debug][gc,phases,ref  ] GC(5)         FinalRef (ms):                 skipped
[133.460s][debug][gc,phases,ref  ] GC(5)       Notify PhantomReferences: 0.0ms
[133.460s][debug][gc,phases,ref  ] GC(5)         PhantomRef (ms):               skipped
[133.460s][debug][gc,phases,ref  ] GC(5)       SoftReference Discovered: 0, Dropped: 0, Processed: 0
[133.460s][debug][gc,phases,ref  ] GC(5)       WeakReference Discovered: 0, Dropped: 0, Processed: 0
[133.460s][debug][gc,phases,ref  ] GC(5)       FinalReference Discovered: 0, Dropped: 0, Processed: 0
[133.460s][debug][gc,phases,ref  ] GC(5)       PhantomReference Discovered: 0, Dropped: 0, Processed: 0
[133.460s][debug][gc,phases      ] GC(5)     Weak Processing: 0.2ms
[133.460s][debug][gc,phases      ] GC(5)       VM Weak                        Min:  0.0, Avg:  0.0, Max:  0.0, Diff:  0.0, Sum:  0.0, Workers: 6
[133.460s][debug][gc,phases      ] GC(5)         Dead                           Min: 0, Avg:  0.0, Max: 0, Diff: 0, Sum: 0, Workers: 6
[133.460s][debug][gc,phases      ] GC(5)         Total                          Min: 0, Avg:  2.3, Max: 14, Diff: 14, Sum: 14, Workers: 6
[133.460s][debug][gc,phases      ] GC(5)       ObjectSynchronizer Weak        Min:  0.0, Avg:  0.0, Max:  0.0, Diff:  0.0, Sum:  0.0, Workers: 6
[133.460s][debug][gc,phases      ] GC(5)         Dead                           Min: 0, Avg:  0.0, Max: 0, Diff: 0, Sum: 0, Workers: 6
[133.460s][debug][gc,phases      ] GC(5)         Total                          Min: 0, Avg:  0.2, Max: 1, Diff: 1, Sum: 1, Workers: 6
[133.461s][debug][gc,phases      ] GC(5)       JVMTI Tag Weak OopStorage      Min:  0.0, Avg:  0.0, Max:  0.0, Diff:  0.0, Sum:  0.0, Workers: 6
[133.461s][debug][gc,phases      ] GC(5)         Dead                           Min: 0, Avg:  0.0, Max: 0, Diff: 0, Sum: 0, Workers: 6
[133.461s][debug][gc,phases      ] GC(5)         Total                          Min: 0, Avg:  0.0, Max: 0, Diff: 0, Sum: 0, Workers: 6
[133.461s][debug][gc,phases      ] GC(5)       StringTable Weak               Min:  0.0, Avg:  0.0, Max:  0.0, Diff:  0.0, Sum:  0.2, Workers: 6
[133.461s][debug][gc,phases      ] GC(5)         Dead                           Min: 0, Avg:  0.0, Max: 0, Diff: 0, Sum: 0, Workers: 6
[133.461s][debug][gc,phases      ] GC(5)         Total                          Min: 0, Avg: 952.7, Max: 1684, Diff: 1684, Sum: 5716, Workers: 6
[133.461s][debug][gc,phases      ] GC(5)       ResolvedMethodTable Weak       Min:  0.0, Avg:  0.0, Max:  0.0, Diff:  0.0, Sum:  0.0, Workers: 6
[133.461s][debug][gc,phases      ] GC(5)         Dead                           Min: 0, Avg:  0.0, Max: 0, Diff: 0, Sum: 0, Workers: 6
[133.461s][debug][gc,phases      ] GC(5)         Total                          Min: 0, Avg: 30.7, Max: 64, Diff: 64, Sum: 184, Workers: 6
[133.461s][debug][gc,phases      ] GC(5)       JNI Weak                       Min:  0.0, Avg:  0.0, Max:  0.0, Diff:  0.0, Sum:  0.0, Workers: 6
[133.461s][debug][gc,phases      ] GC(5)         Dead                           Min: 0, Avg:  0.0, Max: 0, Diff: 0, Sum: 0, Workers: 6
[133.461s][debug][gc,phases      ] GC(5)         Total                          Min: 0, Avg:  0.0, Max: 0, Diff: 0, Sum: 0, Workers: 6
[133.461s][debug][gc,phases      ] GC(5)       StringDedup Table Weak         Min:  0.0, Avg:  0.0, Max:  0.0, Diff:  0.0, Sum:  0.0, Workers: 6
[133.461s][debug][gc,phases      ] GC(5)         Dead                           Min: 0, Avg:  0.0, Max: 0, Diff: 0, Sum: 0, Workers: 6
[133.461s][debug][gc,phases      ] GC(5)         Total                          Min: 0, Avg:  0.0, Max: 0, Diff: 0, Sum: 0, Workers: 6
[133.461s][debug][gc,phases      ] GC(5)       StringDedup Requests0 Weak     Min:  0.0, Avg:  0.0, Max:  0.0, Diff:  0.0, Sum:  0.0, Workers: 6
[133.461s][debug][gc,phases      ] GC(5)         Dead                           Min: 0, Avg:  0.0, Max: 0, Diff: 0, Sum: 0, Workers: 6
[133.461s][debug][gc,phases      ] GC(5)         Total                          Min: 0, Avg:  0.0, Max: 0, Diff: 0, Sum: 0, Workers: 6
[133.461s][debug][gc,phases      ] GC(5)       StringDedup Requests1 Weak     Min:  0.0, Avg:  0.0, Max:  0.0, Diff:  0.0, Sum:  0.0, Workers: 6
[133.461s][debug][gc,phases      ] GC(5)         Dead                           Min: 0, Avg:  0.0, Max: 0, Diff: 0, Sum: 0, Workers: 6
[133.461s][debug][gc,phases      ] GC(5)         Total                          Min: 0, Avg:  0.0, Max: 0, Diff: 0, Sum: 0, Workers: 6
[133.461s][debug][gc,phases      ] GC(5)       Weak JFR Old Object Samples    Min:  0.0, Avg:  0.0, Max:  0.0, Diff:  0.0, Sum:  0.0, Workers: 6
[133.461s][debug][gc,phases      ] GC(5)         Dead                           Min: 0, Avg:  0.0, Max: 0, Diff: 0, Sum: 0, Workers: 6
[133.461s][debug][gc,phases      ] GC(5)         Total                          Min: 0, Avg:  0.0, Max: 0, Diff: 0, Sum: 0, Workers: 6
[133.461s][debug][gc,phases      ] GC(5)     Post Evacuate Cleanup 1: 1.4ms
[133.462s][debug][gc,phases      ] GC(5)       Merge Per-Thread State (ms):   Min:  0.4, Avg:  0.4, Max:  0.4, Diff:  0.0, Sum:  0.4, Workers: 1
[133.462s][debug][gc,phases      ] GC(5)         Copied Bytes                   Min: 30888072, Avg: 36321883.1, Max: 44351080, Diff: 13463008, Sum: 835403312, Workers: 23
[133.462s][debug][gc,phases      ] GC(5)         LAB Waste                      Min: 344, Avg: 432.3, Max: 544, Diff: 200, Sum: 9944, Workers: 23
[133.462s][debug][gc,phases      ] GC(5)         LAB Undo Waste                 Min: 0, Avg:  0.0, Max: 0, Diff: 0, Sum: 0, Workers: 23
[133.462s][debug][gc,phases      ] GC(5)       Clear Logged Cards (ms):       Min:  0.0, Avg:  0.6, Max:  1.2, Diff:  1.2, Sum: 10.6, Workers: 18
[133.462s][debug][gc,phases      ] GC(5)       Recalculate Used Memory (ms):  Min:  0.0, Avg:  0.0, Max:  0.0, Diff:  0.0, Sum:  0.0, Workers: 1
[133.462s][debug][gc,phases      ] GC(5)     Post Evacuate Cleanup 2: 0.9ms
[133.462s][debug][gc,phases      ] GC(5)       Update Derived Pointers (ms):  Min:  0.0, Avg:  0.0, Max:  0.0, Diff:  0.0, Sum:  0.0, Workers: 1
[133.462s][debug][gc,phases      ] GC(5)       Eagerly Reclaim Humongous Objects (ms): skipped
[133.462s][debug][gc,phases      ] GC(5)         Humongous Total                skipped
[133.462s][debug][gc,phases      ] GC(5)         Humongous Candidates           skipped
[133.462s][debug][gc,phases      ] GC(5)         Humongous Reclaimed            skipped
[133.462s][debug][gc,phases      ] GC(5)       Redirty Logged Cards (ms):     Min:  0.0, Avg:  0.1, Max:  0.2, Diff:  0.2, Sum:  1.9, Workers: 23
[133.462s][debug][gc,phases      ] GC(5)         Redirtied Cards:               Min: 0, Avg: 1601.9, Max: 3709, Diff: 3709, Sum: 36843, Workers: 23
[133.462s][debug][gc,phases      ] GC(5)       Resize TLABs (ms):             Min:  0.0, Avg:  0.0, Max:  0.0, Diff:  0.0, Sum:  0.0, Workers: 23
[133.462s][debug][gc,phases      ] GC(5)       Free Collection Set (ms):      Min:  0.0, Avg:  0.4, Max:  0.6, Diff:  0.6, Sum:  9.1, Workers: 23
[133.462s][debug][gc,phases      ] GC(5)     Rebuild Free List: 0.2ms
[133.462s][debug][gc,phases      ] GC(5)     Prepare For Mutator: 0.0ms
[133.462s][debug][gc,phases      ] GC(5)     Expand Heap After Collection: 0.0ms
[133.462s][info ][gc,phases      ] GC(5)   Other: 0.6ms
[133.462s][info ][gc,heap        ] GC(5) Eden regions: 1002->0(920)
[133.462s][info ][gc,heap        ] GC(5) Survivor regions: 22->104(256)
[133.462s][info ][gc,heap        ] GC(5) Old regions: 141->141
[133.462s][info ][gc,heap        ] GC(5) Humongous regions: 7->7
[133.463s][info ][gc,metaspace   ] GC(5) Metaspace: 1298K(1472K)->1298K(1472K) NonClass: 1191K(1280K)->1191K(1280K) Class: 107K(192K)->107K(192K)
[133.463s][debug][gc,heap        ] GC(5) Heap after GC invocations=6 (full 1):
[133.463s][debug][gc,heap        ] GC(5)  garbage-first heap   total 16777216K, used 2009540K [0x0000000400000000, 0x0000000800000000)
[133.463s][debug][gc,heap        ] GC(5)   region size 8192K, 104 young (851968K), 104 survivors (851968K)
[133.463s][debug][gc,heap        ] GC(5)  Metaspace       used 1298K, committed 1472K, reserved 1114112K
[133.463s][debug][gc,heap        ] GC(5)   class space    used 107K, committed 192K, reserved 1048576K
[133.463s][info ][gc             ] GC(5) Pause Young (Normal) (G1 Evacuation Pause) 9322M->1962M(16384M) 6561.793ms
[133.463s][info ][gc,cpu         ] GC(5) User=98.16s Sys=2.00s Real=6.56s
[133.463s][info ][safepoint      ] Safepoint "G1CollectForAllocation", Time since last: 4607342200 ns, Reaching safepoint: 6201 ns, Cleanup: 7799 ns, At safepoint: 6562031301 ns, Total: 6562045301 ns
[155.556s][info ][gc,start       ] GC(6) Pause Young (Normal) (G1 Evacuation Pause)
[155.556s][debug][gc,heap        ] GC(6) Heap before GC invocations=6 (full 1):
[155.556s][debug][gc,heap        ] GC(6)  garbage-first heap   total 16777216K, used 9546180K [0x0000000400000000, 0x0000000800000000)
[155.556s][debug][gc,heap        ] GC(6)   region size 8192K, 1024 young (8388608K), 104 survivors (851968K)
[155.556s][debug][gc,heap        ] GC(6)  Metaspace       used 1298K, committed 1472K, reserved 1114112K
[155.556s][debug][gc,heap        ] GC(6)   class space    used 107K, committed 192K, reserved 1048576K
[155.557s][info ][gc,task        ] GC(6) Using 23 workers of 23 for evacuation
[160.488s][debug][gc,ergo,heap   ] GC(6) Heap expansion: short term pause time ratio 18.56% long term pause time ratio 8.17% threshold 7.69% pause time ratio 7.69% fully expanded true resize by 0B
[160.488s][info ][gc,mmu         ] GC(6) MMU target violated: 201.0ms (200.0ms/201.0ms)
[160.489s][info ][gc,phases      ] GC(6)   Pre Evacuate Collection Set: 0.9ms
[160.489s][debug][gc,phases      ] GC(6)     Pre Evacuate Prepare: 0.0ms
[160.489s][debug][gc,phases      ] GC(6)       JT Retire TLABs And Flush Logs (ms): Min:  0.0, Avg:  0.0, Max:  0.0, Diff:  0.0, Sum:  0.0, Workers: 2
[160.489s][debug][gc,phases      ] GC(6)       Non-JT Flush Logs (ms):        Min:  0.0, Avg:  0.0, Max:  0.0, Diff:  0.0, Sum:  0.0, Workers: 1
[160.489s][debug][gc,phases      ] GC(6)     Choose Collection Set: 0.0ms
[160.489s][debug][gc,phases      ] GC(6)     Region Register: 0.9ms
[160.489s][debug][gc,phases      ] GC(6)     Prepare Heap Roots: 0.0ms
[160.489s][info ][gc,phases      ] GC(6)   Merge Heap Roots: 1.2ms
[160.489s][debug][gc,phases      ] GC(6)     Prepare Merge Heap Roots: 0.1ms
[160.489s][debug][gc,phases      ] GC(6)     Remembered Sets (ms):          Min:  0.0, Avg:  0.1, Max:  0.2, Diff:  0.2, Sum:  1.5, Workers: 23
[160.489s][debug][gc,phases      ] GC(6)       Eager Reclaim (ms):            skipped
[160.489s][debug][gc,phases      ] GC(6)       Merged Inline                  Min: 0, Avg:  0.0, Max: 0, Diff: 0, Sum: 0, Workers: 23
[160.489s][debug][gc,phases      ] GC(6)       Merged ArrayOfCards            Min: 0, Avg:  0.0, Max: 0, Diff: 0, Sum: 0, Workers: 23
[160.489s][debug][gc,phases      ] GC(6)       Merged Howl                    Min: 0, Avg:  0.0, Max: 0, Diff: 0, Sum: 0, Workers: 23
[160.489s][debug][gc,phases      ] GC(6)       Merged Full                    Min: 0, Avg:  0.0, Max: 0, Diff: 0, Sum: 0, Workers: 23
[160.489s][debug][gc,phases      ] GC(6)       Merged Howl Inline             Min: 0, Avg:  0.0, Max: 0, Diff: 0, Sum: 0, Workers: 23
[160.489s][debug][gc,phases      ] GC(6)       Merged Howl ArrayOfCards       Min: 0, Avg:  0.0, Max: 0, Diff: 0, Sum: 0, Workers: 23
[160.489s][debug][gc,phases      ] GC(6)       Merged Howl BitMap             Min: 0, Avg:  0.0, Max: 0, Diff: 0, Sum: 0, Workers: 23
[160.489s][debug][gc,phases      ] GC(6)       Merged Howl Full               Min: 0, Avg:  0.0, Max: 0, Diff: 0, Sum: 0, Workers: 23
[160.489s][debug][gc,phases      ] GC(6)       Merged Cards                   Min: 8, Avg:  8.0, Max: 8, Diff: 0, Sum: 184, Workers: 23
[160.489s][debug][gc,phases      ] GC(6)     Log Buffers (ms):              Min:  0.0, Avg:  0.1, Max:  0.6, Diff:  0.6, Sum:  3.1, Workers: 23
[160.489s][debug][gc,phases      ] GC(6)       Dirty Cards:                   Min: 0, Avg: 2620.9, Max: 23340, Diff: 23340, Sum: 60281, Workers: 23
[160.489s][debug][gc,phases      ] GC(6)       Skipped Cards:                 Min: 0, Avg:  0.0, Max: 0, Diff: 0, Sum: 0, Workers: 23
[160.490s][info ][gc,phases      ] GC(6)   Evacuate Collection Set: 4927.3ms
[160.490s][debug][gc,phases      ] GC(6)     Ext Root Scanning (ms):        Min:  0.0, Avg:  0.0, Max:  0.1, Diff:  0.1, Sum:  0.4, Workers: 23
[160.490s][debug][gc,phases      ] GC(6)     Scan Heap Roots (ms):          Min:  1.0, Avg:  8.8, Max: 74.1, Diff: 73.0, Sum: 201.3, Workers: 23
[160.490s][debug][gc,phases      ] GC(6)       Scanned Cards:                 Min: 512, Avg: 2038.2, Max: 16158, Diff: 15646, Sum: 46878, Workers: 23
[160.490s][debug][gc,phases      ] GC(6)       Scanned Blocks:                Min: 4, Avg: 16.0, Max: 129, Diff: 125, Sum: 369, Workers: 23
[160.490s][debug][gc,phases      ] GC(6)       Claimed Chunks:                Min: 4, Avg: 16.0, Max: 129, Diff: 125, Sum: 369, Workers: 23
[160.490s][debug][gc,phases      ] GC(6)       Found Roots:                   Min: 65536, Avg: 130435.0, Max: 296644, Diff: 231108, Sum: 3000004, Workers: 23
[160.490s][debug][gc,phases      ] GC(6)     Code Root Scan (ms):           Min:  0.0, Avg:  0.0, Max:  0.2, Diff:  0.2, Sum:  0.3, Workers: 23
[160.490s][debug][gc,phases      ] GC(6)     Object Copy (ms):              Min: 2703.3, Avg: 2941.7, Max: 3249.3, Diff: 546.0, Sum: 67658.3, Workers: 23
[160.490s][debug][gc,phases      ] GC(6)     Termination (ms):              Min: 1632.7, Avg: 1933.5, Max: 2161.9, Diff: 529.2, Sum: 44470.2, Workers: 23
[160.490s][debug][gc,phases      ] GC(6)       Termination Attempts:          Min: 46114, Avg: 52407.6, Max: 60535, Diff: 14421, Sum: 1205375, Workers: 23
[160.490s][debug][gc,phases      ] GC(6)     GC Worker Other (ms):          Min:  0.0, Avg:  0.1, Max:  0.3, Diff:  0.3, Sum:  1.7, Workers: 23
[160.490s][debug][gc,phases      ] GC(6)     GC Worker Total (ms):          Min: 4854.0, Avg: 4884.0, Max: 4927.2, Diff: 73.2, Sum: 112332.2, Workers: 23
[160.490s][info ][gc,phases      ] GC(6)   Post Evacuate Collection Set: 2.2ms
[160.490s][debug][gc,phases      ] GC(6)     NMethod List Cleanup: 0.0ms
[160.490s][debug][gc,phases      ] GC(6)     Reference Processing: 0.0ms
[160.490s][debug][gc,phases,ref  ] GC(6)       Notify Soft/WeakReferences: 0.0ms
[160.490s][debug][gc,phases,ref  ] GC(6)         SoftRef (ms):                  skipped
[160.490s][debug][gc,phases,ref  ] GC(6)         WeakRef (ms):                  skipped
[160.490s][debug][gc,phases,ref  ] GC(6)         FinalRef (ms):                 skipped
[160.490s][debug][gc,phases,ref  ] GC(6)         Total (ms):                    skipped
[160.490s][debug][gc,phases,ref  ] GC(6)       Notify and keep alive finalizable: 0.0ms
[160.490s][debug][gc,phases,ref  ] GC(6)         FinalRef (ms):                 skipped
[160.490s][debug][gc,phases,ref  ] GC(6)       Notify PhantomReferences: 0.0ms
[160.491s][debug][gc,phases,ref  ] GC(6)         PhantomRef (ms):               skipped
[160.491s][debug][gc,phases,ref  ] GC(6)       SoftReference Discovered: 0, Dropped: 0, Processed: 0
[160.491s][debug][gc,phases,ref  ] GC(6)       WeakReference Discovered: 0, Dropped: 0, Processed: 0
[160.491s][debug][gc,phases,ref  ] GC(6)       FinalReference Discovered: 0, Dropped: 0, Processed: 0
[160.491s][debug][gc,phases,ref  ] GC(6)       PhantomReference Discovered: 0, Dropped: 0, Processed: 0
[160.491s][debug][gc,phases      ] GC(6)     Weak Processing: 0.1ms
[160.491s][debug][gc,phases      ] GC(6)       VM Weak                        Min:  0.0, Avg:  0.0, Max:  0.0, Diff:  0.0, Sum:  0.0, Workers: 6
[160.491s][debug][gc,phases      ] GC(6)         Dead                           Min: 0, Avg:  0.0, Max: 0, Diff: 0, Sum: 0, Workers: 6
[160.491s][debug][gc,phases      ] GC(6)         Total                          Min: 0, Avg:  2.3, Max: 14, Diff: 14, Sum: 14, Workers: 6
[160.491s][debug][gc,phases      ] GC(6)       ObjectSynchronizer Weak        Min:  0.0, Avg:  0.0, Max:  0.0, Diff:  0.0, Sum:  0.0, Workers: 6
[160.491s][debug][gc,phases      ] GC(6)         Dead                           Min: 0, Avg:  0.0, Max: 0, Diff: 0, Sum: 0, Workers: 6
[160.491s][debug][gc,phases      ] GC(6)         Total                          Min: 0, Avg:  0.2, Max: 1, Diff: 1, Sum: 1, Workers: 6
[160.491s][debug][gc,phases      ] GC(6)       JVMTI Tag Weak OopStorage      Min:  0.0, Avg:  0.0, Max:  0.0, Diff:  0.0, Sum:  0.0, Workers: 6
[160.491s][debug][gc,phases      ] GC(6)         Dead                           Min: 0, Avg:  0.0, Max: 0, Diff: 0, Sum: 0, Workers: 6
[160.491s][debug][gc,phases      ] GC(6)         Total                          Min: 0, Avg:  0.0, Max: 0, Diff: 0, Sum: 0, Workers: 6
[160.491s][debug][gc,phases      ] GC(6)       StringTable Weak               Min:  0.0, Avg:  0.0, Max:  0.0, Diff:  0.0, Sum:  0.2, Workers: 6
[160.491s][debug][gc,phases      ] GC(6)         Dead                           Min: 0, Avg:  0.0, Max: 0, Diff: 0, Sum: 0, Workers: 6
[160.491s][debug][gc,phases      ] GC(6)         Total                          Min: 404, Avg: 952.7, Max: 1344, Diff: 940, Sum: 5716, Workers: 6
[160.491s][debug][gc,phases      ] GC(6)       ResolvedMethodTable Weak       Min:  0.0, Avg:  0.0, Max:  0.0, Diff:  0.0, Sum:  0.0, Workers: 6
[160.491s][debug][gc,phases      ] GC(6)         Dead                           Min: 0, Avg:  0.0, Max: 0, Diff: 0, Sum: 0, Workers: 6
[160.491s][debug][gc,phases      ] GC(6)         Total                          Min: 0, Avg: 30.7, Max: 64, Diff: 64, Sum: 184, Workers: 6
[160.491s][debug][gc,phases      ] GC(6)       JNI Weak                       Min:  0.0, Avg:  0.0, Max:  0.0, Diff:  0.0, Sum:  0.0, Workers: 6
[160.491s][debug][gc,phases      ] GC(6)         Dead                           Min: 0, Avg:  0.0, Max: 0, Diff: 0, Sum: 0, Workers: 6
[160.491s][debug][gc,phases      ] GC(6)         Total                          Min: 0, Avg:  0.0, Max: 0, Diff: 0, Sum: 0, Workers: 6
[160.491s][debug][gc,phases      ] GC(6)       StringDedup Table Weak         Min:  0.0, Avg:  0.0, Max:  0.0, Diff:  0.0, Sum:  0.0, Workers: 6
[160.492s][debug][gc,phases      ] GC(6)         Dead                           Min: 0, Avg:  0.0, Max: 0, Diff: 0, Sum: 0, Workers: 6
[160.492s][debug][gc,phases      ] GC(6)         Total                          Min: 0, Avg:  0.0, Max: 0, Diff: 0, Sum: 0, Workers: 6
[160.492s][debug][gc,phases      ] GC(6)       StringDedup Requests0 Weak     Min:  0.0, Avg:  0.0, Max:  0.0, Diff:  0.0, Sum:  0.0, Workers: 6
[160.492s][debug][gc,phases      ] GC(6)         Dead                           Min: 0, Avg:  0.0, Max: 0, Diff: 0, Sum: 0, Workers: 6
[160.492s][debug][gc,phases      ] GC(6)         Total                          Min: 0, Avg:  0.0, Max: 0, Diff: 0, Sum: 0, Workers: 6
[160.492s][debug][gc,phases      ] GC(6)       StringDedup Requests1 Weak     Min:  0.0, Avg:  0.0, Max:  0.0, Diff:  0.0, Sum:  0.0, Workers: 6
[160.492s][debug][gc,phases      ] GC(6)         Dead                           Min: 0, Avg:  0.0, Max: 0, Diff: 0, Sum: 0, Workers: 6
[160.492s][debug][gc,phases      ] GC(6)         Total                          Min: 0, Avg:  0.0, Max: 0, Diff: 0, Sum: 0, Workers: 6
[160.492s][debug][gc,phases      ] GC(6)       Weak JFR Old Object Samples    Min:  0.0, Avg:  0.0, Max:  0.0, Diff:  0.0, Sum:  0.0, Workers: 6
[160.492s][debug][gc,phases      ] GC(6)         Dead                           Min: 0, Avg:  0.0, Max: 0, Diff: 0, Sum: 0, Workers: 6
[160.492s][debug][gc,phases      ] GC(6)         Total                          Min: 0, Avg:  0.0, Max: 0, Diff: 0, Sum: 0, Workers: 6
[160.492s][debug][gc,phases      ] GC(6)     Post Evacuate Cleanup 1: 1.0ms
[160.492s][debug][gc,phases      ] GC(6)       Merge Per-Thread State (ms):   Min:  0.3, Avg:  0.3, Max:  0.3, Diff:  0.0, Sum:  0.3, Workers: 1
[160.492s][debug][gc,phases      ] GC(6)         Copied Bytes                   Min: 23402232, Avg: 28200877.9, Max: 40341712, Diff: 16939480, Sum: 648620192, Workers: 23
[160.492s][debug][gc,phases      ] GC(6)         LAB Waste                      Min: 112, Avg: 149.2, Max: 208, Diff: 96, Sum: 3432, Workers: 23
[160.492s][debug][gc,phases      ] GC(6)         LAB Undo Waste                 Min: 0, Avg:  0.0, Max: 0, Diff: 0, Sum: 0, Workers: 23
[160.492s][debug][gc,phases      ] GC(6)       Clear Logged Cards (ms):       Min:  0.0, Avg:  0.4, Max:  0.9, Diff:  0.9, Sum:  7.4, Workers: 18
[160.492s][debug][gc,phases      ] GC(6)       Recalculate Used Memory (ms):  Min:  0.0, Avg:  0.0, Max:  0.0, Diff:  0.0, Sum:  0.0, Workers: 1
[160.492s][debug][gc,phases      ] GC(6)     Post Evacuate Cleanup 2: 0.7ms
[160.492s][debug][gc,phases      ] GC(6)       Update Derived Pointers (ms):  Min:  0.0, Avg:  0.0, Max:  0.0, Diff:  0.0, Sum:  0.0, Workers: 1
[160.492s][debug][gc,phases      ] GC(6)       Eagerly Reclaim Humongous Objects (ms): skipped
[160.492s][debug][gc,phases      ] GC(6)         Humongous Total                skipped
[160.492s][debug][gc,phases      ] GC(6)         Humongous Candidates           skipped
[160.492s][debug][gc,phases      ] GC(6)         Humongous Reclaimed            skipped
[160.492s][debug][gc,phases      ] GC(6)       Redirty Logged Cards (ms):     Min:  0.0, Avg:  0.2, Max:  0.5, Diff:  0.5, Sum:  3.5, Workers: 23
[160.493s][debug][gc,phases      ] GC(6)         Redirtied Cards:               Min: 0, Avg: 2157.3, Max: 5400, Diff: 5400, Sum: 49617, Workers: 23
[160.493s][debug][gc,phases      ] GC(6)       Resize TLABs (ms):             Min:  0.0, Avg:  0.0, Max:  0.0, Diff:  0.0, Sum:  0.0, Workers: 23
[160.493s][debug][gc,phases      ] GC(6)       Free Collection Set (ms):      Min:  0.0, Avg:  0.3, Max:  0.4, Diff:  0.4, Sum:  6.1, Workers: 23
[160.493s][debug][gc,phases      ] GC(6)     Rebuild Free List: 0.2ms
[160.493s][debug][gc,phases      ] GC(6)     Prepare For Mutator: 0.0ms
[160.493s][debug][gc,phases      ] GC(6)     Expand Heap After Collection: 0.0ms
[160.493s][info ][gc,phases      ] GC(6)   Other: 0.4ms
[160.493s][info ][gc,heap        ] GC(6) Eden regions: 920->0(941)
[160.493s][info ][gc,heap        ] GC(6) Survivor regions: 104->83(256)
[160.493s][info ][gc,heap        ] GC(6) Old regions: 141->141
[160.493s][info ][gc,heap        ] GC(6) Humongous regions: 7->7
[160.493s][info ][gc,metaspace   ] GC(6) Metaspace: 1298K(1472K)->1298K(1472K) NonClass: 1191K(1280K)->1191K(1280K) Class: 107K(192K)->107K(192K)
[160.493s][debug][gc,heap        ] GC(6) Heap after GC invocations=7 (full 1):
[160.493s][debug][gc,heap        ] GC(6)  garbage-first heap   total 16777216K, used 1834612K [0x0000000400000000, 0x0000000800000000)
[160.493s][debug][gc,heap        ] GC(6)   region size 8192K, 83 young (679936K), 83 survivors (679936K)
[160.493s][debug][gc,heap        ] GC(6)  Metaspace       used 1298K, committed 1472K, reserved 1114112K
[160.493s][debug][gc,heap        ] GC(6)   class space    used 107K, committed 192K, reserved 1048576K
[160.493s][info ][gc             ] GC(6) Pause Young (Normal) (G1 Evacuation Pause) 9322M->1791M(16384M) 4936.909ms
[160.493s][info ][gc,cpu         ] GC(6) User=73.23s Sys=1.41s Real=4.94s
[160.493s][info ][safepoint      ] Safepoint "G1CollectForAllocation", Time since last: 22093276900 ns, Reaching safepoint: 6900 ns, Cleanup: 6700 ns, At safepoint: 4937084499 ns, Total: 4937098099 ns
[182.640s][info ][gc,start       ] GC(7) Pause Young (Normal) (G1 Evacuation Pause)
[182.640s][debug][gc,heap        ] GC(7) Heap before GC invocations=7 (full 1):
[182.640s][debug][gc,heap        ] GC(7)  garbage-first heap   total 16777216K, used 9543284K [0x0000000400000000, 0x0000000800000000)
[182.640s][debug][gc,heap        ] GC(7)   region size 8192K, 1024 young (8388608K), 83 survivors (679936K)
[182.641s][debug][gc,heap        ] GC(7)  Metaspace       used 1298K, committed 1472K, reserved 1114112K
[182.641s][debug][gc,heap        ] GC(7)   class space    used 107K, committed 192K, reserved 1048576K
[182.641s][info ][gc,task        ] GC(7) Using 23 workers of 23 for evacuation
[186.790s][debug][gc,ergo,heap   ] GC(7) Heap expansion: short term pause time ratio 18.25% long term pause time ratio 9.87% threshold 7.69% pause time ratio 7.69% fully expanded true resize by 0B
[186.790s][info ][gc,mmu         ] GC(7) MMU target violated: 201.0ms (200.0ms/201.0ms)
[186.790s][info ][gc,phases      ] GC(7)   Pre Evacuate Collection Set: 1.0ms
[186.790s][debug][gc,phases      ] GC(7)     Pre Evacuate Prepare: 0.1ms
[186.790s][debug][gc,phases      ] GC(7)       JT Retire TLABs And Flush Logs (ms): Min:  0.0, Avg:  0.0, Max:  0.0, Diff:  0.0, Sum:  0.0, Workers: 2
[186.790s][debug][gc,phases      ] GC(7)       Non-JT Flush Logs (ms):        Min:  0.0, Avg:  0.0, Max:  0.0, Diff:  0.0, Sum:  0.0, Workers: 1
[186.790s][debug][gc,phases      ] GC(7)     Choose Collection Set: 0.0ms
[186.790s][debug][gc,phases      ] GC(7)     Region Register: 0.8ms
[186.791s][debug][gc,phases      ] GC(7)     Prepare Heap Roots: 0.0ms
[186.791s][info ][gc,phases      ] GC(7)   Merge Heap Roots: 2.1ms
[186.791s][debug][gc,phases      ] GC(7)     Prepare Merge Heap Roots: 0.1ms
[186.791s][debug][gc,phases      ] GC(7)     Remembered Sets (ms):          Min:  0.0, Avg:  0.0, Max:  0.1, Diff:  0.1, Sum:  1.0, Workers: 23
[186.791s][debug][gc,phases      ] GC(7)       Eager Reclaim (ms):            skipped
[186.791s][debug][gc,phases      ] GC(7)       Merged Inline                  Min: 0, Avg:  0.0, Max: 0, Diff: 0, Sum: 0, Workers: 23
[186.791s][debug][gc,phases      ] GC(7)       Merged ArrayOfCards            Min: 0, Avg:  0.0, Max: 0, Diff: 0, Sum: 0, Workers: 23
[186.791s][debug][gc,phases      ] GC(7)       Merged Howl                    Min: 0, Avg:  0.0, Max: 0, Diff: 0, Sum: 0, Workers: 23
[186.791s][debug][gc,phases      ] GC(7)       Merged Full                    Min: 0, Avg:  0.0, Max: 0, Diff: 0, Sum: 0, Workers: 23
[186.791s][debug][gc,phases      ] GC(7)       Merged Howl Inline             Min: 0, Avg:  0.0, Max: 0, Diff: 0, Sum: 0, Workers: 23
[186.791s][debug][gc,phases      ] GC(7)       Merged Howl ArrayOfCards       Min: 0, Avg:  0.0, Max: 0, Diff: 0, Sum: 0, Workers: 23
[186.791s][debug][gc,phases      ] GC(7)       Merged Howl BitMap             Min: 0, Avg:  0.0, Max: 0, Diff: 0, Sum: 0, Workers: 23
[186.791s][debug][gc,phases      ] GC(7)       Merged Howl Full               Min: 0, Avg:  0.0, Max: 0, Diff: 0, Sum: 0, Workers: 23
[186.791s][debug][gc,phases      ] GC(7)       Merged Cards                   Min: 8, Avg:  8.0, Max: 8, Diff: 0, Sum: 184, Workers: 23
[186.791s][debug][gc,phases      ] GC(7)     Log Buffers (ms):              Min:  0.0, Avg:  0.1, Max:  1.3, Diff:  1.3, Sum:  2.6, Workers: 23
[186.791s][debug][gc,phases      ] GC(7)       Dirty Cards:                   Min: 0, Avg: 3176.3, Max: 38011, Diff: 38011, Sum: 73056, Workers: 23
[186.791s][debug][gc,phases      ] GC(7)       Skipped Cards:                 Min: 0, Avg:  0.0, Max: 0, Diff: 0, Sum: 0, Workers: 23
[186.791s][info ][gc,phases      ] GC(7)   Evacuate Collection Set: 4143.8ms
[186.791s][debug][gc,phases      ] GC(7)     Ext Root Scanning (ms):        Min:  0.0, Avg:  0.0, Max:  0.1, Diff:  0.1, Sum:  0.3, Workers: 23
[186.791s][debug][gc,phases      ] GC(7)     Scan Heap Roots (ms):          Min:  2.1, Avg:  8.0, Max: 58.1, Diff: 56.0, Sum: 184.3, Workers: 23
[186.791s][debug][gc,phases      ] GC(7)       Scanned Cards:                 Min: 1024, Avg: 2038.2, Max: 8064, Diff: 7040, Sum: 46879, Workers: 23
[186.791s][debug][gc,phases      ] GC(7)       Scanned Blocks:                Min: 8, Avg: 16.1, Max: 63, Diff: 55, Sum: 370, Workers: 23
[186.791s][debug][gc,phases      ] GC(7)       Claimed Chunks:                Min: 8, Avg: 16.0, Max: 63, Diff: 55, Sum: 369, Workers: 23
[186.791s][debug][gc,phases      ] GC(7)       Found Roots:                   Min: 131072, Avg: 184213.7, Max: 294912, Diff: 163840, Sum: 4236916, Workers: 23
[186.791s][debug][gc,phases      ] GC(7)     Code Root Scan (ms):           Min:  0.0, Avg:  0.0, Max:  0.1, Diff:  0.1, Sum:  0.3, Workers: 23
[186.791s][debug][gc,phases      ] GC(7)     Object Copy (ms):              Min: 2252.2, Avg: 2475.9, Max: 2736.3, Diff: 484.1, Sum: 56945.9, Workers: 23
[186.791s][debug][gc,phases      ] GC(7)     Termination (ms):              Min: 1353.0, Avg: 1607.8, Max: 1817.1, Diff: 464.1, Sum: 36980.1, Workers: 23
[186.791s][debug][gc,phases      ] GC(7)       Termination Attempts:          Min: 39737, Avg: 44198.6, Max: 50413, Diff: 10676, Sum: 1016568, Workers: 23
[186.792s][debug][gc,phases      ] GC(7)     GC Worker Other (ms):          Min:  0.0, Avg:  1.3, Max: 15.9, Diff: 15.9, Sum: 30.1, Workers: 23
[186.792s][debug][gc,phases      ] GC(7)     GC Worker Total (ms):          Min: 4055.4, Avg: 4093.1, Max: 4143.6, Diff: 88.2, Sum: 94141.0, Workers: 23
[186.792s][info ][gc,phases      ] GC(7)   Post Evacuate Collection Set: 2.4ms
[186.792s][debug][gc,phases      ] GC(7)     NMethod List Cleanup: 0.0ms
[186.792s][debug][gc,phases      ] GC(7)     Reference Processing: 0.0ms
[186.792s][debug][gc,phases,ref  ] GC(7)       Notify Soft/WeakReferences: 0.0ms
[186.792s][debug][gc,phases,ref  ] GC(7)         SoftRef (ms):                  skipped
[186.792s][debug][gc,phases,ref  ] GC(7)         WeakRef (ms):                  skipped
[186.792s][debug][gc,phases,ref  ] GC(7)         FinalRef (ms):                 skipped
[186.792s][debug][gc,phases,ref  ] GC(7)         Total (ms):                    skipped
[186.792s][debug][gc,phases,ref  ] GC(7)       Notify and keep alive finalizable: 0.0ms
[186.792s][debug][gc,phases,ref  ] GC(7)         FinalRef (ms):                 skipped
[186.792s][debug][gc,phases,ref  ] GC(7)       Notify PhantomReferences: 0.0ms
[186.792s][debug][gc,phases,ref  ] GC(7)         PhantomRef (ms):               skipped
[186.792s][debug][gc,phases,ref  ] GC(7)       SoftReference Discovered: 0, Dropped: 0, Processed: 0
[186.792s][debug][gc,phases,ref  ] GC(7)       WeakReference Discovered: 0, Dropped: 0, Processed: 0
[186.792s][debug][gc,phases,ref  ] GC(7)       FinalReference Discovered: 0, Dropped: 0, Processed: 0
[186.792s][debug][gc,phases,ref  ] GC(7)       PhantomReference Discovered: 0, Dropped: 0, Processed: 0
[186.792s][debug][gc,phases      ] GC(7)     Weak Processing: 0.1ms
[186.792s][debug][gc,phases      ] GC(7)       VM Weak                        Min:  0.0, Avg:  0.0, Max:  0.0, Diff:  0.0, Sum:  0.0, Workers: 6
[186.792s][debug][gc,phases      ] GC(7)         Dead                           Min: 0, Avg:  0.0, Max: 0, Diff: 0, Sum: 0, Workers: 6
[186.792s][debug][gc,phases      ] GC(7)         Total                          Min: 0, Avg:  2.3, Max: 14, Diff: 14, Sum: 14, Workers: 6
[186.792s][debug][gc,phases      ] GC(7)       ObjectSynchronizer Weak        Min:  0.0, Avg:  0.0, Max:  0.0, Diff:  0.0, Sum:  0.0, Workers: 6
[186.792s][debug][gc,phases      ] GC(7)         Dead                           Min: 0, Avg:  0.0, Max: 0, Diff: 0, Sum: 0, Workers: 6
[186.792s][debug][gc,phases      ] GC(7)         Total                          Min: 0, Avg:  0.2, Max: 1, Diff: 1, Sum: 1, Workers: 6
[186.793s][debug][gc,phases      ] GC(7)       JVMTI Tag Weak OopStorage      Min:  0.0, Avg:  0.0, Max:  0.0, Diff:  0.0, Sum:  0.0, Workers: 6
[186.793s][debug][gc,phases      ] GC(7)         Dead                           Min: 0, Avg:  0.0, Max: 0, Diff: 0, Sum: 0, Workers: 6
[186.793s][debug][gc,phases      ] GC(7)         Total                          Min: 0, Avg:  0.0, Max: 0, Diff: 0, Sum: 0, Workers: 6
[186.793s][debug][gc,phases      ] GC(7)       StringTable Weak               Min:  0.0, Avg:  0.0, Max:  0.0, Diff:  0.0, Sum:  0.2, Workers: 6
[186.793s][debug][gc,phases      ] GC(7)         Dead                           Min: 0, Avg:  0.0, Max: 0, Diff: 0, Sum: 0, Workers: 6
[186.793s][debug][gc,phases      ] GC(7)         Total                          Min: 448, Avg: 952.7, Max: 1408, Diff: 960, Sum: 5716, Workers: 6
[186.793s][debug][gc,phases      ] GC(7)       ResolvedMethodTable Weak       Min:  0.0, Avg:  0.0, Max:  0.0, Diff:  0.0, Sum:  0.0, Workers: 6
[186.793s][debug][gc,phases      ] GC(7)         Dead                           Min: 0, Avg:  0.0, Max: 0, Diff: 0, Sum: 0, Workers: 6
[186.793s][debug][gc,phases      ] GC(7)         Total                          Min: 0, Avg: 30.7, Max: 64, Diff: 64, Sum: 184, Workers: 6
[186.793s][debug][gc,phases      ] GC(7)       JNI Weak                       Min:  0.0, Avg:  0.0, Max:  0.0, Diff:  0.0, Sum:  0.0, Workers: 6
[186.793s][debug][gc,phases      ] GC(7)         Dead                           Min: 0, Avg:  0.0, Max: 0, Diff: 0, Sum: 0, Workers: 6
[186.793s][debug][gc,phases      ] GC(7)         Total                          Min: 0, Avg:  0.0, Max: 0, Diff: 0, Sum: 0, Workers: 6
[186.793s][debug][gc,phases      ] GC(7)       StringDedup Table Weak         Min:  0.0, Avg:  0.0, Max:  0.0, Diff:  0.0, Sum:  0.0, Workers: 6
[186.793s][debug][gc,phases      ] GC(7)         Dead                           Min: 0, Avg:  0.0, Max: 0, Diff: 0, Sum: 0, Workers: 6
[186.793s][debug][gc,phases      ] GC(7)         Total                          Min: 0, Avg:  0.0, Max: 0, Diff: 0, Sum: 0, Workers: 6
[186.793s][debug][gc,phases      ] GC(7)       StringDedup Requests0 Weak     Min:  0.0, Avg:  0.0, Max:  0.0, Diff:  0.0, Sum:  0.0, Workers: 6
[186.793s][debug][gc,phases      ] GC(7)         Dead                           Min: 0, Avg:  0.0, Max: 0, Diff: 0, Sum: 0, Workers: 6
[186.793s][debug][gc,phases      ] GC(7)         Total                          Min: 0, Avg:  0.0, Max: 0, Diff: 0, Sum: 0, Workers: 6
[186.793s][debug][gc,phases      ] GC(7)       StringDedup Requests1 Weak     Min:  0.0, Avg:  0.0, Max:  0.0, Diff:  0.0, Sum:  0.0, Workers: 6
[186.793s][debug][gc,phases      ] GC(7)         Dead                           Min: 0, Avg:  0.0, Max: 0, Diff: 0, Sum: 0, Workers: 6
[186.793s][debug][gc,phases      ] GC(7)         Total                          Min: 0, Avg:  0.0, Max: 0, Diff: 0, Sum: 0, Workers: 6
[186.793s][debug][gc,phases      ] GC(7)       Weak JFR Old Object Samples    Min:  0.0, Avg:  0.0, Max:  0.0, Diff:  0.0, Sum:  0.0, Workers: 6
[186.793s][debug][gc,phases      ] GC(7)         Dead                           Min: 0, Avg:  0.0, Max: 0, Diff: 0, Sum: 0, Workers: 6
[186.793s][debug][gc,phases      ] GC(7)         Total                          Min: 0, Avg:  0.0, Max: 0, Diff: 0, Sum: 0, Workers: 6
[186.793s][debug][gc,phases      ] GC(7)     Post Evacuate Cleanup 1: 1.1ms
[186.793s][debug][gc,phases      ] GC(7)       Merge Per-Thread State (ms):   Min:  0.4, Avg:  0.4, Max:  0.4, Diff:  0.0, Sum:  0.4, Workers: 1
[186.794s][debug][gc,phases      ] GC(7)         Copied Bytes                   Min: 23526192, Avg: 27702048.0, Max: 34896560, Diff: 11370368, Sum: 637147104, Workers: 23
[186.794s][debug][gc,phases      ] GC(7)         LAB Waste                      Min: 88, Avg: 148.5, Max: 216, Diff: 128, Sum: 3416, Workers: 23
[186.794s][debug][gc,phases      ] GC(7)         LAB Undo Waste                 Min: 0, Avg:  0.0, Max: 0, Diff: 0, Sum: 0, Workers: 23
[186.794s][debug][gc,phases      ] GC(7)       Clear Logged Cards (ms):       Min:  0.0, Avg:  0.5, Max:  0.6, Diff:  0.6, Sum:  9.3, Workers: 18
[186.794s][debug][gc,phases      ] GC(7)       Recalculate Used Memory (ms):  Min:  0.0, Avg:  0.0, Max:  0.0, Diff:  0.0, Sum:  0.0, Workers: 1
[186.794s][debug][gc,phases      ] GC(7)     Post Evacuate Cleanup 2: 1.0ms
[186.794s][debug][gc,phases      ] GC(7)       Update Derived Pointers (ms):  Min:  0.0, Avg:  0.0, Max:  0.0, Diff:  0.0, Sum:  0.0, Workers: 1
[186.794s][debug][gc,phases      ] GC(7)       Eagerly Reclaim Humongous Objects (ms): skipped
[186.794s][debug][gc,phases      ] GC(7)         Humongous Total                skipped
[186.794s][debug][gc,phases      ] GC(7)         Humongous Candidates           skipped
[186.794s][debug][gc,phases      ] GC(7)         Humongous Reclaimed            skipped
[186.794s][debug][gc,phases      ] GC(7)       Redirty Logged Cards (ms):     Min:  0.0, Avg:  0.2, Max:  0.3, Diff:  0.3, Sum:  4.1, Workers: 23
[186.794s][debug][gc,phases      ] GC(7)         Redirtied Cards:               Min: 0, Avg: 1947.1, Max: 5673, Diff: 5673, Sum: 44784, Workers: 23
[186.794s][debug][gc,phases      ] GC(7)       Resize TLABs (ms):             Min:  0.0, Avg:  0.0, Max:  0.0, Diff:  0.0, Sum:  0.0, Workers: 23
[186.794s][debug][gc,phases      ] GC(7)       Free Collection Set (ms):      Min:  0.0, Avg:  0.3, Max:  0.5, Diff:  0.5, Sum:  6.9, Workers: 23
[186.794s][debug][gc,phases      ] GC(7)     Rebuild Free List: 0.1ms
[186.794s][debug][gc,phases      ] GC(7)     Prepare For Mutator: 0.0ms
[186.794s][debug][gc,phases      ] GC(7)     Expand Heap After Collection: 0.0ms
[186.794s][info ][gc,phases      ] GC(7)   Other: 0.5ms
[186.794s][info ][gc,heap        ] GC(7) Eden regions: 941->0(943)
[186.794s][info ][gc,heap        ] GC(7) Survivor regions: 83->81(256)
[186.794s][info ][gc,heap        ] GC(7) Old regions: 141->141
[186.794s][info ][gc,heap        ] GC(7) Humongous regions: 7->7
[186.794s][info ][gc,metaspace   ] GC(7) Metaspace: 1298K(1472K)->1298K(1472K) NonClass: 1191K(1280K)->1191K(1280K) Class: 107K(192K)->107K(192K)
[186.794s][debug][gc,heap        ] GC(7) Heap after GC invocations=8 (full 1):
[186.795s][debug][gc,heap        ] GC(7)  garbage-first heap   total 16777216K, used 1822324K [0x0000000400000000, 0x0000000800000000)
[186.795s][debug][gc,heap        ] GC(7)   region size 8192K, 81 young (663552K), 81 survivors (663552K)
[186.795s][debug][gc,heap        ] GC(7)  Metaspace       used 1298K, committed 1472K, reserved 1114112K
[186.795s][debug][gc,heap        ] GC(7)   class space    used 107K, committed 192K, reserved 1048576K
[186.795s][info ][gc             ] GC(7) Pause Young (Normal) (G1 Evacuation Pause) 9319M->1779M(16384M) 4154.415ms
[186.795s][info ][gc,cpu         ] GC(7) User=62.25s Sys=0.97s Real=4.15s
[186.795s][info ][safepoint      ] Safepoint "G1CollectForAllocation", Time since last: 22146863201 ns, Reaching safepoint: 7200 ns, Cleanup: 9000 ns, At safepoint: 4154598800 ns, Total: 4154615000 ns
[208.377s][info ][gc,start       ] GC(8) Pause Young (Normal) (G1 Evacuation Pause)
[208.377s][debug][gc,heap        ] GC(8) Heap before GC invocations=8 (full 1):
[208.377s][debug][gc,heap        ] GC(8)  garbage-first heap   total 16777216K, used 9547380K [0x0000000400000000, 0x0000000800000000)
[208.377s][debug][gc,heap        ] GC(8)   region size 8192K, 1024 young (8388608K), 81 survivors (663552K)
[208.377s][debug][gc,heap        ] GC(8)  Metaspace       used 1298K, committed 1472K, reserved 1114112K
[208.378s][debug][gc,heap        ] GC(8)   class space    used 107K, committed 192K, reserved 1048576K
[208.378s][info ][gc,task        ] GC(8) Using 23 workers of 23 for evacuation
[215.530s][debug][gc,ergo,heap   ] GC(8) Heap expansion: short term pause time ratio 15.78% long term pause time ratio 10.70% threshold 7.69% pause time ratio 7.69% fully expanded true resize by 0B
[215.530s][info ][gc,mmu         ] GC(8) MMU target violated: 201.0ms (200.0ms/201.0ms)
[215.530s][info ][gc,phases      ] GC(8)   Pre Evacuate Collection Set: 0.6ms
[215.530s][debug][gc,phases      ] GC(8)     Pre Evacuate Prepare: 0.1ms
[215.530s][debug][gc,phases      ] GC(8)       JT Retire TLABs And Flush Logs (ms): Min:  0.0, Avg:  0.0, Max:  0.0, Diff:  0.0, Sum:  0.0, Workers: 2
[215.530s][debug][gc,phases      ] GC(8)       Non-JT Flush Logs (ms):        Min:  0.0, Avg:  0.0, Max:  0.0, Diff:  0.0, Sum:  0.0, Workers: 1
[215.530s][debug][gc,phases      ] GC(8)     Choose Collection Set: 0.0ms
[215.530s][debug][gc,phases      ] GC(8)     Region Register: 0.5ms
[215.530s][debug][gc,phases      ] GC(8)     Prepare Heap Roots: 0.0ms
[215.530s][info ][gc,phases      ] GC(8)   Merge Heap Roots: 0.6ms
[215.531s][debug][gc,phases      ] GC(8)     Prepare Merge Heap Roots: 0.0ms
[215.531s][debug][gc,phases      ] GC(8)     Remembered Sets (ms):          Min:  0.0, Avg:  0.0, Max:  0.1, Diff:  0.1, Sum:  1.1, Workers: 23
[215.531s][debug][gc,phases      ] GC(8)       Eager Reclaim (ms):            skipped
[215.531s][debug][gc,phases      ] GC(8)       Merged Inline                  Min: 0, Avg:  0.0, Max: 0, Diff: 0, Sum: 0, Workers: 23
[215.531s][debug][gc,phases      ] GC(8)       Merged ArrayOfCards            Min: 0, Avg:  0.0, Max: 0, Diff: 0, Sum: 0, Workers: 23
[215.531s][debug][gc,phases      ] GC(8)       Merged Howl                    Min: 0, Avg:  0.0, Max: 0, Diff: 0, Sum: 0, Workers: 23
[215.531s][debug][gc,phases      ] GC(8)       Merged Full                    Min: 0, Avg:  0.0, Max: 0, Diff: 0, Sum: 0, Workers: 23
[215.531s][debug][gc,phases      ] GC(8)       Merged Howl Inline             Min: 0, Avg:  0.0, Max: 0, Diff: 0, Sum: 0, Workers: 23
[215.531s][debug][gc,phases      ] GC(8)       Merged Howl ArrayOfCards       Min: 0, Avg:  0.0, Max: 0, Diff: 0, Sum: 0, Workers: 23
[215.531s][debug][gc,phases      ] GC(8)       Merged Howl BitMap             Min: 0, Avg:  0.0, Max: 0, Diff: 0, Sum: 0, Workers: 23
[215.531s][debug][gc,phases      ] GC(8)       Merged Howl Full               Min: 0, Avg:  0.0, Max: 0, Diff: 0, Sum: 0, Workers: 23
[215.531s][debug][gc,phases      ] GC(8)       Merged Cards                   Min: 8, Avg:  8.0, Max: 8, Diff: 0, Sum: 184, Workers: 23
[215.531s][debug][gc,phases      ] GC(8)     Log Buffers (ms):              Min:  0.0, Avg:  0.1, Max:  0.3, Diff:  0.3, Sum:  1.8, Workers: 23
[215.531s][debug][gc,phases      ] GC(8)       Dirty Cards:                   Min: 0, Avg: 2546.0, Max: 13922, Diff: 13922, Sum: 58559, Workers: 23
[215.531s][debug][gc,phases      ] GC(8)       Skipped Cards:                 Min: 0, Avg:  0.0, Max: 0, Diff: 0, Sum: 0, Workers: 23
[215.531s][info ][gc,phases      ] GC(8)   Evacuate Collection Set: 7148.5ms
[215.531s][debug][gc,phases      ] GC(8)     Ext Root Scanning (ms):        Min:  0.0, Avg:  0.0, Max:  0.1, Diff:  0.1, Sum:  0.4, Workers: 23
[215.531s][debug][gc,phases      ] GC(8)     Scan Heap Roots (ms):          Min:  2.2, Avg:  9.2, Max: 90.5, Diff: 88.3, Sum: 211.7, Workers: 23
[215.531s][debug][gc,phases      ] GC(8)       Scanned Cards:                 Min: 1152, Avg: 2038.2, Max: 3840, Diff: 2688, Sum: 46878, Workers: 23
[215.531s][debug][gc,phases      ] GC(8)       Scanned Blocks:                Min: 9, Avg: 16.0, Max: 30, Diff: 21, Sum: 369, Workers: 23
[215.531s][debug][gc,phases      ] GC(8)       Claimed Chunks:                Min: 9, Avg: 16.0, Max: 30, Diff: 21, Sum: 369, Workers: 23
[215.531s][debug][gc,phases      ] GC(8)       Found Roots:                   Min: 138440, Avg: 251066.8, Max: 491520, Diff: 353080, Sum: 5774536, Workers: 23
[215.531s][debug][gc,phases      ] GC(8)     Code Root Scan (ms):           Min:  0.0, Avg:  0.0, Max:  0.1, Diff:  0.1, Sum:  0.2, Workers: 23
[215.532s][debug][gc,phases      ] GC(8)     Object Copy (ms):              Min: 3957.9, Avg: 4286.2, Max: 4741.9, Diff: 784.0, Sum: 98582.1, Workers: 23
[215.532s][debug][gc,phases      ] GC(8)     Termination (ms):              Min: 2402.9, Avg: 2818.5, Max: 3124.3, Diff: 721.4, Sum: 64826.2, Workers: 23
[215.532s][debug][gc,phases      ] GC(8)       Termination Attempts:          Min: 72216, Avg: 80013.0, Max: 90311, Diff: 18095, Sum: 1840300, Workers: 23
[215.532s][debug][gc,phases      ] GC(8)     GC Worker Other (ms):          Min:  0.0, Avg:  0.1, Max:  0.2, Diff:  0.1, Sum:  1.4, Workers: 23
[215.532s][debug][gc,phases      ] GC(8)     GC Worker Total (ms):          Min: 7052.5, Avg: 7114.0, Max: 7148.3, Diff: 95.8, Sum: 163622.0, Workers: 23
[215.532s][info ][gc,phases      ] GC(8)   Post Evacuate Collection Set: 2.4ms
[215.532s][debug][gc,phases      ] GC(8)     NMethod List Cleanup: 0.0ms
[215.532s][debug][gc,phases      ] GC(8)     Reference Processing: 0.0ms
[215.532s][debug][gc,phases,ref  ] GC(8)       Notify Soft/WeakReferences: 0.0ms
[215.532s][debug][gc,phases,ref  ] GC(8)         SoftRef (ms):                  skipped
[215.532s][debug][gc,phases,ref  ] GC(8)         WeakRef (ms):                  skipped
[215.532s][debug][gc,phases,ref  ] GC(8)         FinalRef (ms):                 skipped
[215.532s][debug][gc,phases,ref  ] GC(8)         Total (ms):                    skipped
[215.532s][debug][gc,phases,ref  ] GC(8)       Notify and keep alive finalizable: 0.0ms
[215.532s][debug][gc,phases,ref  ] GC(8)         FinalRef (ms):                 skipped
[215.532s][debug][gc,phases,ref  ] GC(8)       Notify PhantomReferences: 0.0ms
[215.532s][debug][gc,phases,ref  ] GC(8)         PhantomRef (ms):               skipped
[215.532s][debug][gc,phases,ref  ] GC(8)       SoftReference Discovered: 0, Dropped: 0, Processed: 0
[215.532s][debug][gc,phases,ref  ] GC(8)       WeakReference Discovered: 0, Dropped: 0, Processed: 0
[215.532s][debug][gc,phases,ref  ] GC(8)       FinalReference Discovered: 0, Dropped: 0, Processed: 0
[215.532s][debug][gc,phases,ref  ] GC(8)       PhantomReference Discovered: 0, Dropped: 0, Processed: 0
[215.532s][debug][gc,phases      ] GC(8)     Weak Processing: 0.1ms
[215.532s][debug][gc,phases      ] GC(8)       VM Weak                        Min:  0.0, Avg:  0.0, Max:  0.0, Diff:  0.0, Sum:  0.0, Workers: 6
[215.532s][debug][gc,phases      ] GC(8)         Dead                           Min: 0, Avg:  0.0, Max: 0, Diff: 0, Sum: 0, Workers: 6
[215.532s][debug][gc,phases      ] GC(8)         Total                          Min: 0, Avg:  2.3, Max: 14, Diff: 14, Sum: 14, Workers: 6
[215.532s][debug][gc,phases      ] GC(8)       ObjectSynchronizer Weak        Min:  0.0, Avg:  0.0, Max:  0.0, Diff:  0.0, Sum:  0.0, Workers: 6
[215.533s][debug][gc,phases      ] GC(8)         Dead                           Min: 0, Avg:  0.0, Max: 0, Diff: 0, Sum: 0, Workers: 6
[215.533s][debug][gc,phases      ] GC(8)         Total                          Min: 0, Avg:  0.2, Max: 1, Diff: 1, Sum: 1, Workers: 6
[215.533s][debug][gc,phases      ] GC(8)       JVMTI Tag Weak OopStorage      Min:  0.0, Avg:  0.0, Max:  0.0, Diff:  0.0, Sum:  0.0, Workers: 6
[215.533s][debug][gc,phases      ] GC(8)         Dead                           Min: 0, Avg:  0.0, Max: 0, Diff: 0, Sum: 0, Workers: 6
[215.533s][debug][gc,phases      ] GC(8)         Total                          Min: 0, Avg:  0.0, Max: 0, Diff: 0, Sum: 0, Workers: 6
[215.533s][debug][gc,phases      ] GC(8)       StringTable Weak               Min:  0.0, Avg:  0.0, Max:  0.1, Diff:  0.0, Sum:  0.2, Workers: 6
[215.533s][debug][gc,phases      ] GC(8)         Dead                           Min: 0, Avg:  0.0, Max: 0, Diff: 0, Sum: 0, Workers: 6
[215.533s][debug][gc,phases      ] GC(8)         Total                          Min: 192, Avg: 952.7, Max: 2068, Diff: 1876, Sum: 5716, Workers: 6
[215.533s][debug][gc,phases      ] GC(8)       ResolvedMethodTable Weak       Min:  0.0, Avg:  0.0, Max:  0.0, Diff:  0.0, Sum:  0.0, Workers: 6
[215.533s][debug][gc,phases      ] GC(8)         Dead                           Min: 0, Avg:  0.0, Max: 0, Diff: 0, Sum: 0, Workers: 6
[215.533s][debug][gc,phases      ] GC(8)         Total                          Min: 0, Avg: 30.7, Max: 64, Diff: 64, Sum: 184, Workers: 6
[215.533s][debug][gc,phases      ] GC(8)       JNI Weak                       Min:  0.0, Avg:  0.0, Max:  0.0, Diff:  0.0, Sum:  0.0, Workers: 6
[215.533s][debug][gc,phases      ] GC(8)         Dead                           Min: 0, Avg:  0.0, Max: 0, Diff: 0, Sum: 0, Workers: 6
[215.533s][debug][gc,phases      ] GC(8)         Total                          Min: 0, Avg:  0.0, Max: 0, Diff: 0, Sum: 0, Workers: 6
[215.533s][debug][gc,phases      ] GC(8)       StringDedup Table Weak         Min:  0.0, Avg:  0.0, Max:  0.0, Diff:  0.0, Sum:  0.0, Workers: 6
[215.533s][debug][gc,phases      ] GC(8)         Dead                           Min: 0, Avg:  0.0, Max: 0, Diff: 0, Sum: 0, Workers: 6
[215.533s][debug][gc,phases      ] GC(8)         Total                          Min: 0, Avg:  0.0, Max: 0, Diff: 0, Sum: 0, Workers: 6
[215.533s][debug][gc,phases      ] GC(8)       StringDedup Requests0 Weak     Min:  0.0, Avg:  0.0, Max:  0.0, Diff:  0.0, Sum:  0.0, Workers: 6
[215.533s][debug][gc,phases      ] GC(8)         Dead                           Min: 0, Avg:  0.0, Max: 0, Diff: 0, Sum: 0, Workers: 6
[215.533s][debug][gc,phases      ] GC(8)         Total                          Min: 0, Avg:  0.0, Max: 0, Diff: 0, Sum: 0, Workers: 6
[215.533s][debug][gc,phases      ] GC(8)       StringDedup Requests1 Weak     Min:  0.0, Avg:  0.0, Max:  0.0, Diff:  0.0, Sum:  0.0, Workers: 6
[215.533s][debug][gc,phases      ] GC(8)         Dead                           Min: 0, Avg:  0.0, Max: 0, Diff: 0, Sum: 0, Workers: 6
[215.533s][debug][gc,phases      ] GC(8)         Total                          Min: 0, Avg:  0.0, Max: 0, Diff: 0, Sum: 0, Workers: 6
[215.533s][debug][gc,phases      ] GC(8)       Weak JFR Old Object Samples    Min:  0.0, Avg:  0.0, Max:  0.0, Diff:  0.0, Sum:  0.0, Workers: 6
[215.533s][debug][gc,phases      ] GC(8)         Dead                           Min: 0, Avg:  0.0, Max: 0, Diff: 0, Sum: 0, Workers: 6
[215.534s][debug][gc,phases      ] GC(8)         Total                          Min: 0, Avg:  0.0, Max: 0, Diff: 0, Sum: 0, Workers: 6
[215.534s][debug][gc,phases      ] GC(8)     Post Evacuate Cleanup 1: 1.1ms
[215.534s][debug][gc,phases      ] GC(8)       Merge Per-Thread State (ms):   Min:  0.3, Avg:  0.3, Max:  0.3, Diff:  0.0, Sum:  0.3, Workers: 1
[215.534s][debug][gc,phases      ] GC(8)         Copied Bytes                   Min: 36648024, Avg: 45355731.5, Max: 61208072, Diff: 24560048, Sum: 1043181824, Workers: 23
[215.534s][debug][gc,phases      ] GC(8)         LAB Waste                      Min: 160, Avg: 241.4, Max: 336, Diff: 176, Sum: 5552, Workers: 23
[215.534s][debug][gc,phases      ] GC(8)         LAB Undo Waste                 Min: 0, Avg:  0.0, Max: 0, Diff: 0, Sum: 0, Workers: 23
[215.534s][debug][gc,phases      ] GC(8)       Clear Logged Cards (ms):       Min:  0.0, Avg:  0.5, Max:  1.0, Diff:  1.0, Sum:  8.5, Workers: 18
[215.534s][debug][gc,phases      ] GC(8)       Recalculate Used Memory (ms):  Min:  0.0, Avg:  0.0, Max:  0.0, Diff:  0.0, Sum:  0.0, Workers: 1
[215.534s][debug][gc,phases      ] GC(8)     Post Evacuate Cleanup 2: 0.9ms
[215.534s][debug][gc,phases      ] GC(8)       Update Derived Pointers (ms):  Min:  0.0, Avg:  0.0, Max:  0.0, Diff:  0.0, Sum:  0.0, Workers: 1
[215.534s][debug][gc,phases      ] GC(8)       Eagerly Reclaim Humongous Objects (ms): skipped
[215.534s][debug][gc,phases      ] GC(8)         Humongous Total                skipped
[215.534s][debug][gc,phases      ] GC(8)         Humongous Candidates           skipped
[215.534s][debug][gc,phases      ] GC(8)         Humongous Reclaimed            skipped
[215.534s][debug][gc,phases      ] GC(8)       Redirty Logged Cards (ms):     Min:  0.0, Avg:  0.1, Max:  0.2, Diff:  0.2, Sum:  2.2, Workers: 23
[215.534s][debug][gc,phases      ] GC(8)         Redirtied Cards:               Min: 0, Avg: 2528.0, Max: 5705, Diff: 5705, Sum: 58144, Workers: 23
[215.534s][debug][gc,phases      ] GC(8)       Resize TLABs (ms):             Min:  0.0, Avg:  0.0, Max:  0.0, Diff:  0.0, Sum:  0.0, Workers: 23
[215.534s][debug][gc,phases      ] GC(8)       Free Collection Set (ms):      Min:  0.0, Avg:  0.4, Max:  0.6, Diff:  0.5, Sum:  8.3, Workers: 23
[215.534s][debug][gc,phases      ] GC(8)     Rebuild Free List: 0.3ms
[215.534s][debug][gc,phases      ] GC(8)     Prepare For Mutator: 0.0ms
[215.534s][debug][gc,phases      ] GC(8)     Expand Heap After Collection: 0.0ms
[215.534s][info ][gc,phases      ] GC(8)   Other: 0.4ms
[215.534s][info ][gc,heap        ] GC(8) Eden regions: 943->0(894)
[215.534s][info ][gc,heap        ] GC(8) Survivor regions: 81->130(256)
[215.535s][info ][gc,heap        ] GC(8) Old regions: 141->141
[215.535s][info ][gc,heap        ] GC(8) Humongous regions: 7->7
[215.535s][info ][gc,metaspace   ] GC(8) Metaspace: 1298K(1472K)->1298K(1472K) NonClass: 1191K(1280K)->1191K(1280K) Class: 107K(192K)->107K(192K)
[215.535s][debug][gc,heap        ] GC(8) Heap after GC invocations=9 (full 1):
[215.535s][debug][gc,heap        ] GC(8)  garbage-first heap   total 16777216K, used 2223732K [0x0000000400000000, 0x0000000800000000)
[215.535s][debug][gc,heap        ] GC(8)   region size 8192K, 130 young (1064960K), 130 survivors (1064960K)
[215.535s][debug][gc,heap        ] GC(8)  Metaspace       used 1298K, committed 1472K, reserved 1114112K
[215.535s][debug][gc,heap        ] GC(8)   class space    used 107K, committed 192K, reserved 1048576K
[215.535s][info ][gc             ] GC(8) Pause Young (Normal) (G1 Evacuation Pause) 9323M->2171M(16384M) 7157.629ms
[215.535s][info ][gc,cpu         ] GC(8) User=107.98s Sys=1.88s Real=7.16s
[215.535s][info ][safepoint      ] Safepoint "G1CollectForAllocation", Time since last: 21582386199 ns, Reaching safepoint: 3901 ns, Cleanup: 4400 ns, At safepoint: 7157820000 ns, Total: 7157828301 ns
[236.818s][info ][gc,start       ] GC(9) Pause Young (Normal) (G1 Evacuation Pause)
[236.819s][debug][gc,heap        ] GC(9) Heap before GC invocations=9 (full 1):
[236.819s][debug][gc,heap        ] GC(9)  garbage-first heap   total 16777216K, used 9547380K [0x0000000400000000, 0x0000000800000000)
[236.819s][debug][gc,heap        ] GC(9)   region size 8192K, 1024 young (8388608K), 130 survivors (1064960K)
[236.819s][debug][gc,heap        ] GC(9)  Metaspace       used 1298K, committed 1472K, reserved 1114112K
[236.819s][debug][gc,heap        ] GC(9)   class space    used 107K, committed 192K, reserved 1048576K
[236.819s][info ][gc,task        ] GC(9) Using 23 workers of 23 for evacuation
[241.599s][debug][gc,ergo,heap   ] GC(9) Heap expansion: short term pause time ratio 24.89% long term pause time ratio 12.59% threshold 7.69% pause time ratio 7.69% fully expanded true resize by 0B
[241.599s][info ][gc,mmu         ] GC(9) MMU target violated: 201.0ms (200.0ms/201.0ms)
[241.599s][info ][gc,phases      ] GC(9)   Pre Evacuate Collection Set: 1.1ms
[241.599s][debug][gc,phases      ] GC(9)     Pre Evacuate Prepare: 0.2ms
[241.599s][debug][gc,phases      ] GC(9)       JT Retire TLABs And Flush Logs (ms): Min:  0.0, Avg:  0.0, Max:  0.0, Diff:  0.0, Sum:  0.0, Workers: 2
[241.599s][debug][gc,phases      ] GC(9)       Non-JT Flush Logs (ms):        Min:  0.0, Avg:  0.0, Max:  0.0, Diff:  0.0, Sum:  0.0, Workers: 1
[241.600s][debug][gc,phases      ] GC(9)     Choose Collection Set: 0.0ms
[241.600s][debug][gc,phases      ] GC(9)     Region Register: 0.9ms
[241.600s][debug][gc,phases      ] GC(9)     Prepare Heap Roots: 0.0ms
[241.600s][info ][gc,phases      ] GC(9)   Merge Heap Roots: 1.3ms
[241.600s][debug][gc,phases      ] GC(9)     Prepare Merge Heap Roots: 0.1ms
[241.600s][debug][gc,phases      ] GC(9)     Remembered Sets (ms):          Min:  0.0, Avg:  0.1, Max:  0.4, Diff:  0.3, Sum:  2.3, Workers: 23
[241.600s][debug][gc,phases      ] GC(9)       Eager Reclaim (ms):            skipped
[241.600s][debug][gc,phases      ] GC(9)       Merged Inline                  Min: 0, Avg:  0.0, Max: 0, Diff: 0, Sum: 0, Workers: 23
[241.600s][debug][gc,phases      ] GC(9)       Merged ArrayOfCards            Min: 0, Avg:  0.0, Max: 0, Diff: 0, Sum: 0, Workers: 23
[241.600s][debug][gc,phases      ] GC(9)       Merged Howl                    Min: 0, Avg:  0.0, Max: 0, Diff: 0, Sum: 0, Workers: 23
[241.600s][debug][gc,phases      ] GC(9)       Merged Full                    Min: 0, Avg:  0.0, Max: 0, Diff: 0, Sum: 0, Workers: 23
[241.600s][debug][gc,phases      ] GC(9)       Merged Howl Inline             Min: 0, Avg:  0.0, Max: 0, Diff: 0, Sum: 0, Workers: 23
[241.600s][debug][gc,phases      ] GC(9)       Merged Howl ArrayOfCards       Min: 0, Avg:  0.0, Max: 0, Diff: 0, Sum: 0, Workers: 23
[241.600s][debug][gc,phases      ] GC(9)       Merged Howl BitMap             Min: 0, Avg:  0.0, Max: 0, Diff: 0, Sum: 0, Workers: 23
[241.600s][debug][gc,phases      ] GC(9)       Merged Howl Full               Min: 0, Avg:  0.0, Max: 0, Diff: 0, Sum: 0, Workers: 23
[241.600s][debug][gc,phases      ] GC(9)       Merged Cards                   Min: 8, Avg:  8.0, Max: 8, Diff: 0, Sum: 184, Workers: 23
[241.600s][debug][gc,phases      ] GC(9)     Log Buffers (ms):              Min:  0.0, Avg:  0.2, Max:  0.7, Diff:  0.7, Sum:  3.5, Workers: 23
[241.600s][debug][gc,phases      ] GC(9)       Dirty Cards:                   Min: 0, Avg: 2604.6, Max: 14648, Diff: 14648, Sum: 59906, Workers: 23
[241.600s][debug][gc,phases      ] GC(9)       Skipped Cards:                 Min: 0, Avg:  0.0, Max: 0, Diff: 0, Sum: 0, Workers: 23
[241.600s][info ][gc,phases      ] GC(9)   Evacuate Collection Set: 4775.1ms
[241.600s][debug][gc,phases      ] GC(9)     Ext Root Scanning (ms):        Min:  0.0, Avg:  0.0, Max:  0.1, Diff:  0.1, Sum:  0.5, Workers: 23
[241.600s][debug][gc,phases      ] GC(9)     Scan Heap Roots (ms):          Min:  0.0, Avg:  2.7, Max:  6.4, Diff:  6.4, Sum: 63.2, Workers: 23
[241.600s][debug][gc,phases      ] GC(9)       Scanned Cards:                 Min: 0, Avg: 2038.2, Max: 5404, Diff: 5404, Sum: 46878, Workers: 23
[241.600s][debug][gc,phases      ] GC(9)       Scanned Blocks:                Min: 0, Avg: 16.0, Max: 43, Diff: 43, Sum: 369, Workers: 23
[241.600s][debug][gc,phases      ] GC(9)       Claimed Chunks:                Min: 0, Avg: 16.0, Max: 43, Diff: 43, Sum: 369, Workers: 23
[241.600s][debug][gc,phases      ] GC(9)       Found Roots:                   Min: 0, Avg: 130435.0, Max: 294912, Diff: 294912, Sum: 3000004, Workers: 23
[241.600s][debug][gc,phases      ] GC(9)     Code Root Scan (ms):           Min:  0.0, Avg:  0.0, Max:  0.2, Diff:  0.2, Sum:  0.5, Workers: 23
[241.600s][debug][gc,phases      ] GC(9)     Object Copy (ms):              Min: 2549.9, Avg: 2861.6, Max: 3299.0, Diff: 749.1, Sum: 65817.8, Workers: 23
[241.600s][debug][gc,phases      ] GC(9)     Termination (ms):              Min: 1433.0, Avg: 1875.3, Max: 2147.1, Diff: 714.0, Sum: 43131.7, Workers: 23
[241.600s][debug][gc,phases      ] GC(9)       Termination Attempts:          Min: 44811, Avg: 51229.6, Max: 61653, Diff: 16842, Sum: 1178280, Workers: 23
[241.600s][debug][gc,phases      ] GC(9)     GC Worker Other (ms):          Min:  0.0, Avg:  0.1, Max:  0.4, Diff:  0.3, Sum:  2.5, Workers: 23
[241.600s][debug][gc,phases      ] GC(9)     GC Worker Total (ms):          Min: 4697.0, Avg: 4739.8, Max: 4775.0, Diff: 77.9, Sum: 109016.2, Workers: 23
[241.600s][info ][gc,phases      ] GC(9)   Post Evacuate Collection Set: 2.5ms
[241.601s][debug][gc,phases      ] GC(9)     NMethod List Cleanup: 0.0ms
[241.601s][debug][gc,phases      ] GC(9)     Reference Processing: 0.0ms
[241.601s][debug][gc,phases,ref  ] GC(9)       Notify Soft/WeakReferences: 0.0ms
[241.601s][debug][gc,phases,ref  ] GC(9)         SoftRef (ms):                  skipped
[241.601s][debug][gc,phases,ref  ] GC(9)         WeakRef (ms):                  skipped
[241.601s][debug][gc,phases,ref  ] GC(9)         FinalRef (ms):                 skipped
[241.601s][debug][gc,phases,ref  ] GC(9)         Total (ms):                    skipped
[241.601s][debug][gc,phases,ref  ] GC(9)       Notify and keep alive finalizable: 0.0ms
[241.601s][debug][gc,phases,ref  ] GC(9)         FinalRef (ms):                 skipped
[241.601s][debug][gc,phases,ref  ] GC(9)       Notify PhantomReferences: 0.0ms
[241.601s][debug][gc,phases,ref  ] GC(9)         PhantomRef (ms):               skipped
[241.601s][debug][gc,phases,ref  ] GC(9)       SoftReference Discovered: 0, Dropped: 0, Processed: 0
[241.601s][debug][gc,phases,ref  ] GC(9)       WeakReference Discovered: 0, Dropped: 0, Processed: 0
[241.601s][debug][gc,phases,ref  ] GC(9)       FinalReference Discovered: 0, Dropped: 0, Processed: 0
[241.601s][debug][gc,phases,ref  ] GC(9)       PhantomReference Discovered: 0, Dropped: 0, Processed: 0
[241.601s][debug][gc,phases      ] GC(9)     Weak Processing: 0.1ms
[241.601s][debug][gc,phases      ] GC(9)       VM Weak                        Min:  0.0, Avg:  0.0, Max:  0.0, Diff:  0.0, Sum:  0.0, Workers: 6
[241.601s][debug][gc,phases      ] GC(9)         Dead                           Min: 0, Avg:  0.0, Max: 0, Diff: 0, Sum: 0, Workers: 6
[241.601s][debug][gc,phases      ] GC(9)         Total                          Min: 0, Avg:  2.3, Max: 14, Diff: 14, Sum: 14, Workers: 6
[241.601s][debug][gc,phases      ] GC(9)       ObjectSynchronizer Weak        Min:  0.0, Avg:  0.0, Max:  0.0, Diff:  0.0, Sum:  0.0, Workers: 6
[241.601s][debug][gc,phases      ] GC(9)         Dead                           Min: 0, Avg:  0.0, Max: 0, Diff: 0, Sum: 0, Workers: 6
[241.601s][debug][gc,phases      ] GC(9)         Total                          Min: 0, Avg:  0.2, Max: 1, Diff: 1, Sum: 1, Workers: 6
[241.601s][debug][gc,phases      ] GC(9)       JVMTI Tag Weak OopStorage      Min:  0.0, Avg:  0.0, Max:  0.0, Diff:  0.0, Sum:  0.0, Workers: 6
[241.601s][debug][gc,phases      ] GC(9)         Dead                           Min: 0, Avg:  0.0, Max: 0, Diff: 0, Sum: 0, Workers: 6
[241.601s][debug][gc,phases      ] GC(9)         Total                          Min: 0, Avg:  0.0, Max: 0, Diff: 0, Sum: 0, Workers: 6
[241.601s][debug][gc,phases      ] GC(9)       StringTable Weak               Min:  0.0, Avg:  0.0, Max:  0.0, Diff:  0.0, Sum:  0.2, Workers: 6
[241.601s][debug][gc,phases      ] GC(9)         Dead                           Min: 0, Avg:  0.0, Max: 0, Diff: 0, Sum: 0, Workers: 6
[241.602s][debug][gc,phases      ] GC(9)         Total                          Min: 256, Avg: 952.7, Max: 1600, Diff: 1344, Sum: 5716, Workers: 6
[241.602s][debug][gc,phases      ] GC(9)       ResolvedMethodTable Weak       Min:  0.0, Avg:  0.0, Max:  0.0, Diff:  0.0, Sum:  0.0, Workers: 6
[241.602s][debug][gc,phases      ] GC(9)         Dead                           Min: 0, Avg:  0.0, Max: 0, Diff: 0, Sum: 0, Workers: 6
[241.602s][debug][gc,phases      ] GC(9)         Total                          Min: 0, Avg: 30.7, Max: 64, Diff: 64, Sum: 184, Workers: 6
[241.602s][debug][gc,phases      ] GC(9)       JNI Weak                       Min:  0.0, Avg:  0.0, Max:  0.0, Diff:  0.0, Sum:  0.0, Workers: 6
[241.602s][debug][gc,phases      ] GC(9)         Dead                           Min: 0, Avg:  0.0, Max: 0, Diff: 0, Sum: 0, Workers: 6
[241.602s][debug][gc,phases      ] GC(9)         Total                          Min: 0, Avg:  0.0, Max: 0, Diff: 0, Sum: 0, Workers: 6
[241.602s][debug][gc,phases      ] GC(9)       StringDedup Table Weak         Min:  0.0, Avg:  0.0, Max:  0.0, Diff:  0.0, Sum:  0.0, Workers: 6
[241.602s][debug][gc,phases      ] GC(9)         Dead                           Min: 0, Avg:  0.0, Max: 0, Diff: 0, Sum: 0, Workers: 6
[241.602s][debug][gc,phases      ] GC(9)         Total                          Min: 0, Avg:  0.0, Max: 0, Diff: 0, Sum: 0, Workers: 6
[241.602s][debug][gc,phases      ] GC(9)       StringDedup Requests0 Weak     Min:  0.0, Avg:  0.0, Max:  0.0, Diff:  0.0, Sum:  0.0, Workers: 6
[241.602s][debug][gc,phases      ] GC(9)         Dead                           Min: 0, Avg:  0.0, Max: 0, Diff: 0, Sum: 0, Workers: 6
[241.602s][debug][gc,phases      ] GC(9)         Total                          Min: 0, Avg:  0.0, Max: 0, Diff: 0, Sum: 0, Workers: 6
[241.602s][debug][gc,phases      ] GC(9)       StringDedup Requests1 Weak     Min:  0.0, Avg:  0.0, Max:  0.0, Diff:  0.0, Sum:  0.0, Workers: 6
[241.602s][debug][gc,phases      ] GC(9)         Dead                           Min: 0, Avg:  0.0, Max: 0, Diff: 0, Sum: 0, Workers: 6
[241.602s][debug][gc,phases      ] GC(9)         Total                          Min: 0, Avg:  0.0, Max: 0, Diff: 0, Sum: 0, Workers: 6
[241.602s][debug][gc,phases      ] GC(9)       Weak JFR Old Object Samples    Min:  0.0, Avg:  0.0, Max:  0.0, Diff:  0.0, Sum:  0.0, Workers: 6
[241.602s][debug][gc,phases      ] GC(9)         Dead                           Min: 0, Avg:  0.0, Max: 0, Diff: 0, Sum: 0, Workers: 6
[241.602s][debug][gc,phases      ] GC(9)         Total                          Min: 0, Avg:  0.0, Max: 0, Diff: 0, Sum: 0, Workers: 6
[241.602s][debug][gc,phases      ] GC(9)     Post Evacuate Cleanup 1: 1.2ms
[241.602s][debug][gc,phases      ] GC(9)       Merge Per-Thread State (ms):   Min:  0.4, Avg:  0.4, Max:  0.4, Diff:  0.0, Sum:  0.4, Workers: 1
[241.602s][debug][gc,phases      ] GC(9)         Copied Bytes                   Min: 18548944, Avg: 27753945.7, Max: 39658432, Diff: 21109488, Sum: 638340752, Workers: 23
[241.602s][debug][gc,phases      ] GC(9)         LAB Waste                      Min: 96, Avg: 148.9, Max: 232, Diff: 136, Sum: 3424, Workers: 23
[241.602s][debug][gc,phases      ] GC(9)         LAB Undo Waste                 Min: 0, Avg:  0.0, Max: 0, Diff: 0, Sum: 0, Workers: 23
[241.602s][debug][gc,phases      ] GC(9)       Clear Logged Cards (ms):       Min:  0.0, Avg:  0.5, Max:  1.0, Diff:  1.0, Sum:  9.3, Workers: 18
[241.602s][debug][gc,phases      ] GC(9)       Recalculate Used Memory (ms):  Min:  0.0, Avg:  0.0, Max:  0.0, Diff:  0.0, Sum:  0.0, Workers: 1
[241.602s][debug][gc,phases      ] GC(9)     Post Evacuate Cleanup 2: 0.9ms
[241.602s][debug][gc,phases      ] GC(9)       Update Derived Pointers (ms):  Min:  0.0, Avg:  0.0, Max:  0.0, Diff:  0.0, Sum:  0.0, Workers: 1
[241.602s][debug][gc,phases      ] GC(9)       Eagerly Reclaim Humongous Objects (ms): skipped
[241.603s][debug][gc,phases      ] GC(9)         Humongous Total                skipped
[241.603s][debug][gc,phases      ] GC(9)         Humongous Candidates           skipped
[241.603s][debug][gc,phases      ] GC(9)         Humongous Reclaimed            skipped
[241.603s][debug][gc,phases      ] GC(9)       Redirty Logged Cards (ms):     Min:  0.0, Avg:  0.1, Max:  0.2, Diff:  0.2, Sum:  3.1, Workers: 23
[241.603s][debug][gc,phases      ] GC(9)         Redirtied Cards:               Min: 0, Avg: 1400.5, Max: 3268, Diff: 3268, Sum: 32211, Workers: 23
[241.603s][debug][gc,phases      ] GC(9)       Resize TLABs (ms):             Min:  0.0, Avg:  0.0, Max:  0.0, Diff:  0.0, Sum:  0.0, Workers: 23
[241.603s][debug][gc,phases      ] GC(9)       Free Collection Set (ms):      Min:  0.0, Avg:  0.3, Max:  0.5, Diff:  0.5, Sum:  7.5, Workers: 23
[241.603s][debug][gc,phases      ] GC(9)     Rebuild Free List: 0.2ms
[241.603s][debug][gc,phases      ] GC(9)     Prepare For Mutator: 0.0ms
[241.603s][debug][gc,phases      ] GC(9)     Expand Heap After Collection: 0.0ms
[241.603s][info ][gc,phases      ] GC(9)   Other: 0.4ms
[241.603s][info ][gc,heap        ] GC(9) Eden regions: 894->0(942)
[241.603s][info ][gc,heap        ] GC(9) Survivor regions: 130->82(256)
[241.603s][info ][gc,heap        ] GC(9) Old regions: 141->141
[241.603s][info ][gc,heap        ] GC(9) Humongous regions: 7->7
[241.603s][info ][gc,metaspace   ] GC(9) Metaspace: 1298K(1472K)->1298K(1472K) NonClass: 1191K(1280K)->1191K(1280K) Class: 107K(192K)->107K(192K)
[241.603s][debug][gc,heap        ] GC(9) Heap after GC invocations=10 (full 1):
[241.603s][debug][gc,heap        ] GC(9)  garbage-first heap   total 16777216K, used 1830516K [0x0000000400000000, 0x0000000800000000)
[241.603s][debug][gc,heap        ] GC(9)   region size 8192K, 82 young (671744K), 82 survivors (671744K)
[241.603s][debug][gc,heap        ] GC(9)  Metaspace       used 1298K, committed 1472K, reserved 1114112K
[241.603s][debug][gc,heap        ] GC(9)   class space    used 107K, committed 192K, reserved 1048576K
[241.603s][info ][gc             ] GC(9) Pause Young (Normal) (G1 Evacuation Pause) 9323M->1787M(16384M) 4784.913ms
[241.603s][info ][gc,cpu         ] GC(9) User=69.91s Sys=1.39s Real=4.79s
[241.604s][info ][safepoint      ] Safepoint "G1CollectForAllocation", Time since last: 21283241700 ns, Reaching safepoint: 8999 ns, Cleanup: 47000 ns, At safepoint: 4785194800 ns, Total: 4785250799 ns
[266.425s][info ][safepoint      ] Safepoint "PrintThreads", Time since last: 18201183601 ns, Reaching safepoint: 5900 ns, Cleanup: 6399 ns, At safepoint: 6619979901 ns, Total: 6619992200 ns
[266.425s][info ][safepoint      ] Safepoint "FindDeadlocks", Time since last: 259800 ns, Reaching safepoint: 45500 ns, Cleanup: 24200 ns, At safepoint: 32600 ns, Total: 102300 ns
[270.580s][info ][gc,start       ] GC(10) Pause Young (Normal) (G1 Evacuation Pause)
[270.580s][debug][gc,heap        ] GC(10) Heap before GC invocations=10 (full 1):
[270.580s][debug][gc,heap        ] GC(10)  garbage-first heap   total 16777216K, used 9547380K [0x0000000400000000, 0x0000000800000000)
[270.580s][debug][gc,heap        ] GC(10)   region size 8192K, 1024 young (8388608K), 82 survivors (671744K)
[270.580s][debug][gc,heap        ] GC(10)  Metaspace       used 1298K, committed 1472K, reserved 1114112K
[270.580s][debug][gc,heap        ] GC(10)   class space    used 107K, committed 192K, reserved 1048576K
[270.580s][info ][gc,task        ] GC(10) Using 23 workers of 23 for evacuation
[278.731s][debug][gc,ergo,heap   ] GC(10) Heap expansion: short term pause time ratio 18.34% long term pause time ratio 13.21% threshold 7.69% pause time ratio 7.69% fully expanded true resize by 0B
[278.731s][info ][gc,mmu         ] GC(10) MMU target violated: 201.0ms (200.0ms/201.0ms)
[278.731s][info ][gc,phases      ] GC(10)   Pre Evacuate Collection Set: 1.5ms
[278.731s][debug][gc,phases      ] GC(10)     Pre Evacuate Prepare: 0.6ms
[278.731s][debug][gc,phases      ] GC(10)       JT Retire TLABs And Flush Logs (ms): Min:  0.0, Avg:  0.0, Max:  0.0, Diff:  0.0, Sum:  0.0, Workers: 2
[278.731s][debug][gc,phases      ] GC(10)       Non-JT Flush Logs (ms):        Min:  0.0, Avg:  0.0, Max:  0.0, Diff:  0.0, Sum:  0.0, Workers: 1
[278.731s][debug][gc,phases      ] GC(10)     Choose Collection Set: 0.0ms
[278.731s][debug][gc,phases      ] GC(10)     Region Register: 0.9ms
[278.731s][debug][gc,phases      ] GC(10)     Prepare Heap Roots: 0.0ms
[278.731s][info ][gc,phases      ] GC(10)   Merge Heap Roots: 1.2ms
[278.731s][debug][gc,phases      ] GC(10)     Prepare Merge Heap Roots: 0.0ms
[278.731s][debug][gc,phases      ] GC(10)     Remembered Sets (ms):          Min:  0.0, Avg:  0.1, Max:  0.2, Diff:  0.1, Sum:  1.3, Workers: 23
[278.731s][debug][gc,phases      ] GC(10)       Eager Reclaim (ms):            skipped
[278.731s][debug][gc,phases      ] GC(10)       Merged Inline                  Min: 0, Avg:  0.0, Max: 0, Diff: 0, Sum: 0, Workers: 23
[278.731s][debug][gc,phases      ] GC(10)       Merged ArrayOfCards            Min: 0, Avg:  0.0, Max: 0, Diff: 0, Sum: 0, Workers: 23
[278.731s][debug][gc,phases      ] GC(10)       Merged Howl                    Min: 0, Avg:  0.0, Max: 0, Diff: 0, Sum: 0, Workers: 23
[278.731s][debug][gc,phases      ] GC(10)       Merged Full                    Min: 0, Avg:  0.0, Max: 0, Diff: 0, Sum: 0, Workers: 23
[278.731s][debug][gc,phases      ] GC(10)       Merged Howl Inline             Min: 0, Avg:  0.0, Max: 0, Diff: 0, Sum: 0, Workers: 23
[278.732s][debug][gc,phases      ] GC(10)       Merged Howl ArrayOfCards       Min: 0, Avg:  0.0, Max: 0, Diff: 0, Sum: 0, Workers: 23
[278.732s][debug][gc,phases      ] GC(10)       Merged Howl BitMap             Min: 0, Avg:  0.0, Max: 0, Diff: 0, Sum: 0, Workers: 23
[278.732s][debug][gc,phases      ] GC(10)       Merged Howl Full               Min: 0, Avg:  0.0, Max: 0, Diff: 0, Sum: 0, Workers: 23
[278.732s][debug][gc,phases      ] GC(10)       Merged Cards                   Min: 8, Avg:  8.0, Max: 8, Diff: 0, Sum: 184, Workers: 23
[278.732s][debug][gc,phases      ] GC(10)     Log Buffers (ms):              Min:  0.0, Avg:  0.1, Max:  0.5, Diff:  0.5, Sum:  1.9, Workers: 23
[278.732s][debug][gc,phases      ] GC(10)       Dirty Cards:                   Min: 0, Avg: 2419.6, Max: 22744, Diff: 22744, Sum: 55650, Workers: 23
[278.732s][debug][gc,phases      ] GC(10)       Skipped Cards:                 Min: 0, Avg:  0.0, Max: 0, Diff: 0, Sum: 0, Workers: 23
[278.732s][info ][gc,phases      ] GC(10)   Evacuate Collection Set: 8144.6ms
[278.732s][debug][gc,phases      ] GC(10)     Ext Root Scanning (ms):        Min:  0.0, Avg:  0.0, Max:  0.1, Diff:  0.1, Sum:  0.4, Workers: 23
[278.732s][debug][gc,phases      ] GC(10)     Scan Heap Roots (ms):          Min:  1.6, Avg: 10.4, Max: 85.2, Diff: 83.6, Sum: 239.5, Workers: 23
[278.732s][debug][gc,phases      ] GC(10)       Scanned Cards:                 Min: 512, Avg: 2038.2, Max: 15363, Diff: 14851, Sum: 46879, Workers: 23
[278.732s][debug][gc,phases      ] GC(10)       Scanned Blocks:                Min: 4, Avg: 16.1, Max: 123, Diff: 119, Sum: 370, Workers: 23
[278.732s][debug][gc,phases      ] GC(10)       Claimed Chunks:                Min: 4, Avg: 16.0, Max: 122, Diff: 118, Sum: 369, Workers: 23
[278.732s][debug][gc,phases      ] GC(10)       Found Roots:                   Min: 65536, Avg: 182965.2, Max: 409600, Diff: 344064, Sum: 4208199, Workers: 23
[278.732s][debug][gc,phases      ] GC(10)     Code Root Scan (ms):           Min:  0.0, Avg:  0.0, Max:  0.1, Diff:  0.1, Sum:  0.2, Workers: 23
[278.732s][debug][gc,phases      ] GC(10)     Object Copy (ms):              Min: 4455.9, Avg: 4896.6, Max: 5611.7, Diff: 1155.8, Sum: 112621.4, Workers: 23
[278.732s][debug][gc,phases      ] GC(10)     Termination (ms):              Min: 2528.5, Avg: 3201.8, Max: 3652.7, Diff: 1124.2, Sum: 73641.0, Workers: 23
[278.732s][debug][gc,phases      ] GC(10)       Termination Attempts:          Min: 74597, Avg: 85905.7, Max: 104236, Diff: 29639, Sum: 1975832, Workers: 23
[278.732s][debug][gc,phases      ] GC(10)     GC Worker Other (ms):          Min:  0.0, Avg:  0.2, Max:  3.4, Diff:  3.4, Sum:  5.2, Workers: 23
[278.732s][debug][gc,phases      ] GC(10)     GC Worker Total (ms):          Min: 8064.3, Avg: 8109.0, Max: 8144.5, Diff: 80.2, Sum: 186507.8, Workers: 23
[278.732s][info ][gc,phases      ] GC(10)   Post Evacuate Collection Set: 2.7ms
[278.732s][debug][gc,phases      ] GC(10)     NMethod List Cleanup: 0.0ms
[278.732s][debug][gc,phases      ] GC(10)     Reference Processing: 0.0ms
[278.733s][debug][gc,phases,ref  ] GC(10)       Notify Soft/WeakReferences: 0.0ms
[278.733s][debug][gc,phases,ref  ] GC(10)         SoftRef (ms):                  skipped
[278.733s][debug][gc,phases,ref  ] GC(10)         WeakRef (ms):                  skipped
[278.733s][debug][gc,phases,ref  ] GC(10)         FinalRef (ms):                 skipped
[278.733s][debug][gc,phases,ref  ] GC(10)         Total (ms):                    skipped
[278.733s][debug][gc,phases,ref  ] GC(10)       Notify and keep alive finalizable: 0.0ms
[278.733s][debug][gc,phases,ref  ] GC(10)         FinalRef (ms):                 skipped
[278.733s][debug][gc,phases,ref  ] GC(10)       Notify PhantomReferences: 0.0ms
[278.733s][debug][gc,phases,ref  ] GC(10)         PhantomRef (ms):               skipped
[278.733s][debug][gc,phases,ref  ] GC(10)       SoftReference Discovered: 0, Dropped: 0, Processed: 0
[278.733s][debug][gc,phases,ref  ] GC(10)       WeakReference Discovered: 0, Dropped: 0, Processed: 0
[278.733s][debug][gc,phases,ref  ] GC(10)       FinalReference Discovered: 0, Dropped: 0, Processed: 0
[278.733s][debug][gc,phases,ref  ] GC(10)       PhantomReference Discovered: 0, Dropped: 0, Processed: 0
[278.733s][debug][gc,phases      ] GC(10)     Weak Processing: 0.2ms
[278.733s][debug][gc,phases      ] GC(10)       VM Weak                        Min:  0.0, Avg:  0.0, Max:  0.0, Diff:  0.0, Sum:  0.0, Workers: 6
[278.733s][debug][gc,phases      ] GC(10)         Dead                           Min: 0, Avg:  0.0, Max: 0, Diff: 0, Sum: 0, Workers: 6
[278.733s][debug][gc,phases      ] GC(10)         Total                          Min: 0, Avg:  2.3, Max: 14, Diff: 14, Sum: 14, Workers: 6
[278.733s][debug][gc,phases      ] GC(10)       ObjectSynchronizer Weak        Min:  0.0, Avg:  0.0, Max:  0.0, Diff:  0.0, Sum:  0.0, Workers: 6
[278.733s][debug][gc,phases      ] GC(10)         Dead                           Min: 0, Avg:  0.0, Max: 0, Diff: 0, Sum: 0, Workers: 6
[278.733s][debug][gc,phases      ] GC(10)         Total                          Min: 0, Avg:  0.2, Max: 1, Diff: 1, Sum: 1, Workers: 6
[278.733s][debug][gc,phases      ] GC(10)       JVMTI Tag Weak OopStorage      Min:  0.0, Avg:  0.0, Max:  0.0, Diff:  0.0, Sum:  0.0, Workers: 6
[278.733s][debug][gc,phases      ] GC(10)         Dead                           Min: 0, Avg:  0.0, Max: 0, Diff: 0, Sum: 0, Workers: 6
[278.733s][debug][gc,phases      ] GC(10)         Total                          Min: 0, Avg:  0.0, Max: 0, Diff: 0, Sum: 0, Workers: 6
[278.733s][debug][gc,phases      ] GC(10)       StringTable Weak               Min:  0.0, Avg:  0.0, Max:  0.0, Diff:  0.0, Sum:  0.2, Workers: 6
[278.734s][debug][gc,phases      ] GC(10)         Dead                           Min: 0, Avg:  0.0, Max: 0, Diff: 0, Sum: 0, Workers: 6
[278.734s][debug][gc,phases      ] GC(10)         Total                          Min: 448, Avg: 952.7, Max: 1664, Diff: 1216, Sum: 5716, Workers: 6
[278.734s][debug][gc,phases      ] GC(10)       ResolvedMethodTable Weak       Min:  0.0, Avg:  0.0, Max:  0.0, Diff:  0.0, Sum:  0.0, Workers: 6
[278.734s][debug][gc,phases      ] GC(10)         Dead                           Min: 0, Avg:  0.0, Max: 0, Diff: 0, Sum: 0, Workers: 6
[278.734s][debug][gc,phases      ] GC(10)         Total                          Min: 0, Avg: 30.7, Max: 64, Diff: 64, Sum: 184, Workers: 6
[278.734s][debug][gc,phases      ] GC(10)       JNI Weak                       Min:  0.0, Avg:  0.0, Max:  0.0, Diff:  0.0, Sum:  0.0, Workers: 6
[278.734s][debug][gc,phases      ] GC(10)         Dead                           Min: 0, Avg:  0.0, Max: 0, Diff: 0, Sum: 0, Workers: 6
[278.734s][debug][gc,phases      ] GC(10)         Total                          Min: 0, Avg:  0.0, Max: 0, Diff: 0, Sum: 0, Workers: 6
[278.734s][debug][gc,phases      ] GC(10)       StringDedup Table Weak         Min:  0.0, Avg:  0.0, Max:  0.0, Diff:  0.0, Sum:  0.0, Workers: 6
[278.734s][debug][gc,phases      ] GC(10)         Dead                           Min: 0, Avg:  0.0, Max: 0, Diff: 0, Sum: 0, Workers: 6
[278.734s][debug][gc,phases      ] GC(10)         Total                          Min: 0, Avg:  0.0, Max: 0, Diff: 0, Sum: 0, Workers: 6
[278.734s][debug][gc,phases      ] GC(10)       StringDedup Requests0 Weak     Min:  0.0, Avg:  0.0, Max:  0.0, Diff:  0.0, Sum:  0.0, Workers: 6
[278.734s][debug][gc,phases      ] GC(10)         Dead                           Min: 0, Avg:  0.0, Max: 0, Diff: 0, Sum: 0, Workers: 6
[278.734s][debug][gc,phases      ] GC(10)         Total                          Min: 0, Avg:  0.0, Max: 0, Diff: 0, Sum: 0, Workers: 6
[278.734s][debug][gc,phases      ] GC(10)       StringDedup Requests1 Weak     Min:  0.0, Avg:  0.0, Max:  0.0, Diff:  0.0, Sum:  0.0, Workers: 6
[278.734s][debug][gc,phases      ] GC(10)         Dead                           Min: 0, Avg:  0.0, Max: 0, Diff: 0, Sum: 0, Workers: 6
[278.734s][debug][gc,phases      ] GC(10)         Total                          Min: 0, Avg:  0.0, Max: 0, Diff: 0, Sum: 0, Workers: 6
[278.734s][debug][gc,phases      ] GC(10)       Weak JFR Old Object Samples    Min:  0.0, Avg:  0.0, Max:  0.0, Diff:  0.0, Sum:  0.0, Workers: 6
[278.734s][debug][gc,phases      ] GC(10)         Dead                           Min: 0, Avg:  0.0, Max: 0, Diff: 0, Sum: 0, Workers: 6
[278.734s][debug][gc,phases      ] GC(10)         Total                          Min: 0, Avg:  0.0, Max: 0, Diff: 0, Sum: 0, Workers: 6
[278.734s][debug][gc,phases      ] GC(10)     Post Evacuate Cleanup 1: 1.2ms
[278.734s][debug][gc,phases      ] GC(10)       Merge Per-Thread State (ms):   Min:  0.4, Avg:  0.4, Max:  0.4, Diff:  0.0, Sum:  0.4, Workers: 1
[278.734s][debug][gc,phases      ] GC(10)         Copied Bytes                   Min: 36369616, Avg: 45019954.4, Max: 62521888, Diff: 26152272, Sum: 1035458952, Workers: 23
[278.734s][debug][gc,phases      ] GC(10)         LAB Waste                      Min: 176, Avg: 244.5, Max: 384, Diff: 208, Sum: 5624, Workers: 23
[278.734s][debug][gc,phases      ] GC(10)         LAB Undo Waste                 Min: 0, Avg:  0.0, Max: 0, Diff: 0, Sum: 0, Workers: 23
[278.734s][debug][gc,phases      ] GC(10)       Clear Logged Cards (ms):       Min:  0.0, Avg:  0.5, Max:  1.0, Diff:  1.0, Sum:  8.8, Workers: 18
[278.734s][debug][gc,phases      ] GC(10)       Recalculate Used Memory (ms):  Min:  0.0, Avg:  0.0, Max:  0.0, Diff:  0.0, Sum:  0.0, Workers: 1
[278.734s][debug][gc,phases      ] GC(10)     Post Evacuate Cleanup 2: 1.1ms
[278.734s][debug][gc,phases      ] GC(10)       Update Derived Pointers (ms):  Min:  0.0, Avg:  0.0, Max:  0.0, Diff:  0.0, Sum:  0.0, Workers: 1
[278.734s][debug][gc,phases      ] GC(10)       Eagerly Reclaim Humongous Objects (ms): skipped
[278.734s][debug][gc,phases      ] GC(10)         Humongous Total                skipped
[278.734s][debug][gc,phases      ] GC(10)         Humongous Candidates           skipped
[278.734s][debug][gc,phases      ] GC(10)         Humongous Reclaimed            skipped
[278.734s][debug][gc,phases      ] GC(10)       Redirty Logged Cards (ms):     Min:  0.0, Avg:  0.2, Max:  0.3, Diff:  0.3, Sum:  3.8, Workers: 23
[278.734s][debug][gc,phases      ] GC(10)         Redirtied Cards:               Min: 0, Avg: 2143.9, Max: 5528, Diff: 5528, Sum: 49309, Workers: 23
[278.734s][debug][gc,phases      ] GC(10)       Resize TLABs (ms):             Min:  0.0, Avg:  0.0, Max:  0.0, Diff:  0.0, Sum:  0.0, Workers: 23
[278.734s][debug][gc,phases      ] GC(10)       Free Collection Set (ms):      Min:  0.1, Avg:  0.3, Max:  0.5, Diff:  0.4, Sum:  7.7, Workers: 23
[278.734s][debug][gc,phases      ] GC(10)     Rebuild Free List: 0.2ms
[278.734s][debug][gc,phases      ] GC(10)     Prepare For Mutator: 0.0ms
[278.734s][debug][gc,phases      ] GC(10)     Expand Heap After Collection: 0.0ms
[278.734s][info ][gc,phases      ] GC(10)   Other: 0.5ms
[278.734s][info ][gc,heap        ] GC(10) Eden regions: 942->0(895)
[278.734s][info ][gc,heap        ] GC(10) Survivor regions: 82->129(256)
[278.734s][info ][gc,heap        ] GC(10) Old regions: 141->141
[278.734s][info ][gc,heap        ] GC(10) Humongous regions: 7->7
[278.734s][info ][gc,metaspace   ] GC(10) Metaspace: 1298K(1472K)->1298K(1472K) NonClass: 1191K(1280K)->1191K(1280K) Class: 107K(192K)->107K(192K)
[278.734s][debug][gc,heap        ] GC(10) Heap after GC invocations=11 (full 1):
[278.734s][debug][gc,heap        ] GC(10)  garbage-first heap   total 16777216K, used 2215540K [0x0000000400000000, 0x0000000800000000)
[278.735s][debug][gc,heap        ] GC(10)   region size 8192K, 129 young (1056768K), 129 survivors (1056768K)
[278.735s][debug][gc,heap        ] GC(10)  Metaspace       used 1298K, committed 1472K, reserved 1114112K
[278.735s][debug][gc,heap        ] GC(10)   class space    used 107K, committed 192K, reserved 1048576K
[278.735s][info ][gc             ] GC(10) Pause Young (Normal) (G1 Evacuation Pause) 9323M->2163M(16384M) 8154.525ms
[278.735s][info ][gc,cpu         ] GC(10) User=118.48s Sys=2.33s Real=8.15s
[278.735s][info ][safepoint      ] Safepoint "G1CollectForAllocation", Time since last: 4154891400 ns, Reaching safepoint: 7999 ns, Cleanup: 11601 ns, At safepoint: 8154628500 ns, Total: 8154648100 ns
[300.505s][info ][gc,start       ] GC(11) Pause Young (Normal) (G1 Evacuation Pause)
[300.505s][debug][gc,heap        ] GC(11) Heap before GC invocations=11 (full 1):
[300.505s][debug][gc,heap        ] GC(11)  garbage-first heap   total 16777216K, used 9547380K [0x0000000400000000, 0x0000000800000000)
[300.505s][debug][gc,heap        ] GC(11)   region size 8192K, 1024 young (8388608K), 129 survivors (1056768K)
[300.505s][debug][gc,heap        ] GC(11)  Metaspace       used 1298K, committed 1472K, reserved 1114112K
[300.505s][debug][gc,heap        ] GC(11)   class space    used 107K, committed 192K, reserved 1048576K
[300.505s][info ][gc,task        ] GC(11) Using 23 workers of 23 for evacuation
[305.802s][debug][gc,ergo,heap   ] GC(11) Heap expansion: short term pause time ratio 21.95% long term pause time ratio 14.44% threshold 7.69% pause time ratio 7.69% fully expanded true resize by 0B
[305.802s][info ][gc,mmu         ] GC(11) MMU target violated: 201.0ms (200.0ms/201.0ms)
[305.802s][info ][gc,phases      ] GC(11)   Pre Evacuate Collection Set: 5.6ms
[305.802s][debug][gc,phases      ] GC(11)     Pre Evacuate Prepare: 4.6ms
[305.802s][debug][gc,phases      ] GC(11)       JT Retire TLABs And Flush Logs (ms): Min:  0.0, Avg:  0.0, Max:  0.0, Diff:  0.0, Sum:  0.0, Workers: 2
[305.802s][debug][gc,phases      ] GC(11)       Non-JT Flush Logs (ms):        Min:  0.1, Avg:  0.1, Max:  0.1, Diff:  0.0, Sum:  0.1, Workers: 1
[305.802s][debug][gc,phases      ] GC(11)     Choose Collection Set: 0.0ms
[305.802s][debug][gc,phases      ] GC(11)     Region Register: 0.9ms
[305.802s][debug][gc,phases      ] GC(11)     Prepare Heap Roots: 0.0ms
[305.802s][info ][gc,phases      ] GC(11)   Merge Heap Roots: 1.3ms
[305.802s][debug][gc,phases      ] GC(11)     Prepare Merge Heap Roots: 0.1ms
[305.802s][debug][gc,phases      ] GC(11)     Remembered Sets (ms):          Min:  0.0, Avg:  0.1, Max:  0.2, Diff:  0.1, Sum:  1.5, Workers: 23
[305.802s][debug][gc,phases      ] GC(11)       Eager Reclaim (ms):            skipped
[305.802s][debug][gc,phases      ] GC(11)       Merged Inline                  Min: 0, Avg:  0.0, Max: 0, Diff: 0, Sum: 0, Workers: 23
[305.803s][debug][gc,phases      ] GC(11)       Merged ArrayOfCards            Min: 0, Avg:  0.0, Max: 0, Diff: 0, Sum: 0, Workers: 23
[305.803s][debug][gc,phases      ] GC(11)       Merged Howl                    Min: 0, Avg:  0.0, Max: 0, Diff: 0, Sum: 0, Workers: 23
[305.803s][debug][gc,phases      ] GC(11)       Merged Full                    Min: 0, Avg:  0.0, Max: 0, Diff: 0, Sum: 0, Workers: 23
[305.803s][debug][gc,phases      ] GC(11)       Merged Howl Inline             Min: 0, Avg:  0.0, Max: 0, Diff: 0, Sum: 0, Workers: 23
[305.803s][debug][gc,phases      ] GC(11)       Merged Howl ArrayOfCards       Min: 0, Avg:  0.0, Max: 0, Diff: 0, Sum: 0, Workers: 23
[305.803s][debug][gc,phases      ] GC(11)       Merged Howl BitMap             Min: 0, Avg:  0.0, Max: 0, Diff: 0, Sum: 0, Workers: 23
[305.803s][debug][gc,phases      ] GC(11)       Merged Howl Full               Min: 0, Avg:  0.0, Max: 0, Diff: 0, Sum: 0, Workers: 23
[305.803s][debug][gc,phases      ] GC(11)       Merged Cards                   Min: 8, Avg:  8.0, Max: 8, Diff: 0, Sum: 184, Workers: 23
[305.803s][debug][gc,phases      ] GC(11)     Log Buffers (ms):              Min:  0.0, Avg:  0.2, Max:  0.8, Diff:  0.8, Sum:  4.4, Workers: 23
[305.803s][debug][gc,phases      ] GC(11)       Dirty Cards:                   Min: 0, Avg: 2752.5, Max: 14948, Diff: 14948, Sum: 63308, Workers: 23
[305.803s][debug][gc,phases      ] GC(11)       Skipped Cards:                 Min: 0, Avg:  0.0, Max: 0, Diff: 0, Sum: 0, Workers: 23
[305.803s][info ][gc,phases      ] GC(11)   Evacuate Collection Set: 5285.6ms
[305.803s][debug][gc,phases      ] GC(11)     Ext Root Scanning (ms):        Min:  0.0, Avg:  0.0, Max:  0.1, Diff:  0.1, Sum:  0.4, Workers: 23
[305.803s][debug][gc,phases      ] GC(11)     Scan Heap Roots (ms):          Min:  0.0, Avg:  2.7, Max: 13.0, Diff: 13.0, Sum: 61.1, Workers: 23
[305.803s][debug][gc,phases      ] GC(11)       Scanned Cards:                 Min: 0, Avg: 2038.2, Max: 7040, Diff: 7040, Sum: 46878, Workers: 23
[305.803s][debug][gc,phases      ] GC(11)       Scanned Blocks:                Min: 0, Avg: 16.0, Max: 55, Diff: 55, Sum: 369, Workers: 23
[305.803s][debug][gc,phases      ] GC(11)       Claimed Chunks:                Min: 0, Avg: 16.0, Max: 55, Diff: 55, Sum: 369, Workers: 23
[305.803s][debug][gc,phases      ] GC(11)       Found Roots:                   Min: 0, Avg: 86956.7, Max: 163840, Diff: 163840, Sum: 2000004, Workers: 23
[305.803s][debug][gc,phases      ] GC(11)     Code Root Scan (ms):           Min:  0.0, Avg:  0.0, Max:  0.1, Diff:  0.1, Sum:  0.2, Workers: 23
[305.803s][debug][gc,phases      ] GC(11)     Object Copy (ms):              Min: 2843.6, Avg: 3159.6, Max: 3629.3, Diff: 785.6, Sum: 72671.5, Workers: 23
[305.803s][debug][gc,phases      ] GC(11)     Termination (ms):              Min: 1653.6, Avg: 2106.9, Max: 2400.8, Diff: 747.2, Sum: 48457.7, Workers: 23
[305.803s][debug][gc,phases      ] GC(11)       Termination Attempts:          Min: 48569, Avg: 56866.5, Max: 69187, Diff: 20618, Sum: 1307929, Workers: 23
[305.804s][debug][gc,phases      ] GC(11)     GC Worker Other (ms):          Min:  0.0, Avg:  0.2, Max:  2.0, Diff:  2.0, Sum:  4.8, Workers: 23
[305.804s][debug][gc,phases      ] GC(11)     GC Worker Total (ms):          Min: 5241.2, Avg: 5269.4, Max: 5285.5, Diff: 44.3, Sum: 121195.6, Workers: 23
[305.804s][info ][gc,phases      ] GC(11)   Post Evacuate Collection Set: 2.4ms
[305.804s][debug][gc,phases      ] GC(11)     NMethod List Cleanup: 0.0ms
[305.804s][debug][gc,phases      ] GC(11)     Reference Processing: 0.0ms
[305.804s][debug][gc,phases,ref  ] GC(11)       Notify Soft/WeakReferences: 0.0ms
[305.804s][debug][gc,phases,ref  ] GC(11)         SoftRef (ms):                  skipped
[305.804s][debug][gc,phases,ref  ] GC(11)         WeakRef (ms):                  skipped
[305.804s][debug][gc,phases,ref  ] GC(11)         FinalRef (ms):                 skipped
[305.804s][debug][gc,phases,ref  ] GC(11)         Total (ms):                    skipped
[305.804s][debug][gc,phases,ref  ] GC(11)       Notify and keep alive finalizable: 0.0ms
[305.804s][debug][gc,phases,ref  ] GC(11)         FinalRef (ms):                 skipped
[305.804s][debug][gc,phases,ref  ] GC(11)       Notify PhantomReferences: 0.0ms
[305.804s][debug][gc,phases,ref  ] GC(11)         PhantomRef (ms):               skipped
[305.804s][debug][gc,phases,ref  ] GC(11)       SoftReference Discovered: 0, Dropped: 0, Processed: 0
[305.804s][debug][gc,phases,ref  ] GC(11)       WeakReference Discovered: 0, Dropped: 0, Processed: 0
[305.804s][debug][gc,phases,ref  ] GC(11)       FinalReference Discovered: 0, Dropped: 0, Processed: 0
[305.804s][debug][gc,phases,ref  ] GC(11)       PhantomReference Discovered: 0, Dropped: 0, Processed: 0
[305.804s][debug][gc,phases      ] GC(11)     Weak Processing: 0.1ms
[305.805s][debug][gc,phases      ] GC(11)       VM Weak                        Min:  0.0, Avg:  0.0, Max:  0.0, Diff:  0.0, Sum:  0.0, Workers: 6
[305.805s][debug][gc,phases      ] GC(11)         Dead                           Min: 0, Avg:  0.0, Max: 0, Diff: 0, Sum: 0, Workers: 6
[305.805s][debug][gc,phases      ] GC(11)         Total                          Min: 0, Avg:  2.3, Max: 14, Diff: 14, Sum: 14, Workers: 6
[305.805s][debug][gc,phases      ] GC(11)       ObjectSynchronizer Weak        Min:  0.0, Avg:  0.0, Max:  0.0, Diff:  0.0, Sum:  0.0, Workers: 6
[305.805s][debug][gc,phases      ] GC(11)         Dead                           Min: 0, Avg:  0.0, Max: 0, Diff: 0, Sum: 0, Workers: 6
[305.805s][debug][gc,phases      ] GC(11)         Total                          Min: 0, Avg:  0.2, Max: 1, Diff: 1, Sum: 1, Workers: 6
[305.805s][debug][gc,phases      ] GC(11)       JVMTI Tag Weak OopStorage      Min:  0.0, Avg:  0.0, Max:  0.0, Diff:  0.0, Sum:  0.0, Workers: 6
[305.805s][debug][gc,phases      ] GC(11)         Dead                           Min: 0, Avg:  0.0, Max: 0, Diff: 0, Sum: 0, Workers: 6
[305.805s][debug][gc,phases      ] GC(11)         Total                          Min: 0, Avg:  0.0, Max: 0, Diff: 0, Sum: 0, Workers: 6
[305.805s][debug][gc,phases      ] GC(11)       StringTable Weak               Min:  0.0, Avg:  0.0, Max:  0.0, Diff:  0.0, Sum:  0.2, Workers: 6
[305.805s][debug][gc,phases      ] GC(11)         Dead                           Min: 0, Avg:  0.0, Max: 0, Diff: 0, Sum: 0, Workers: 6
[305.805s][debug][gc,phases      ] GC(11)         Total                          Min: 704, Avg: 952.7, Max: 1152, Diff: 448, Sum: 5716, Workers: 6
[305.805s][debug][gc,phases      ] GC(11)       ResolvedMethodTable Weak       Min:  0.0, Avg:  0.0, Max:  0.0, Diff:  0.0, Sum:  0.0, Workers: 6
[305.805s][debug][gc,phases      ] GC(11)         Dead                           Min: 0, Avg:  0.0, Max: 0, Diff: 0, Sum: 0, Workers: 6
[305.805s][debug][gc,phases      ] GC(11)         Total                          Min: 0, Avg: 30.7, Max: 64, Diff: 64, Sum: 184, Workers: 6
[305.805s][debug][gc,phases      ] GC(11)       JNI Weak                       Min:  0.0, Avg:  0.0, Max:  0.0, Diff:  0.0, Sum:  0.0, Workers: 6
[305.805s][debug][gc,phases      ] GC(11)         Dead                           Min: 0, Avg:  0.0, Max: 0, Diff: 0, Sum: 0, Workers: 6
[305.805s][debug][gc,phases      ] GC(11)         Total                          Min: 0, Avg:  0.0, Max: 0, Diff: 0, Sum: 0, Workers: 6
[305.806s][debug][gc,phases      ] GC(11)       StringDedup Table Weak         Min:  0.0, Avg:  0.0, Max:  0.0, Diff:  0.0, Sum:  0.0, Workers: 6
[305.806s][debug][gc,phases      ] GC(11)         Dead                           Min: 0, Avg:  0.0, Max: 0, Diff: 0, Sum: 0, Workers: 6
[305.806s][debug][gc,phases      ] GC(11)         Total                          Min: 0, Avg:  0.0, Max: 0, Diff: 0, Sum: 0, Workers: 6
[305.806s][debug][gc,phases      ] GC(11)       StringDedup Requests0 Weak     Min:  0.0, Avg:  0.0, Max:  0.0, Diff:  0.0, Sum:  0.0, Workers: 6
[305.806s][debug][gc,phases      ] GC(11)         Dead                           Min: 0, Avg:  0.0, Max: 0, Diff: 0, Sum: 0, Workers: 6
[305.806s][debug][gc,phases      ] GC(11)         Total                          Min: 0, Avg:  0.0, Max: 0, Diff: 0, Sum: 0, Workers: 6
[305.806s][debug][gc,phases      ] GC(11)       StringDedup Requests1 Weak     Min:  0.0, Avg:  0.0, Max:  0.0, Diff:  0.0, Sum:  0.0, Workers: 6
[305.806s][debug][gc,phases      ] GC(11)         Dead                           Min: 0, Avg:  0.0, Max: 0, Diff: 0, Sum: 0, Workers: 6
[305.806s][debug][gc,phases      ] GC(11)         Total                          Min: 0, Avg:  0.0, Max: 0, Diff: 0, Sum: 0, Workers: 6
[305.806s][debug][gc,phases      ] GC(11)       Weak JFR Old Object Samples    Min:  0.0, Avg:  0.0, Max:  0.0, Diff:  0.0, Sum:  0.0, Workers: 6
[305.806s][debug][gc,phases      ] GC(11)         Dead                           Min: 0, Avg:  0.0, Max: 0, Diff: 0, Sum: 0, Workers: 6
[305.806s][debug][gc,phases      ] GC(11)         Total                          Min: 0, Avg:  0.0, Max: 0, Diff: 0, Sum: 0, Workers: 6
[305.806s][debug][gc,phases      ] GC(11)     Post Evacuate Cleanup 1: 1.2ms
[305.806s][debug][gc,phases      ] GC(11)       Merge Per-Thread State (ms):   Min:  0.4, Avg:  0.4, Max:  0.4, Diff:  0.0, Sum:  0.4, Workers: 1
[305.806s][debug][gc,phases      ] GC(11)         Copied Bytes                   Min: 20852848, Avg: 27782806.3, Max: 34183176, Diff: 13330328, Sum: 639004544, Workers: 23
[305.806s][debug][gc,phases      ] GC(11)         LAB Waste                      Min: 88, Avg: 153.7, Max: 240, Diff: 152, Sum: 3536, Workers: 23
[305.806s][debug][gc,phases      ] GC(11)         LAB Undo Waste                 Min: 0, Avg:  0.0, Max: 0, Diff: 0, Sum: 0, Workers: 23
[305.806s][debug][gc,phases      ] GC(11)       Clear Logged Cards (ms):       Min:  0.0, Avg:  0.5, Max:  1.1, Diff:  1.1, Sum:  9.5, Workers: 18
[305.806s][debug][gc,phases      ] GC(11)       Recalculate Used Memory (ms):  Min:  0.0, Avg:  0.0, Max:  0.0, Diff:  0.0, Sum:  0.0, Workers: 1
[305.806s][debug][gc,phases      ] GC(11)     Post Evacuate Cleanup 2: 0.8ms
[305.806s][debug][gc,phases      ] GC(11)       Update Derived Pointers (ms):  Min:  0.0, Avg:  0.0, Max:  0.0, Diff:  0.0, Sum:  0.0, Workers: 1
[305.806s][debug][gc,phases      ] GC(11)       Eagerly Reclaim Humongous Objects (ms): skipped
[305.806s][debug][gc,phases      ] GC(11)         Humongous Total                skipped
[305.807s][debug][gc,phases      ] GC(11)         Humongous Candidates           skipped
[305.807s][debug][gc,phases      ] GC(11)         Humongous Reclaimed            skipped
[305.807s][debug][gc,phases      ] GC(11)       Redirty Logged Cards (ms):     Min:  0.0, Avg:  0.1, Max:  0.2, Diff:  0.2, Sum:  1.6, Workers: 23
[305.807s][debug][gc,phases      ] GC(11)         Redirtied Cards:               Min: 0, Avg: 863.6, Max: 3072, Diff: 3072, Sum: 19862, Workers: 23
[305.807s][debug][gc,phases      ] GC(11)       Resize TLABs (ms):             Min:  0.0, Avg:  0.0, Max:  0.0, Diff:  0.0, Sum:  0.0, Workers: 23
[305.807s][debug][gc,phases      ] GC(11)       Free Collection Set (ms):      Min:  0.0, Avg:  0.3, Max:  0.5, Diff:  0.5, Sum:  7.6, Workers: 23
[305.807s][debug][gc,phases      ] GC(11)     Rebuild Free List: 0.2ms
[305.807s][debug][gc,phases      ] GC(11)     Prepare For Mutator: 0.0ms
[305.807s][debug][gc,phases      ] GC(11)     Expand Heap After Collection: 0.0ms
[305.807s][info ][gc,phases      ] GC(11)   Other: 1.9ms
[305.807s][info ][gc,heap        ] GC(11) Eden regions: 895->0(941)
[305.807s][info ][gc,heap        ] GC(11) Survivor regions: 129->83(256)
[305.807s][info ][gc,heap        ] GC(11) Old regions: 141->141
[305.807s][info ][gc,heap        ] GC(11) Humongous regions: 7->7
[305.807s][info ][gc,metaspace   ] GC(11) Metaspace: 1298K(1472K)->1298K(1472K) NonClass: 1191K(1280K)->1191K(1280K) Class: 107K(192K)->107K(192K)
[305.807s][debug][gc,heap        ] GC(11) Heap after GC invocations=12 (full 1):
[305.807s][debug][gc,heap        ] GC(11)  garbage-first heap   total 16777216K, used 1834612K [0x0000000400000000, 0x0000000800000000)
[305.807s][debug][gc,heap        ] GC(11)   region size 8192K, 83 young (679936K), 83 survivors (679936K)
[305.807s][debug][gc,heap        ] GC(11)  Metaspace       used 1298K, committed 1472K, reserved 1114112K
[305.808s][debug][gc,heap        ] GC(11)   class space    used 107K, committed 192K, reserved 1048576K
[305.808s][info ][gc             ] GC(11) Pause Young (Normal) (G1 Evacuation Pause) 9323M->1791M(16384M) 5302.952ms
[305.808s][info ][gc,cpu         ] GC(11) User=78.52s Sys=1.23s Real=5.30s
[305.808s][info ][safepoint      ] Safepoint "G1CollectForAllocation", Time since last: 21769994100 ns, Reaching safepoint: 6400 ns, Cleanup: 8800 ns, At safepoint: 5303371800 ns, Total: 5303387000 ns
[327.856s][info ][gc,start       ] GC(12) Pause Young (Normal) (G1 Evacuation Pause)
[327.856s][debug][gc,heap        ] GC(12) Heap before GC invocations=12 (full 1):
[327.856s][debug][gc,heap        ] GC(12)  garbage-first heap   total 16777216K, used 9543284K [0x0000000400000000, 0x0000000800000000)
[327.856s][debug][gc,heap        ] GC(12)   region size 8192K, 1024 young (8388608K), 83 survivors (679936K)
[327.856s][debug][gc,heap        ] GC(12)  Metaspace       used 1298K, committed 1472K, reserved 1114112K
[327.856s][debug][gc,heap        ] GC(12)   class space    used 107K, committed 192K, reserved 1048576K
[327.856s][info ][gc,task        ] GC(12) Using 23 workers of 23 for evacuation
[332.278s][debug][gc,ergo,heap   ] GC(12) Heap expansion: short term pause time ratio 19.56% long term pause time ratio 15.42% threshold 7.69% pause time ratio 7.69% fully expanded true resize by 0B
[332.278s][info ][gc,mmu         ] GC(12) MMU target violated: 201.0ms (200.0ms/201.0ms)
[332.278s][info ][gc,phases      ] GC(12)   Pre Evacuate Collection Set: 1.0ms
[332.279s][debug][gc,phases      ] GC(12)     Pre Evacuate Prepare: 0.1ms
[332.279s][debug][gc,phases      ] GC(12)       JT Retire TLABs And Flush Logs (ms): Min:  0.0, Avg:  0.0, Max:  0.0, Diff:  0.0, Sum:  0.0, Workers: 2
[332.279s][debug][gc,phases      ] GC(12)       Non-JT Flush Logs (ms):        Min:  0.0, Avg:  0.0, Max:  0.0, Diff:  0.0, Sum:  0.0, Workers: 1
[332.279s][debug][gc,phases      ] GC(12)     Choose Collection Set: 0.0ms
[332.279s][debug][gc,phases      ] GC(12)     Region Register: 0.8ms
[332.279s][debug][gc,phases      ] GC(12)     Prepare Heap Roots: 0.0ms
[332.279s][info ][gc,phases      ] GC(12)   Merge Heap Roots: 1.0ms
[332.279s][debug][gc,phases      ] GC(12)     Prepare Merge Heap Roots: 0.1ms
[332.279s][debug][gc,phases      ] GC(12)     Remembered Sets (ms):          Min:  0.0, Avg:  0.0, Max:  0.1, Diff:  0.0, Sum:  1.0, Workers: 23
[332.279s][debug][gc,phases      ] GC(12)       Eager Reclaim (ms):            skipped
[332.279s][debug][gc,phases      ] GC(12)       Merged Inline                  Min: 0, Avg:  0.0, Max: 0, Diff: 0, Sum: 0, Workers: 23
[332.279s][debug][gc,phases      ] GC(12)       Merged ArrayOfCards            Min: 0, Avg:  0.0, Max: 0, Diff: 0, Sum: 0, Workers: 23
[332.279s][debug][gc,phases      ] GC(12)       Merged Howl                    Min: 0, Avg:  0.0, Max: 0, Diff: 0, Sum: 0, Workers: 23
[332.279s][debug][gc,phases      ] GC(12)       Merged Full                    Min: 0, Avg:  0.0, Max: 0, Diff: 0, Sum: 0, Workers: 23
[332.279s][debug][gc,phases      ] GC(12)       Merged Howl Inline             Min: 0, Avg:  0.0, Max: 0, Diff: 0, Sum: 0, Workers: 23
[332.279s][debug][gc,phases      ] GC(12)       Merged Howl ArrayOfCards       Min: 0, Avg:  0.0, Max: 0, Diff: 0, Sum: 0, Workers: 23
[332.279s][debug][gc,phases      ] GC(12)       Merged Howl BitMap             Min: 0, Avg:  0.0, Max: 0, Diff: 0, Sum: 0, Workers: 23
[332.279s][debug][gc,phases      ] GC(12)       Merged Howl Full               Min: 0, Avg:  0.0, Max: 0, Diff: 0, Sum: 0, Workers: 23
[332.279s][debug][gc,phases      ] GC(12)       Merged Cards                   Min: 8, Avg:  8.0, Max: 8, Diff: 0, Sum: 184, Workers: 23
[332.279s][debug][gc,phases      ] GC(12)     Log Buffers (ms):              Min:  0.0, Avg:  0.1, Max:  0.4, Diff:  0.4, Sum:  1.2, Workers: 23
[332.279s][debug][gc,phases      ] GC(12)       Dirty Cards:                   Min: 0, Avg: 2222.3, Max: 18486, Diff: 18486, Sum: 51113, Workers: 23
[332.279s][debug][gc,phases      ] GC(12)       Skipped Cards:                 Min: 0, Avg:  0.0, Max: 0, Diff: 0, Sum: 0, Workers: 23
[332.279s][info ][gc,phases      ] GC(12)   Evacuate Collection Set: 4417.8ms
[332.279s][debug][gc,phases      ] GC(12)     Ext Root Scanning (ms):        Min:  0.0, Avg:  0.0, Max:  0.1, Diff:  0.1, Sum:  0.3, Workers: 23
[332.279s][debug][gc,phases      ] GC(12)     Scan Heap Roots (ms):          Min:  0.5, Avg:  5.6, Max: 36.9, Diff: 36.4, Sum: 127.9, Workers: 23
[332.280s][debug][gc,phases      ] GC(12)       Scanned Cards:                 Min: 256, Avg: 2038.2, Max: 8064, Diff: 7808, Sum: 46879, Workers: 23
[332.280s][debug][gc,phases      ] GC(12)       Scanned Blocks:                Min: 2, Avg: 16.1, Max: 63, Diff: 61, Sum: 370, Workers: 23
[332.280s][debug][gc,phases      ] GC(12)       Claimed Chunks:                Min: 2, Avg: 16.0, Max: 63, Diff: 61, Sum: 369, Workers: 23
[332.280s][debug][gc,phases      ] GC(12)       Found Roots:                   Min: 32768, Avg: 146057.0, Max: 212992, Diff: 180224, Sum: 3359310, Workers: 23
[332.280s][debug][gc,phases      ] GC(12)     Code Root Scan (ms):           Min:  0.0, Avg:  0.0, Max:  0.2, Diff:  0.2, Sum:  0.2, Workers: 23
[332.280s][debug][gc,phases      ] GC(12)     Object Copy (ms):              Min: 2395.1, Avg: 2610.1, Max: 2922.2, Diff: 527.1, Sum: 60032.8, Workers: 23
[332.280s][debug][gc,phases      ] GC(12)     Termination (ms):              Min: 1400.8, Avg: 1731.0, Max: 1962.9, Diff: 562.1, Sum: 39813.2, Workers: 23
[332.280s][debug][gc,phases      ] GC(12)       Termination Attempts:          Min: 41520, Avg: 47028.3, Max: 55063, Diff: 13543, Sum: 1081650, Workers: 23
[332.280s][debug][gc,phases      ] GC(12)     GC Worker Other (ms):          Min:  0.0, Avg:  0.1, Max:  0.3, Diff:  0.3, Sum:  1.5, Workers: 23
[332.280s][debug][gc,phases      ] GC(12)     GC Worker Total (ms):          Min: 4285.8, Avg: 4346.8, Max: 4417.6, Diff: 131.9, Sum: 99976.0, Workers: 23
[332.280s][info ][gc,phases      ] GC(12)   Post Evacuate Collection Set: 2.3ms
[332.280s][debug][gc,phases      ] GC(12)     NMethod List Cleanup: 0.0ms
[332.280s][debug][gc,phases      ] GC(12)     Reference Processing: 0.0ms
[332.280s][debug][gc,phases,ref  ] GC(12)       Notify Soft/WeakReferences: 0.0ms
[332.280s][debug][gc,phases,ref  ] GC(12)         SoftRef (ms):                  skipped
[332.280s][debug][gc,phases,ref  ] GC(12)         WeakRef (ms):                  skipped
[332.280s][debug][gc,phases,ref  ] GC(12)         FinalRef (ms):                 skipped
[332.280s][debug][gc,phases,ref  ] GC(12)         Total (ms):                    skipped
[332.280s][debug][gc,phases,ref  ] GC(12)       Notify and keep alive finalizable: 0.0ms
[332.280s][debug][gc,phases,ref  ] GC(12)         FinalRef (ms):                 skipped
[332.280s][debug][gc,phases,ref  ] GC(12)       Notify PhantomReferences: 0.0ms
[332.280s][debug][gc,phases,ref  ] GC(12)         PhantomRef (ms):               skipped
[332.280s][debug][gc,phases,ref  ] GC(12)       SoftReference Discovered: 0, Dropped: 0, Processed: 0
[332.280s][debug][gc,phases,ref  ] GC(12)       WeakReference Discovered: 0, Dropped: 0, Processed: 0
[332.280s][debug][gc,phases,ref  ] GC(12)       FinalReference Discovered: 0, Dropped: 0, Processed: 0
[332.280s][debug][gc,phases,ref  ] GC(12)       PhantomReference Discovered: 0, Dropped: 0, Processed: 0
[332.281s][debug][gc,phases      ] GC(12)     Weak Processing: 0.1ms
[332.281s][debug][gc,phases      ] GC(12)       VM Weak                        Min:  0.0, Avg:  0.0, Max:  0.0, Diff:  0.0, Sum:  0.0, Workers: 6
[332.281s][debug][gc,phases      ] GC(12)         Dead                           Min: 0, Avg:  0.0, Max: 0, Diff: 0, Sum: 0, Workers: 6
[332.281s][debug][gc,phases      ] GC(12)         Total                          Min: 0, Avg:  2.3, Max: 14, Diff: 14, Sum: 14, Workers: 6
[332.281s][debug][gc,phases      ] GC(12)       ObjectSynchronizer Weak        Min:  0.0, Avg:  0.0, Max:  0.0, Diff:  0.0, Sum:  0.0, Workers: 6
[332.281s][debug][gc,phases      ] GC(12)         Dead                           Min: 0, Avg:  0.0, Max: 0, Diff: 0, Sum: 0, Workers: 6
[332.281s][debug][gc,phases      ] GC(12)         Total                          Min: 0, Avg:  0.2, Max: 1, Diff: 1, Sum: 1, Workers: 6
[332.281s][debug][gc,phases      ] GC(12)       JVMTI Tag Weak OopStorage      Min:  0.0, Avg:  0.0, Max:  0.0, Diff:  0.0, Sum:  0.0, Workers: 6
[332.281s][debug][gc,phases      ] GC(12)         Dead                           Min: 0, Avg:  0.0, Max: 0, Diff: 0, Sum: 0, Workers: 6
[332.281s][debug][gc,phases      ] GC(12)         Total                          Min: 0, Avg:  0.0, Max: 0, Diff: 0, Sum: 0, Workers: 6
[332.281s][debug][gc,phases      ] GC(12)       StringTable Weak               Min:  0.0, Avg:  0.0, Max:  0.0, Diff:  0.0, Sum:  0.1, Workers: 6
[332.281s][debug][gc,phases      ] GC(12)         Dead                           Min: 0, Avg:  0.0, Max: 0, Diff: 0, Sum: 0, Workers: 6
[332.281s][debug][gc,phases      ] GC(12)         Total                          Min: 640, Avg: 952.7, Max: 1812, Diff: 1172, Sum: 5716, Workers: 6
[332.281s][debug][gc,phases      ] GC(12)       ResolvedMethodTable Weak       Min:  0.0, Avg:  0.0, Max:  0.0, Diff:  0.0, Sum:  0.0, Workers: 6
[332.281s][debug][gc,phases      ] GC(12)         Dead                           Min: 0, Avg:  0.0, Max: 0, Diff: 0, Sum: 0, Workers: 6
[332.281s][debug][gc,phases      ] GC(12)         Total                          Min: 0, Avg: 30.7, Max: 64, Diff: 64, Sum: 184, Workers: 6
[332.281s][debug][gc,phases      ] GC(12)       JNI Weak                       Min:  0.0, Avg:  0.0, Max:  0.0, Diff:  0.0, Sum:  0.0, Workers: 6
[332.281s][debug][gc,phases      ] GC(12)         Dead                           Min: 0, Avg:  0.0, Max: 0, Diff: 0, Sum: 0, Workers: 6
[332.281s][debug][gc,phases      ] GC(12)         Total                          Min: 0, Avg:  0.0, Max: 0, Diff: 0, Sum: 0, Workers: 6
[332.281s][debug][gc,phases      ] GC(12)       StringDedup Table Weak         Min:  0.0, Avg:  0.0, Max:  0.0, Diff:  0.0, Sum:  0.0, Workers: 6
[332.281s][debug][gc,phases      ] GC(12)         Dead                           Min: 0, Avg:  0.0, Max: 0, Diff: 0, Sum: 0, Workers: 6
[332.281s][debug][gc,phases      ] GC(12)         Total                          Min: 0, Avg:  0.0, Max: 0, Diff: 0, Sum: 0, Workers: 6
[332.281s][debug][gc,phases      ] GC(12)       StringDedup Requests0 Weak     Min:  0.0, Avg:  0.0, Max:  0.0, Diff:  0.0, Sum:  0.0, Workers: 6
[332.281s][debug][gc,phases      ] GC(12)         Dead                           Min: 0, Avg:  0.0, Max: 0, Diff: 0, Sum: 0, Workers: 6
[332.282s][debug][gc,phases      ] GC(12)         Total                          Min: 0, Avg:  0.0, Max: 0, Diff: 0, Sum: 0, Workers: 6
[332.282s][debug][gc,phases      ] GC(12)       StringDedup Requests1 Weak     Min:  0.0, Avg:  0.0, Max:  0.0, Diff:  0.0, Sum:  0.0, Workers: 6
[332.282s][debug][gc,phases      ] GC(12)         Dead                           Min: 0, Avg:  0.0, Max: 0, Diff: 0, Sum: 0, Workers: 6
[332.282s][debug][gc,phases      ] GC(12)         Total                          Min: 0, Avg:  0.0, Max: 0, Diff: 0, Sum: 0, Workers: 6
[332.282s][debug][gc,phases      ] GC(12)       Weak JFR Old Object Samples    Min:  0.0, Avg:  0.0, Max:  0.0, Diff:  0.0, Sum:  0.0, Workers: 6
[332.282s][debug][gc,phases      ] GC(12)         Dead                           Min: 0, Avg:  0.0, Max: 0, Diff: 0, Sum: 0, Workers: 6
[332.282s][debug][gc,phases      ] GC(12)         Total                          Min: 0, Avg:  0.0, Max: 0, Diff: 0, Sum: 0, Workers: 6
[332.282s][debug][gc,phases      ] GC(12)     Post Evacuate Cleanup 1: 1.0ms
[332.282s][debug][gc,phases      ] GC(12)       Merge Per-Thread State (ms):   Min:  0.4, Avg:  0.4, Max:  0.4, Diff:  0.0, Sum:  0.4, Workers: 1
[332.282s][debug][gc,phases      ] GC(12)         Copied Bytes                   Min: 23738832, Avg: 27304398.6, Max: 32069584, Diff: 8330752, Sum: 628001168, Workers: 23
[332.282s][debug][gc,phases      ] GC(12)         LAB Waste                      Min: 96, Avg: 141.2, Max: 192, Diff: 96, Sum: 3248, Workers: 23
[332.282s][debug][gc,phases      ] GC(12)         LAB Undo Waste                 Min: 0, Avg:  0.0, Max: 0, Diff: 0, Sum: 0, Workers: 23
[332.282s][debug][gc,phases      ] GC(12)       Clear Logged Cards (ms):       Min:  0.0, Avg:  0.6, Max:  0.9, Diff:  0.9, Sum: 10.5, Workers: 18
[332.282s][debug][gc,phases      ] GC(12)       Recalculate Used Memory (ms):  Min:  0.0, Avg:  0.0, Max:  0.0, Diff:  0.0, Sum:  0.0, Workers: 1
[332.282s][debug][gc,phases      ] GC(12)     Post Evacuate Cleanup 2: 1.0ms
[332.282s][debug][gc,phases      ] GC(12)       Update Derived Pointers (ms):  Min:  0.0, Avg:  0.0, Max:  0.0, Diff:  0.0, Sum:  0.0, Workers: 1
[332.282s][debug][gc,phases      ] GC(12)       Eagerly Reclaim Humongous Objects (ms): skipped
[332.282s][debug][gc,phases      ] GC(12)         Humongous Total                skipped
[332.282s][debug][gc,phases      ] GC(12)         Humongous Candidates           skipped
[332.282s][debug][gc,phases      ] GC(12)         Humongous Reclaimed            skipped
[332.282s][debug][gc,phases      ] GC(12)       Redirty Logged Cards (ms):     Min:  0.0, Avg:  0.2, Max:  0.3, Diff:  0.3, Sum:  4.4, Workers: 23
[332.282s][debug][gc,phases      ] GC(12)         Redirtied Cards:               Min: 0, Avg: 2546.8, Max: 6100, Diff: 6100, Sum: 58577, Workers: 23
[332.282s][debug][gc,phases      ] GC(12)       Resize TLABs (ms):             Min:  0.0, Avg:  0.0, Max:  0.0, Diff:  0.0, Sum:  0.0, Workers: 23
[332.282s][debug][gc,phases      ] GC(12)       Free Collection Set (ms):      Min:  0.0, Avg:  0.3, Max:  0.5, Diff:  0.5, Sum:  7.3, Workers: 23
[332.283s][debug][gc,phases      ] GC(12)     Rebuild Free List: 0.2ms
[332.283s][debug][gc,phases      ] GC(12)     Prepare For Mutator: 0.0ms
[332.283s][debug][gc,phases      ] GC(12)     Expand Heap After Collection: 0.0ms
[332.283s][info ][gc,phases      ] GC(12)   Other: 0.5ms
[332.283s][info ][gc,heap        ] GC(12) Eden regions: 941->0(943)
[332.283s][info ][gc,heap        ] GC(12) Survivor regions: 83->81(256)
[332.283s][info ][gc,heap        ] GC(12) Old regions: 141->141
[332.283s][info ][gc,heap        ] GC(12) Humongous regions: 7->7
[332.283s][info ][gc,metaspace   ] GC(12) Metaspace: 1298K(1472K)->1298K(1472K) NonClass: 1191K(1280K)->1191K(1280K) Class: 107K(192K)->107K(192K)
[332.283s][debug][gc,heap        ] GC(12) Heap after GC invocations=13 (full 1):
[332.283s][debug][gc,heap        ] GC(12)  garbage-first heap   total 16777216K, used 1822324K [0x0000000400000000, 0x0000000800000000)
[332.283s][debug][gc,heap        ] GC(12)   region size 8192K, 81 young (663552K), 81 survivors (663552K)
[332.283s][debug][gc,heap        ] GC(12)  Metaspace       used 1298K, committed 1472K, reserved 1114112K
[332.283s][debug][gc,heap        ] GC(12)   class space    used 107K, committed 192K, reserved 1048576K
[332.283s][info ][gc             ] GC(12) Pause Young (Normal) (G1 Evacuation Pause) 9319M->1779M(16384M) 4427.496ms
[332.283s][info ][gc,cpu         ] GC(12) User=64.11s Sys=1.23s Real=4.43s
[332.283s][info ][safepoint      ] Safepoint "G1CollectForAllocation", Time since last: 22047485200 ns, Reaching safepoint: 8000 ns, Cleanup: 11200 ns, At safepoint: 4427676499 ns, Total: 4427695699 ns
[353.950s][info ][gc,start       ] GC(13) Pause Young (Normal) (G1 Evacuation Pause)
[353.950s][debug][gc,heap        ] GC(13) Heap before GC invocations=13 (full 1):
[353.950s][debug][gc,heap        ] GC(13)  garbage-first heap   total 16777216K, used 9547380K [0x0000000400000000, 0x0000000800000000)
[353.950s][debug][gc,heap        ] GC(13)   region size 8192K, 1024 young (8388608K), 81 survivors (663552K)
[353.950s][debug][gc,heap        ] GC(13)  Metaspace       used 1298K, committed 1472K, reserved 1114112K
[353.950s][debug][gc,heap        ] GC(13)   class space    used 107K, committed 192K, reserved 1048576K
[353.950s][info ][gc,task        ] GC(13) Using 23 workers of 23 for evacuation
[361.724s][debug][gc,ergo,heap   ] GC(13) Heap expansion: short term pause time ratio 16.70% long term pause time ratio 15.98% threshold 7.69% pause time ratio 7.69% fully expanded true resize by 0B
[361.724s][info ][gc,mmu         ] GC(13) MMU target violated: 201.0ms (200.0ms/201.0ms)
[361.724s][info ][gc,phases      ] GC(13)   Pre Evacuate Collection Set: 0.5ms
[361.724s][debug][gc,phases      ] GC(13)     Pre Evacuate Prepare: 0.0ms
[361.724s][debug][gc,phases      ] GC(13)       JT Retire TLABs And Flush Logs (ms): Min:  0.0, Avg:  0.0, Max:  0.0, Diff:  0.0, Sum:  0.0, Workers: 2
[361.725s][debug][gc,phases      ] GC(13)       Non-JT Flush Logs (ms):        Min:  0.0, Avg:  0.0, Max:  0.0, Diff:  0.0, Sum:  0.0, Workers: 1
[361.725s][debug][gc,phases      ] GC(13)     Choose Collection Set: 0.0ms
[361.725s][debug][gc,phases      ] GC(13)     Region Register: 0.4ms
[361.725s][debug][gc,phases      ] GC(13)     Prepare Heap Roots: 0.0ms
[361.725s][info ][gc,phases      ] GC(13)   Merge Heap Roots: 2.1ms
[361.725s][debug][gc,phases      ] GC(13)     Prepare Merge Heap Roots: 0.0ms
[361.725s][debug][gc,phases      ] GC(13)     Remembered Sets (ms):          Min:  0.0, Avg:  0.0, Max:  0.1, Diff:  0.0, Sum:  0.8, Workers: 23
[361.725s][debug][gc,phases      ] GC(13)       Eager Reclaim (ms):            skipped
[361.725s][debug][gc,phases      ] GC(13)       Merged Inline                  Min: 0, Avg:  0.0, Max: 0, Diff: 0, Sum: 0, Workers: 23
[361.725s][debug][gc,phases      ] GC(13)       Merged ArrayOfCards            Min: 0, Avg:  0.0, Max: 0, Diff: 0, Sum: 0, Workers: 23
[361.725s][debug][gc,phases      ] GC(13)       Merged Howl                    Min: 0, Avg:  0.0, Max: 0, Diff: 0, Sum: 0, Workers: 23
[361.725s][debug][gc,phases      ] GC(13)       Merged Full                    Min: 0, Avg:  0.0, Max: 0, Diff: 0, Sum: 0, Workers: 23
[361.725s][debug][gc,phases      ] GC(13)       Merged Howl Inline             Min: 0, Avg:  0.0, Max: 0, Diff: 0, Sum: 0, Workers: 23
[361.725s][debug][gc,phases      ] GC(13)       Merged Howl ArrayOfCards       Min: 0, Avg:  0.0, Max: 0, Diff: 0, Sum: 0, Workers: 23
[361.725s][debug][gc,phases      ] GC(13)       Merged Howl BitMap             Min: 0, Avg:  0.0, Max: 0, Diff: 0, Sum: 0, Workers: 23
[361.725s][debug][gc,phases      ] GC(13)       Merged Howl Full               Min: 0, Avg:  0.0, Max: 0, Diff: 0, Sum: 0, Workers: 23
[361.725s][debug][gc,phases      ] GC(13)       Merged Cards                   Min: 8, Avg:  8.0, Max: 8, Diff: 0, Sum: 184, Workers: 23
[361.725s][debug][gc,phases      ] GC(13)     Log Buffers (ms):              Min:  0.0, Avg:  0.1, Max:  1.1, Diff:  1.1, Sum:  3.2, Workers: 23
[361.725s][debug][gc,phases      ] GC(13)       Dirty Cards:                   Min: 0, Avg: 3443.8, Max: 39684, Diff: 39684, Sum: 79208, Workers: 23
[361.725s][debug][gc,phases      ] GC(13)       Skipped Cards:                 Min: 0, Avg:  0.0, Max: 0, Diff: 0, Sum: 0, Workers: 23
[361.725s][info ][gc,phases      ] GC(13)   Evacuate Collection Set: 7769.4ms
[361.725s][debug][gc,phases      ] GC(13)     Ext Root Scanning (ms):        Min:  0.0, Avg:  0.0, Max:  0.1, Diff:  0.1, Sum:  0.4, Workers: 23
[361.725s][debug][gc,phases      ] GC(13)     Scan Heap Roots (ms):          Min:  2.1, Avg:  5.4, Max: 44.0, Diff: 41.8, Sum: 124.9, Workers: 23
[361.725s][debug][gc,phases      ] GC(13)       Scanned Cards:                 Min: 1024, Avg: 2038.2, Max: 5376, Diff: 4352, Sum: 46878, Workers: 23
[361.725s][debug][gc,phases      ] GC(13)       Scanned Blocks:                Min: 8, Avg: 16.0, Max: 42, Diff: 34, Sum: 369, Workers: 23
[361.725s][debug][gc,phases      ] GC(13)       Claimed Chunks:                Min: 8, Avg: 16.0, Max: 42, Diff: 34, Sum: 369, Workers: 23
[361.726s][debug][gc,phases      ] GC(13)       Found Roots:                   Min: 131072, Avg: 212910.2, Max: 327680, Diff: 196608, Sum: 4896934, Workers: 23
[361.726s][debug][gc,phases      ] GC(13)     Code Root Scan (ms):           Min:  0.0, Avg:  0.0, Max:  0.1, Diff:  0.1, Sum:  0.2, Workers: 23
[361.726s][debug][gc,phases      ] GC(13)     Object Copy (ms):              Min: 4316.2, Avg: 4674.9, Max: 5248.3, Diff: 932.1, Sum: 107521.6, Workers: 23
[361.726s][debug][gc,phases      ] GC(13)     Termination (ms):              Min: 2453.7, Avg: 3060.1, Max: 3442.6, Diff: 988.9, Sum: 70382.5, Workers: 23
[361.726s][debug][gc,phases      ] GC(13)       Termination Attempts:          Min: 71116, Avg: 82216.8, Max: 97769, Diff: 26653, Sum: 1890987, Workers: 23
[361.726s][debug][gc,phases      ] GC(13)     GC Worker Other (ms):          Min:  0.0, Avg:  0.1, Max:  0.3, Diff:  0.3, Sum:  2.1, Workers: 23
[361.726s][debug][gc,phases      ] GC(13)     GC Worker Total (ms):          Min: 7699.5, Avg: 7740.5, Max: 7769.2, Diff: 69.7, Sum: 178031.8, Workers: 23
[361.726s][info ][gc,phases      ] GC(13)   Post Evacuate Collection Set: 2.3ms
[361.726s][debug][gc,phases      ] GC(13)     NMethod List Cleanup: 0.0ms
[361.726s][debug][gc,phases      ] GC(13)     Reference Processing: 0.0ms
[361.726s][debug][gc,phases,ref  ] GC(13)       Notify Soft/WeakReferences: 0.0ms
[361.726s][debug][gc,phases,ref  ] GC(13)         SoftRef (ms):                  skipped
[361.726s][debug][gc,phases,ref  ] GC(13)         WeakRef (ms):                  skipped
[361.726s][debug][gc,phases,ref  ] GC(13)         FinalRef (ms):                 skipped
[361.726s][debug][gc,phases,ref  ] GC(13)         Total (ms):                    skipped
[361.726s][debug][gc,phases,ref  ] GC(13)       Notify and keep alive finalizable: 0.0ms
[361.726s][debug][gc,phases,ref  ] GC(13)         FinalRef (ms):                 skipped
[361.726s][debug][gc,phases,ref  ] GC(13)       Notify PhantomReferences: 0.0ms
[361.726s][debug][gc,phases,ref  ] GC(13)         PhantomRef (ms):               skipped
[361.726s][debug][gc,phases,ref  ] GC(13)       SoftReference Discovered: 0, Dropped: 0, Processed: 0
[361.727s][debug][gc,phases,ref  ] GC(13)       WeakReference Discovered: 0, Dropped: 0, Processed: 0
[361.727s][debug][gc,phases,ref  ] GC(13)       FinalReference Discovered: 0, Dropped: 0, Processed: 0
[361.727s][debug][gc,phases,ref  ] GC(13)       PhantomReference Discovered: 0, Dropped: 0, Processed: 0
[361.727s][debug][gc,phases      ] GC(13)     Weak Processing: 0.1ms
[361.727s][debug][gc,phases      ] GC(13)       VM Weak                        Min:  0.0, Avg:  0.0, Max:  0.0, Diff:  0.0, Sum:  0.0, Workers: 6
[361.727s][debug][gc,phases      ] GC(13)         Dead                           Min: 0, Avg:  0.0, Max: 0, Diff: 0, Sum: 0, Workers: 6
[361.727s][debug][gc,phases      ] GC(13)         Total                          Min: 0, Avg:  2.3, Max: 14, Diff: 14, Sum: 14, Workers: 6
[361.727s][debug][gc,phases      ] GC(13)       ObjectSynchronizer Weak        Min:  0.0, Avg:  0.0, Max:  0.0, Diff:  0.0, Sum:  0.0, Workers: 6
[361.727s][debug][gc,phases      ] GC(13)         Dead                           Min: 0, Avg:  0.0, Max: 0, Diff: 0, Sum: 0, Workers: 6
[361.727s][debug][gc,phases      ] GC(13)         Total                          Min: 0, Avg:  0.2, Max: 1, Diff: 1, Sum: 1, Workers: 6
[361.727s][debug][gc,phases      ] GC(13)       JVMTI Tag Weak OopStorage      Min:  0.0, Avg:  0.0, Max:  0.0, Diff:  0.0, Sum:  0.0, Workers: 6
[361.727s][debug][gc,phases      ] GC(13)         Dead                           Min: 0, Avg:  0.0, Max: 0, Diff: 0, Sum: 0, Workers: 6
[361.727s][debug][gc,phases      ] GC(13)         Total                          Min: 0, Avg:  0.0, Max: 0, Diff: 0, Sum: 0, Workers: 6
[361.727s][debug][gc,phases      ] GC(13)       StringTable Weak               Min:  0.0, Avg:  0.0, Max:  0.0, Diff:  0.0, Sum:  0.1, Workers: 6
[361.727s][debug][gc,phases      ] GC(13)         Dead                           Min: 0, Avg:  0.0, Max: 0, Diff: 0, Sum: 0, Workers: 6
[361.727s][debug][gc,phases      ] GC(13)         Total                          Min: 0, Avg: 952.7, Max: 1472, Diff: 1472, Sum: 5716, Workers: 6
[361.727s][debug][gc,phases      ] GC(13)       ResolvedMethodTable Weak       Min:  0.0, Avg:  0.0, Max:  0.0, Diff:  0.0, Sum:  0.0, Workers: 6
[361.727s][debug][gc,phases      ] GC(13)         Dead                           Min: 0, Avg:  0.0, Max: 0, Diff: 0, Sum: 0, Workers: 6
[361.727s][debug][gc,phases      ] GC(13)         Total                          Min: 0, Avg: 30.7, Max: 64, Diff: 64, Sum: 184, Workers: 6
[361.727s][debug][gc,phases      ] GC(13)       JNI Weak                       Min:  0.0, Avg:  0.0, Max:  0.0, Diff:  0.0, Sum:  0.0, Workers: 6
[361.727s][debug][gc,phases      ] GC(13)         Dead                           Min: 0, Avg:  0.0, Max: 0, Diff: 0, Sum: 0, Workers: 6
[361.727s][debug][gc,phases      ] GC(13)         Total                          Min: 0, Avg:  0.0, Max: 0, Diff: 0, Sum: 0, Workers: 6
[361.727s][debug][gc,phases      ] GC(13)       StringDedup Table Weak         Min:  0.0, Avg:  0.0, Max:  0.0, Diff:  0.0, Sum:  0.0, Workers: 6
[361.727s][debug][gc,phases      ] GC(13)         Dead                           Min: 0, Avg:  0.0, Max: 0, Diff: 0, Sum: 0, Workers: 6
[361.728s][debug][gc,phases      ] GC(13)         Total                          Min: 0, Avg:  0.0, Max: 0, Diff: 0, Sum: 0, Workers: 6
[361.728s][debug][gc,phases      ] GC(13)       StringDedup Requests0 Weak     Min:  0.0, Avg:  0.0, Max:  0.0, Diff:  0.0, Sum:  0.0, Workers: 6
[361.728s][debug][gc,phases      ] GC(13)         Dead                           Min: 0, Avg:  0.0, Max: 0, Diff: 0, Sum: 0, Workers: 6
[361.728s][debug][gc,phases      ] GC(13)         Total                          Min: 0, Avg:  0.0, Max: 0, Diff: 0, Sum: 0, Workers: 6
[361.728s][debug][gc,phases      ] GC(13)       StringDedup Requests1 Weak     Min:  0.0, Avg:  0.0, Max:  0.0, Diff:  0.0, Sum:  0.0, Workers: 6
[361.728s][debug][gc,phases      ] GC(13)         Dead                           Min: 0, Avg:  0.0, Max: 0, Diff: 0, Sum: 0, Workers: 6
[361.728s][debug][gc,phases      ] GC(13)         Total                          Min: 0, Avg:  0.0, Max: 0, Diff: 0, Sum: 0, Workers: 6
[361.728s][debug][gc,phases      ] GC(13)       Weak JFR Old Object Samples    Min:  0.0, Avg:  0.0, Max:  0.0, Diff:  0.0, Sum:  0.0, Workers: 6
[361.728s][debug][gc,phases      ] GC(13)         Dead                           Min: 0, Avg:  0.0, Max: 0, Diff: 0, Sum: 0, Workers: 6
[361.728s][debug][gc,phases      ] GC(13)         Total                          Min: 0, Avg:  0.0, Max: 0, Diff: 0, Sum: 0, Workers: 6
[361.728s][debug][gc,phases      ] GC(13)     Post Evacuate Cleanup 1: 0.9ms
[361.728s][debug][gc,phases      ] GC(13)       Merge Per-Thread State (ms):   Min:  0.3, Avg:  0.3, Max:  0.3, Diff:  0.0, Sum:  0.3, Workers: 1
[361.728s][debug][gc,phases      ] GC(13)         Copied Bytes                   Min: 38288560, Avg: 44958091.8, Max: 56405744, Diff: 18117184, Sum: 1034036112, Workers: 23
[361.728s][debug][gc,phases      ] GC(13)         LAB Waste                      Min: 176, Avg: 251.1, Max: 336, Diff: 160, Sum: 5776, Workers: 23
[361.728s][debug][gc,phases      ] GC(13)         LAB Undo Waste                 Min: 0, Avg:  0.0, Max: 0, Diff: 0, Sum: 0, Workers: 23
[361.728s][debug][gc,phases      ] GC(13)       Clear Logged Cards (ms):       Min:  0.0, Avg:  0.4, Max:  0.8, Diff:  0.8, Sum:  7.2, Workers: 18
[361.728s][debug][gc,phases      ] GC(13)       Recalculate Used Memory (ms):  Min:  0.0, Avg:  0.0, Max:  0.0, Diff:  0.0, Sum:  0.0, Workers: 1
[361.728s][debug][gc,phases      ] GC(13)     Post Evacuate Cleanup 2: 1.0ms
[361.728s][debug][gc,phases      ] GC(13)       Update Derived Pointers (ms):  Min:  0.0, Avg:  0.0, Max:  0.0, Diff:  0.0, Sum:  0.0, Workers: 1
[361.728s][debug][gc,phases      ] GC(13)       Eagerly Reclaim Humongous Objects (ms): skipped
[361.728s][debug][gc,phases      ] GC(13)         Humongous Total                skipped
[361.728s][debug][gc,phases      ] GC(13)         Humongous Candidates           skipped
[361.728s][debug][gc,phases      ] GC(13)         Humongous Reclaimed            skipped
[361.728s][debug][gc,phases      ] GC(13)       Redirty Logged Cards (ms):     Min:  0.0, Avg:  0.2, Max:  0.4, Diff:  0.4, Sum:  5.1, Workers: 23
[361.728s][debug][gc,phases      ] GC(13)         Redirtied Cards:               Min: 0, Avg: 2397.7, Max: 5380, Diff: 5380, Sum: 55147, Workers: 23
[361.728s][debug][gc,phases      ] GC(13)       Resize TLABs (ms):             Min:  0.0, Avg:  0.0, Max:  0.0, Diff:  0.0, Sum:  0.0, Workers: 23
[361.728s][debug][gc,phases      ] GC(13)       Free Collection Set (ms):      Min:  0.0, Avg:  0.3, Max:  0.5, Diff:  0.4, Sum:  6.9, Workers: 23
[361.728s][debug][gc,phases      ] GC(13)     Rebuild Free List: 0.2ms
[361.728s][debug][gc,phases      ] GC(13)     Prepare For Mutator: 0.0ms
[361.728s][debug][gc,phases      ] GC(13)     Expand Heap After Collection: 0.0ms
[361.728s][info ][gc,phases      ] GC(13)   Other: 0.3ms
[361.729s][info ][gc,heap        ] GC(13) Eden regions: 943->0(894)
[361.729s][info ][gc,heap        ] GC(13) Survivor regions: 81->130(256)
[361.729s][info ][gc,heap        ] GC(13) Old regions: 141->141
[361.729s][info ][gc,heap        ] GC(13) Humongous regions: 7->7
[361.729s][info ][gc,metaspace   ] GC(13) Metaspace: 1298K(1472K)->1298K(1472K) NonClass: 1191K(1280K)->1191K(1280K) Class: 107K(192K)->107K(192K)
[361.729s][debug][gc,heap        ] GC(13) Heap after GC invocations=14 (full 1):
[361.729s][debug][gc,heap        ] GC(13)  garbage-first heap   total 16777216K, used 2223732K [0x0000000400000000, 0x0000000800000000)
[361.729s][debug][gc,heap        ] GC(13)   region size 8192K, 130 young (1064960K), 130 survivors (1064960K)
[361.729s][debug][gc,heap        ] GC(13)  Metaspace       used 1298K, committed 1472K, reserved 1114112K
[361.729s][debug][gc,heap        ] GC(13)   class space    used 107K, committed 192K, reserved 1048576K
[361.729s][info ][gc             ] GC(13) Pause Young (Normal) (G1 Evacuation Pause) 9323M->2171M(16384M) 7779.304ms
[361.729s][info ][gc,cpu         ] GC(13) User=114.23s Sys=2.17s Real=7.78s
[361.729s][info ][safepoint      ] Safepoint "G1CollectForAllocation", Time since last: 21666386200 ns, Reaching safepoint: 5801 ns, Cleanup: 8300 ns, At safepoint: 7779486700 ns, Total: 7779500801 ns
[382.549s][info ][gc,start       ] GC(14) Pause Young (Normal) (G1 Evacuation Pause)
[382.549s][debug][gc,heap        ] GC(14) Heap before GC invocations=14 (full 1):
[382.549s][debug][gc,heap        ] GC(14)  garbage-first heap   total 16777216K, used 9547380K [0x0000000400000000, 0x0000000800000000)
[382.549s][debug][gc,heap        ] GC(14)   region size 8192K, 1024 young (8388608K), 130 survivors (1064960K)
[382.549s][debug][gc,heap        ] GC(14)  Metaspace       used 1298K, committed 1472K, reserved 1114112K
[382.549s][debug][gc,heap        ] GC(14)   class space    used 107K, committed 192K, reserved 1048576K
[382.549s][info ][gc,task        ] GC(14) Using 23 workers of 23 for evacuation
[387.787s][debug][gc,ergo,heap   ] GC(14) Heap expansion: short term pause time ratio 26.40% long term pause time ratio 18.25% threshold 7.69% pause time ratio 7.69% fully expanded true resize by 0B
[387.787s][info ][gc,mmu         ] GC(14) MMU target violated: 201.0ms (200.0ms/201.0ms)
[387.787s][info ][gc,phases      ] GC(14)   Pre Evacuate Collection Set: 1.1ms
[387.787s][debug][gc,phases      ] GC(14)     Pre Evacuate Prepare: 0.1ms
[387.787s][debug][gc,phases      ] GC(14)       JT Retire TLABs And Flush Logs (ms): Min:  0.0, Avg:  0.0, Max:  0.0, Diff:  0.0, Sum:  0.0, Workers: 2
[387.787s][debug][gc,phases      ] GC(14)       Non-JT Flush Logs (ms):        Min:  0.0, Avg:  0.0, Max:  0.0, Diff:  0.0, Sum:  0.0, Workers: 1
[387.788s][debug][gc,phases      ] GC(14)     Choose Collection Set: 0.0ms
[387.788s][debug][gc,phases      ] GC(14)     Region Register: 1.0ms
[387.788s][debug][gc,phases      ] GC(14)     Prepare Heap Roots: 0.0ms
[387.788s][info ][gc,phases      ] GC(14)   Merge Heap Roots: 1.7ms
[387.788s][debug][gc,phases      ] GC(14)     Prepare Merge Heap Roots: 0.1ms
[387.788s][debug][gc,phases      ] GC(14)     Remembered Sets (ms):          Min:  0.0, Avg:  0.1, Max:  0.2, Diff:  0.2, Sum:  1.4, Workers: 23
[387.788s][debug][gc,phases      ] GC(14)       Eager Reclaim (ms):            skipped
[387.788s][debug][gc,phases      ] GC(14)       Merged Inline                  Min: 0, Avg:  0.0, Max: 0, Diff: 0, Sum: 0, Workers: 23
[387.788s][debug][gc,phases      ] GC(14)       Merged ArrayOfCards            Min: 0, Avg:  0.0, Max: 0, Diff: 0, Sum: 0, Workers: 23
[387.788s][debug][gc,phases      ] GC(14)       Merged Howl                    Min: 0, Avg:  0.0, Max: 0, Diff: 0, Sum: 0, Workers: 23
[387.788s][debug][gc,phases      ] GC(14)       Merged Full                    Min: 0, Avg:  0.0, Max: 0, Diff: 0, Sum: 0, Workers: 23
[387.788s][debug][gc,phases      ] GC(14)       Merged Howl Inline             Min: 0, Avg:  0.0, Max: 0, Diff: 0, Sum: 0, Workers: 23
[387.788s][debug][gc,phases      ] GC(14)       Merged Howl ArrayOfCards       Min: 0, Avg:  0.0, Max: 0, Diff: 0, Sum: 0, Workers: 23
[387.788s][debug][gc,phases      ] GC(14)       Merged Howl BitMap             Min: 0, Avg:  0.0, Max: 0, Diff: 0, Sum: 0, Workers: 23
[387.788s][debug][gc,phases      ] GC(14)       Merged Howl Full               Min: 0, Avg:  0.0, Max: 0, Diff: 0, Sum: 0, Workers: 23
[387.788s][debug][gc,phases      ] GC(14)       Merged Cards                   Min: 8, Avg:  8.0, Max: 8, Diff: 0, Sum: 184, Workers: 23
[387.788s][debug][gc,phases      ] GC(14)     Log Buffers (ms):              Min:  0.0, Avg:  0.1, Max:  0.9, Diff:  0.9, Sum:  2.8, Workers: 23
[387.788s][debug][gc,phases      ] GC(14)       Dirty Cards:                   Min: 0, Avg: 2772.4, Max: 21629, Diff: 21629, Sum: 63766, Workers: 23
[387.788s][debug][gc,phases      ] GC(14)       Skipped Cards:                 Min: 0, Avg:  0.0, Max: 0, Diff: 0, Sum: 0, Workers: 23
[387.788s][info ][gc,phases      ] GC(14)   Evacuate Collection Set: 5231.7ms
[387.789s][debug][gc,phases      ] GC(14)     Ext Root Scanning (ms):        Min:  0.0, Avg:  0.0, Max:  0.2, Diff:  0.2, Sum:  0.6, Workers: 23
[387.789s][debug][gc,phases      ] GC(14)     Scan Heap Roots (ms):          Min:  0.0, Avg:  3.6, Max: 32.1, Diff: 32.1, Sum: 83.6, Workers: 23
[387.789s][debug][gc,phases      ] GC(14)       Scanned Cards:                 Min: 0, Avg: 2038.2, Max: 9088, Diff: 9088, Sum: 46879, Workers: 23
[387.789s][debug][gc,phases      ] GC(14)       Scanned Blocks:                Min: 0, Avg: 16.1, Max: 71, Diff: 71, Sum: 370, Workers: 23
[387.789s][debug][gc,phases      ] GC(14)       Claimed Chunks:                Min: 0, Avg: 16.0, Max: 71, Diff: 71, Sum: 369, Workers: 23
[387.789s][debug][gc,phases      ] GC(14)       Found Roots:                   Min: 0, Avg: 86956.7, Max: 212990, Diff: 212990, Sum: 2000004, Workers: 23
[387.789s][debug][gc,phases      ] GC(14)     Code Root Scan (ms):           Min:  0.0, Avg:  0.0, Max:  0.2, Diff:  0.2, Sum:  0.2, Workers: 23
[387.789s][debug][gc,phases      ] GC(14)     Object Copy (ms):              Min: 2856.3, Avg: 3133.4, Max: 3506.0, Diff: 649.7, Sum: 72068.0, Workers: 23
[387.789s][debug][gc,phases      ] GC(14)     Termination (ms):              Min: 1673.6, Avg: 2061.5, Max: 2336.4, Diff: 662.8, Sum: 47414.4, Workers: 23
[387.789s][debug][gc,phases      ] GC(14)       Termination Attempts:          Min: 48476, Avg: 55419.3, Max: 65943, Diff: 17467, Sum: 1274645, Workers: 23
[387.789s][debug][gc,phases      ] GC(14)     GC Worker Other (ms):          Min:  0.0, Avg:  0.1, Max:  0.7, Diff:  0.7, Sum:  2.0, Workers: 23
[387.789s][debug][gc,phases      ] GC(14)     GC Worker Total (ms):          Min: 5159.5, Avg: 5198.6, Max: 5231.5, Diff: 72.0, Sum: 119568.8, Workers: 23
[387.789s][info ][gc,phases      ] GC(14)   Post Evacuate Collection Set: 2.7ms
[387.789s][debug][gc,phases      ] GC(14)     NMethod List Cleanup: 0.0ms
[387.789s][debug][gc,phases      ] GC(14)     Reference Processing: 0.0ms
[387.789s][debug][gc,phases,ref  ] GC(14)       Notify Soft/WeakReferences: 0.0ms
[387.789s][debug][gc,phases,ref  ] GC(14)         SoftRef (ms):                  skipped
[387.789s][debug][gc,phases,ref  ] GC(14)         WeakRef (ms):                  skipped
[387.789s][debug][gc,phases,ref  ] GC(14)         FinalRef (ms):                 skipped
[387.789s][debug][gc,phases,ref  ] GC(14)         Total (ms):                    skipped
[387.789s][debug][gc,phases,ref  ] GC(14)       Notify and keep alive finalizable: 0.0ms
[387.789s][debug][gc,phases,ref  ] GC(14)         FinalRef (ms):                 skipped
[387.789s][debug][gc,phases,ref  ] GC(14)       Notify PhantomReferences: 0.0ms
[387.789s][debug][gc,phases,ref  ] GC(14)         PhantomRef (ms):               skipped
[387.789s][debug][gc,phases,ref  ] GC(14)       SoftReference Discovered: 0, Dropped: 0, Processed: 0
[387.790s][debug][gc,phases,ref  ] GC(14)       WeakReference Discovered: 0, Dropped: 0, Processed: 0
[387.790s][debug][gc,phases,ref  ] GC(14)       FinalReference Discovered: 0, Dropped: 0, Processed: 0
[387.790s][debug][gc,phases,ref  ] GC(14)       PhantomReference Discovered: 0, Dropped: 0, Processed: 0
[387.790s][debug][gc,phases      ] GC(14)     Weak Processing: 0.1ms
[387.790s][debug][gc,phases      ] GC(14)       VM Weak                        Min:  0.0, Avg:  0.0, Max:  0.0, Diff:  0.0, Sum:  0.0, Workers: 6
[387.790s][debug][gc,phases      ] GC(14)         Dead                           Min: 0, Avg:  0.0, Max: 0, Diff: 0, Sum: 0, Workers: 6
[387.790s][debug][gc,phases      ] GC(14)         Total                          Min: 0, Avg:  2.3, Max: 14, Diff: 14, Sum: 14, Workers: 6
[387.790s][debug][gc,phases      ] GC(14)       ObjectSynchronizer Weak        Min:  0.0, Avg:  0.0, Max:  0.0, Diff:  0.0, Sum:  0.0, Workers: 6
[387.790s][debug][gc,phases      ] GC(14)         Dead                           Min: 0, Avg:  0.0, Max: 0, Diff: 0, Sum: 0, Workers: 6
[387.790s][debug][gc,phases      ] GC(14)         Total                          Min: 0, Avg:  0.2, Max: 1, Diff: 1, Sum: 1, Workers: 6
[387.790s][debug][gc,phases      ] GC(14)       JVMTI Tag Weak OopStorage      Min:  0.0, Avg:  0.0, Max:  0.0, Diff:  0.0, Sum:  0.0, Workers: 6
[387.790s][debug][gc,phases      ] GC(14)         Dead                           Min: 0, Avg:  0.0, Max: 0, Diff: 0, Sum: 0, Workers: 6
[387.790s][debug][gc,phases      ] GC(14)         Total                          Min: 0, Avg:  0.0, Max: 0, Diff: 0, Sum: 0, Workers: 6
[387.790s][debug][gc,phases      ] GC(14)       StringTable Weak               Min:  0.0, Avg:  0.0, Max:  0.0, Diff:  0.0, Sum:  0.2, Workers: 6
[387.790s][debug][gc,phases      ] GC(14)         Dead                           Min: 0, Avg:  0.0, Max: 0, Diff: 0, Sum: 0, Workers: 6
[387.790s][debug][gc,phases      ] GC(14)         Total                          Min: 448, Avg: 952.7, Max: 1536, Diff: 1088, Sum: 5716, Workers: 6
[387.790s][debug][gc,phases      ] GC(14)       ResolvedMethodTable Weak       Min:  0.0, Avg:  0.0, Max:  0.0, Diff:  0.0, Sum:  0.0, Workers: 6
[387.790s][debug][gc,phases      ] GC(14)         Dead                           Min: 0, Avg:  0.0, Max: 0, Diff: 0, Sum: 0, Workers: 6
[387.790s][debug][gc,phases      ] GC(14)         Total                          Min: 0, Avg: 30.7, Max: 64, Diff: 64, Sum: 184, Workers: 6
[387.790s][debug][gc,phases      ] GC(14)       JNI Weak                       Min:  0.0, Avg:  0.0, Max:  0.0, Diff:  0.0, Sum:  0.0, Workers: 6
[387.790s][debug][gc,phases      ] GC(14)         Dead                           Min: 0, Avg:  0.0, Max: 0, Diff: 0, Sum: 0, Workers: 6
[387.790s][debug][gc,phases      ] GC(14)         Total                          Min: 0, Avg:  0.0, Max: 0, Diff: 0, Sum: 0, Workers: 6
[387.790s][debug][gc,phases      ] GC(14)       StringDedup Table Weak         Min:  0.0, Avg:  0.0, Max:  0.0, Diff:  0.0, Sum:  0.0, Workers: 6
[387.790s][debug][gc,phases      ] GC(14)         Dead                           Min: 0, Avg:  0.0, Max: 0, Diff: 0, Sum: 0, Workers: 6
[387.791s][debug][gc,phases      ] GC(14)         Total                          Min: 0, Avg:  0.0, Max: 0, Diff: 0, Sum: 0, Workers: 6
[387.791s][debug][gc,phases      ] GC(14)       StringDedup Requests0 Weak     Min:  0.0, Avg:  0.0, Max:  0.0, Diff:  0.0, Sum:  0.0, Workers: 6
[387.791s][debug][gc,phases      ] GC(14)         Dead                           Min: 0, Avg:  0.0, Max: 0, Diff: 0, Sum: 0, Workers: 6
[387.791s][debug][gc,phases      ] GC(14)         Total                          Min: 0, Avg:  0.0, Max: 0, Diff: 0, Sum: 0, Workers: 6
[387.791s][debug][gc,phases      ] GC(14)       StringDedup Requests1 Weak     Min:  0.0, Avg:  0.0, Max:  0.0, Diff:  0.0, Sum:  0.0, Workers: 6
[387.791s][debug][gc,phases      ] GC(14)         Dead                           Min: 0, Avg:  0.0, Max: 0, Diff: 0, Sum: 0, Workers: 6
[387.791s][debug][gc,phases      ] GC(14)         Total                          Min: 0, Avg:  0.0, Max: 0, Diff: 0, Sum: 0, Workers: 6
[387.791s][debug][gc,phases      ] GC(14)       Weak JFR Old Object Samples    Min:  0.0, Avg:  0.0, Max:  0.0, Diff:  0.0, Sum:  0.0, Workers: 6
[387.791s][debug][gc,phases      ] GC(14)         Dead                           Min: 0, Avg:  0.0, Max: 0, Diff: 0, Sum: 0, Workers: 6
[387.791s][debug][gc,phases      ] GC(14)         Total                          Min: 0, Avg:  0.0, Max: 0, Diff: 0, Sum: 0, Workers: 6
[387.791s][debug][gc,phases      ] GC(14)     Post Evacuate Cleanup 1: 1.3ms
[387.791s][debug][gc,phases      ] GC(14)       Merge Per-Thread State (ms):   Min:  0.7, Avg:  0.7, Max:  0.7, Diff:  0.0, Sum:  0.7, Workers: 1
[387.791s][debug][gc,phases      ] GC(14)         Copied Bytes                   Min: 21406936, Avg: 27356241.4, Max: 35362464, Diff: 13955528, Sum: 629193552, Workers: 23
[387.791s][debug][gc,phases      ] GC(14)         LAB Waste                      Min: 96, Avg: 142.6, Max: 200, Diff: 104, Sum: 3280, Workers: 23
[387.791s][debug][gc,phases      ] GC(14)         LAB Undo Waste                 Min: 0, Avg:  0.0, Max: 0, Diff: 0, Sum: 0, Workers: 23
[387.791s][debug][gc,phases      ] GC(14)       Clear Logged Cards (ms):       Min:  0.0, Avg:  0.6, Max:  1.1, Diff:  1.1, Sum: 10.5, Workers: 18
[387.791s][debug][gc,phases      ] GC(14)       Recalculate Used Memory (ms):  Min:  0.0, Avg:  0.0, Max:  0.0, Diff:  0.0, Sum:  0.0, Workers: 1
[387.791s][debug][gc,phases      ] GC(14)     Post Evacuate Cleanup 2: 1.0ms
[387.791s][debug][gc,phases      ] GC(14)       Update Derived Pointers (ms):  Min:  0.0, Avg:  0.0, Max:  0.0, Diff:  0.0, Sum:  0.0, Workers: 1
[387.791s][debug][gc,phases      ] GC(14)       Eagerly Reclaim Humongous Objects (ms): skipped
[387.791s][debug][gc,phases      ] GC(14)         Humongous Total                skipped
[387.791s][debug][gc,phases      ] GC(14)         Humongous Candidates           skipped
[387.791s][debug][gc,phases      ] GC(14)         Humongous Reclaimed            skipped
[387.791s][debug][gc,phases      ] GC(14)       Redirty Logged Cards (ms):     Min:  0.0, Avg:  0.1, Max:  0.5, Diff:  0.5, Sum:  2.1, Workers: 23
[387.791s][debug][gc,phases      ] GC(14)         Redirtied Cards:               Min: 0, Avg: 1092.2, Max: 3458, Diff: 3458, Sum: 25121, Workers: 23
[387.792s][debug][gc,phases      ] GC(14)       Resize TLABs (ms):             Min:  0.0, Avg:  0.0, Max:  0.0, Diff:  0.0, Sum:  0.0, Workers: 23
[387.792s][debug][gc,phases      ] GC(14)       Free Collection Set (ms):      Min:  0.0, Avg:  0.3, Max:  0.5, Diff:  0.5, Sum:  7.9, Workers: 23
[387.792s][debug][gc,phases      ] GC(14)     Rebuild Free List: 0.3ms
[387.792s][debug][gc,phases      ] GC(14)     Prepare For Mutator: 0.0ms
[387.792s][debug][gc,phases      ] GC(14)     Expand Heap After Collection: 0.0ms
[387.792s][info ][gc,phases      ] GC(14)   Other: 1.1ms
[387.792s][info ][gc,heap        ] GC(14) Eden regions: 894->0(944)
[387.792s][info ][gc,heap        ] GC(14) Survivor regions: 130->80(256)
[387.792s][info ][gc,heap        ] GC(14) Old regions: 141->141
[387.792s][info ][gc,heap        ] GC(14) Humongous regions: 7->7
[387.792s][info ][gc,metaspace   ] GC(14) Metaspace: 1298K(1472K)->1298K(1472K) NonClass: 1191K(1280K)->1191K(1280K) Class: 107K(192K)->107K(192K)
[387.792s][debug][gc,heap        ] GC(14) Heap after GC invocations=15 (full 1):
[387.792s][debug][gc,heap        ] GC(14)  garbage-first heap   total 16777216K, used 1810036K [0x0000000400000000, 0x0000000800000000)
[387.792s][debug][gc,heap        ] GC(14)   region size 8192K, 80 young (655360K), 80 survivors (655360K)
[387.792s][debug][gc,heap        ] GC(14)  Metaspace       used 1298K, committed 1472K, reserved 1114112K
[387.792s][debug][gc,heap        ] GC(14)   class space    used 107K, committed 192K, reserved 1048576K
[387.792s][info ][gc             ] GC(14) Pause Young (Normal) (G1 Evacuation Pause) 9323M->1767M(16384M) 5243.630ms
[387.792s][info ][gc,cpu         ] GC(14) User=76.25s Sys=1.39s Real=5.24s
[387.792s][info ][safepoint      ] Safepoint "G1CollectForAllocation", Time since last: 20819476300 ns, Reaching safepoint: 7500 ns, Cleanup: 9599 ns, At safepoint: 5243901300 ns, Total: 5243918399 ns
[409.296s][info ][gc,start       ] GC(15) Pause Young (Normal) (G1 Evacuation Pause)
[409.296s][debug][gc,heap        ] GC(15) Heap before GC invocations=15 (full 1):
[409.296s][debug][gc,heap        ] GC(15)  garbage-first heap   total 16777216K, used 9543284K [0x0000000400000000, 0x0000000800000000)
[409.296s][debug][gc,heap        ] GC(15)   region size 8192K, 1024 young (8388608K), 80 survivors (655360K)
[409.296s][debug][gc,heap        ] GC(15)  Metaspace       used 1298K, committed 1472K, reserved 1114112K
[409.296s][debug][gc,heap        ] GC(15)   class space    used 107K, committed 192K, reserved 1048576K
[409.296s][info ][gc,task        ] GC(15) Using 23 workers of 23 for evacuation
[413.740s][debug][gc,ergo,heap   ] GC(15) Heap expansion: short term pause time ratio 20.10% long term pause time ratio 20.18% threshold 7.69% pause time ratio 7.69% fully expanded true resize by 0B
[413.740s][info ][gc,mmu         ] GC(15) MMU target violated: 201.0ms (200.0ms/201.0ms)
[413.740s][info ][gc,phases      ] GC(15)   Pre Evacuate Collection Set: 1.1ms
[413.740s][debug][gc,phases      ] GC(15)     Pre Evacuate Prepare: 0.2ms
[413.740s][debug][gc,phases      ] GC(15)       JT Retire TLABs And Flush Logs (ms): Min:  0.0, Avg:  0.0, Max:  0.0, Diff:  0.0, Sum:  0.0, Workers: 2
[413.740s][debug][gc,phases      ] GC(15)       Non-JT Flush Logs (ms):        Min:  0.0, Avg:  0.0, Max:  0.0, Diff:  0.0, Sum:  0.0, Workers: 1
[413.740s][debug][gc,phases      ] GC(15)     Choose Collection Set: 0.0ms
[413.740s][debug][gc,phases      ] GC(15)     Region Register: 0.8ms
[413.740s][debug][gc,phases      ] GC(15)     Prepare Heap Roots: 0.0ms
[413.740s][info ][gc,phases      ] GC(15)   Merge Heap Roots: 1.3ms
[413.740s][debug][gc,phases      ] GC(15)     Prepare Merge Heap Roots: 0.1ms
[413.740s][debug][gc,phases      ] GC(15)     Remembered Sets (ms):          Min:  0.0, Avg:  0.0, Max:  0.1, Diff:  0.0, Sum:  1.0, Workers: 23
[413.740s][debug][gc,phases      ] GC(15)       Eager Reclaim (ms):            skipped
[413.740s][debug][gc,phases      ] GC(15)       Merged Inline                  Min: 0, Avg:  0.0, Max: 0, Diff: 0, Sum: 0, Workers: 23
[413.740s][debug][gc,phases      ] GC(15)       Merged ArrayOfCards            Min: 0, Avg:  0.0, Max: 0, Diff: 0, Sum: 0, Workers: 23
[413.740s][debug][gc,phases      ] GC(15)       Merged Howl                    Min: 0, Avg:  0.0, Max: 0, Diff: 0, Sum: 0, Workers: 23
[413.740s][debug][gc,phases      ] GC(15)       Merged Full                    Min: 0, Avg:  0.0, Max: 0, Diff: 0, Sum: 0, Workers: 23
[413.740s][debug][gc,phases      ] GC(15)       Merged Howl Inline             Min: 0, Avg:  0.0, Max: 0, Diff: 0, Sum: 0, Workers: 23
[413.740s][debug][gc,phases      ] GC(15)       Merged Howl ArrayOfCards       Min: 0, Avg:  0.0, Max: 0, Diff: 0, Sum: 0, Workers: 23
[413.740s][debug][gc,phases      ] GC(15)       Merged Howl BitMap             Min: 0, Avg:  0.0, Max: 0, Diff: 0, Sum: 0, Workers: 23
[413.741s][debug][gc,phases      ] GC(15)       Merged Howl Full               Min: 0, Avg:  0.0, Max: 0, Diff: 0, Sum: 0, Workers: 23
[413.741s][debug][gc,phases      ] GC(15)       Merged Cards                   Min: 8, Avg:  8.0, Max: 8, Diff: 0, Sum: 184, Workers: 23
[413.741s][debug][gc,phases      ] GC(15)     Log Buffers (ms):              Min:  0.0, Avg:  0.1, Max:  1.0, Diff:  1.0, Sum:  3.4, Workers: 23
[413.741s][debug][gc,phases      ] GC(15)       Dirty Cards:                   Min: 0, Avg: 2450.9, Max: 14869, Diff: 14869, Sum: 56371, Workers: 23
[413.741s][debug][gc,phases      ] GC(15)       Skipped Cards:                 Min: 0, Avg:  0.0, Max: 0, Diff: 0, Sum: 0, Workers: 23
[413.741s][info ][gc,phases      ] GC(15)   Evacuate Collection Set: 4438.3ms
[413.741s][debug][gc,phases      ] GC(15)     Ext Root Scanning (ms):        Min:  0.0, Avg:  0.0, Max:  0.1, Diff:  0.1, Sum:  0.4, Workers: 23
[413.741s][debug][gc,phases      ] GC(15)     Scan Heap Roots (ms):          Min:  1.7, Avg:  3.3, Max:  5.2, Diff:  3.6, Sum: 76.8, Workers: 23
[413.741s][debug][gc,phases      ] GC(15)       Scanned Cards:                 Min: 896, Avg: 2038.2, Max: 5760, Diff: 4864, Sum: 46878, Workers: 23
[413.741s][debug][gc,phases      ] GC(15)       Scanned Blocks:                Min: 7, Avg: 16.0, Max: 45, Diff: 38, Sum: 369, Workers: 23
[413.741s][debug][gc,phases      ] GC(15)       Claimed Chunks:                Min: 7, Avg: 16.0, Max: 45, Diff: 38, Sum: 369, Workers: 23
[413.741s][debug][gc,phases      ] GC(15)       Found Roots:                   Min: 114688, Avg: 173913.2, Max: 262146, Diff: 147458, Sum: 4000004, Workers: 23
[413.741s][debug][gc,phases      ] GC(15)     Code Root Scan (ms):           Min:  0.0, Avg:  0.0, Max:  0.2, Diff:  0.2, Sum:  0.3, Workers: 23
[413.741s][debug][gc,phases      ] GC(15)     Object Copy (ms):              Min: 2471.0, Avg: 2655.0, Max: 2908.2, Diff: 437.3, Sum: 61064.1, Workers: 23
[413.741s][debug][gc,phases      ] GC(15)     Termination (ms):              Min: 1492.9, Avg: 1735.4, Max: 1898.2, Diff: 405.3, Sum: 39913.3, Workers: 23
[413.741s][debug][gc,phases      ] GC(15)       Termination Attempts:          Min: 41811, Avg: 46746.7, Max: 53497, Diff: 11686, Sum: 1075174, Workers: 23
[413.741s][debug][gc,phases      ] GC(15)     GC Worker Other (ms):          Min:  0.0, Avg:  0.1, Max:  0.7, Diff:  0.7, Sum:  2.3, Workers: 23
[413.741s][debug][gc,phases      ] GC(15)     GC Worker Total (ms):          Min: 4357.7, Avg: 4393.8, Max: 4438.1, Diff: 80.4, Sum: 101057.1, Workers: 23
[413.741s][info ][gc,phases      ] GC(15)   Post Evacuate Collection Set: 2.5ms
[413.741s][debug][gc,phases      ] GC(15)     NMethod List Cleanup: 0.0ms
[413.741s][debug][gc,phases      ] GC(15)     Reference Processing: 0.0ms
[413.741s][debug][gc,phases,ref  ] GC(15)       Notify Soft/WeakReferences: 0.0ms
[413.741s][debug][gc,phases,ref  ] GC(15)         SoftRef (ms):                  skipped
[413.742s][debug][gc,phases,ref  ] GC(15)         WeakRef (ms):                  skipped
[413.742s][debug][gc,phases,ref  ] GC(15)         FinalRef (ms):                 skipped
[413.742s][debug][gc,phases,ref  ] GC(15)         Total (ms):                    skipped
[413.742s][debug][gc,phases,ref  ] GC(15)       Notify and keep alive finalizable: 0.0ms
[413.742s][debug][gc,phases,ref  ] GC(15)         FinalRef (ms):                 skipped
[413.742s][debug][gc,phases,ref  ] GC(15)       Notify PhantomReferences: 0.0ms
[413.742s][debug][gc,phases,ref  ] GC(15)         PhantomRef (ms):               skipped
[413.742s][debug][gc,phases,ref  ] GC(15)       SoftReference Discovered: 0, Dropped: 0, Processed: 0
[413.742s][debug][gc,phases,ref  ] GC(15)       WeakReference Discovered: 0, Dropped: 0, Processed: 0
[413.742s][debug][gc,phases,ref  ] GC(15)       FinalReference Discovered: 0, Dropped: 0, Processed: 0
[413.742s][debug][gc,phases,ref  ] GC(15)       PhantomReference Discovered: 0, Dropped: 0, Processed: 0
[413.742s][debug][gc,phases      ] GC(15)     Weak Processing: 0.1ms
[413.742s][debug][gc,phases      ] GC(15)       VM Weak                        Min:  0.0, Avg:  0.0, Max:  0.0, Diff:  0.0, Sum:  0.0, Workers: 6
[413.742s][debug][gc,phases      ] GC(15)         Dead                           Min: 0, Avg:  0.0, Max: 0, Diff: 0, Sum: 0, Workers: 6
[413.742s][debug][gc,phases      ] GC(15)         Total                          Min: 0, Avg:  2.3, Max: 14, Diff: 14, Sum: 14, Workers: 6
[413.742s][debug][gc,phases      ] GC(15)       ObjectSynchronizer Weak        Min:  0.0, Avg:  0.0, Max:  0.0, Diff:  0.0, Sum:  0.0, Workers: 6
[413.742s][debug][gc,phases      ] GC(15)         Dead                           Min: 0, Avg:  0.0, Max: 0, Diff: 0, Sum: 0, Workers: 6
[413.742s][debug][gc,phases      ] GC(15)         Total                          Min: 0, Avg:  0.2, Max: 1, Diff: 1, Sum: 1, Workers: 6
[413.742s][debug][gc,phases      ] GC(15)       JVMTI Tag Weak OopStorage      Min:  0.0, Avg:  0.0, Max:  0.0, Diff:  0.0, Sum:  0.0, Workers: 6
[413.742s][debug][gc,phases      ] GC(15)         Dead                           Min: 0, Avg:  0.0, Max: 0, Diff: 0, Sum: 0, Workers: 6
[413.742s][debug][gc,phases      ] GC(15)         Total                          Min: 0, Avg:  0.0, Max: 0, Diff: 0, Sum: 0, Workers: 6
[413.742s][debug][gc,phases      ] GC(15)       StringTable Weak               Min:  0.0, Avg:  0.0, Max:  0.0, Diff:  0.0, Sum:  0.1, Workers: 6
[413.742s][debug][gc,phases      ] GC(15)         Dead                           Min: 0, Avg:  0.0, Max: 0, Diff: 0, Sum: 0, Workers: 6
[413.742s][debug][gc,phases      ] GC(15)         Total                          Min: 0, Avg: 952.7, Max: 2432, Diff: 2432, Sum: 5716, Workers: 6
[413.742s][debug][gc,phases      ] GC(15)       ResolvedMethodTable Weak       Min:  0.0, Avg:  0.0, Max:  0.0, Diff:  0.0, Sum:  0.0, Workers: 6
[413.742s][debug][gc,phases      ] GC(15)         Dead                           Min: 0, Avg:  0.0, Max: 0, Diff: 0, Sum: 0, Workers: 6
[413.743s][debug][gc,phases      ] GC(15)         Total                          Min: 0, Avg: 30.7, Max: 64, Diff: 64, Sum: 184, Workers: 6
[413.743s][debug][gc,phases      ] GC(15)       JNI Weak                       Min:  0.0, Avg:  0.0, Max:  0.0, Diff:  0.0, Sum:  0.0, Workers: 6
[413.743s][debug][gc,phases      ] GC(15)         Dead                           Min: 0, Avg:  0.0, Max: 0, Diff: 0, Sum: 0, Workers: 6
[413.743s][debug][gc,phases      ] GC(15)         Total                          Min: 0, Avg:  0.0, Max: 0, Diff: 0, Sum: 0, Workers: 6
[413.743s][debug][gc,phases      ] GC(15)       StringDedup Table Weak         Min:  0.0, Avg:  0.0, Max:  0.0, Diff:  0.0, Sum:  0.0, Workers: 6
[413.743s][debug][gc,phases      ] GC(15)         Dead                           Min: 0, Avg:  0.0, Max: 0, Diff: 0, Sum: 0, Workers: 6
[413.743s][debug][gc,phases      ] GC(15)         Total                          Min: 0, Avg:  0.0, Max: 0, Diff: 0, Sum: 0, Workers: 6
[413.743s][debug][gc,phases      ] GC(15)       StringDedup Requests0 Weak     Min:  0.0, Avg:  0.0, Max:  0.0, Diff:  0.0, Sum:  0.0, Workers: 6
[413.743s][debug][gc,phases      ] GC(15)         Dead                           Min: 0, Avg:  0.0, Max: 0, Diff: 0, Sum: 0, Workers: 6
[413.743s][debug][gc,phases      ] GC(15)         Total                          Min: 0, Avg:  0.0, Max: 0, Diff: 0, Sum: 0, Workers: 6
[413.743s][debug][gc,phases      ] GC(15)       StringDedup Requests1 Weak     Min:  0.0, Avg:  0.0, Max:  0.0, Diff:  0.0, Sum:  0.0, Workers: 6
[413.743s][debug][gc,phases      ] GC(15)         Dead                           Min: 0, Avg:  0.0, Max: 0, Diff: 0, Sum: 0, Workers: 6
[413.743s][debug][gc,phases      ] GC(15)         Total                          Min: 0, Avg:  0.0, Max: 0, Diff: 0, Sum: 0, Workers: 6
[413.743s][debug][gc,phases      ] GC(15)       Weak JFR Old Object Samples    Min:  0.0, Avg:  0.0, Max:  0.0, Diff:  0.0, Sum:  0.0, Workers: 6
[413.743s][debug][gc,phases      ] GC(15)         Dead                           Min: 0, Avg:  0.0, Max: 0, Diff: 0, Sum: 0, Workers: 6
[413.743s][debug][gc,phases      ] GC(15)         Total                          Min: 0, Avg:  0.0, Max: 0, Diff: 0, Sum: 0, Workers: 6
[413.743s][debug][gc,phases      ] GC(15)     Post Evacuate Cleanup 1: 1.3ms
[413.743s][debug][gc,phases      ] GC(15)       Merge Per-Thread State (ms):   Min:  0.5, Avg:  0.5, Max:  0.5, Diff:  0.0, Sum:  0.5, Workers: 1
[413.743s][debug][gc,phases      ] GC(15)         Copied Bytes                   Min: 23157840, Avg: 27986745.7, Max: 31455728, Diff: 8297888, Sum: 643695152, Workers: 23
[413.743s][debug][gc,phases      ] GC(15)         LAB Waste                      Min: 104, Avg: 148.9, Max: 184, Diff: 80, Sum: 3424, Workers: 23
[413.743s][debug][gc,phases      ] GC(15)         LAB Undo Waste                 Min: 0, Avg:  0.0, Max: 0, Diff: 0, Sum: 0, Workers: 23
[413.743s][debug][gc,phases      ] GC(15)       Clear Logged Cards (ms):       Min:  0.0, Avg:  0.7, Max:  0.8, Diff:  0.8, Sum: 12.0, Workers: 18
[413.743s][debug][gc,phases      ] GC(15)       Recalculate Used Memory (ms):  Min:  0.0, Avg:  0.0, Max:  0.0, Diff:  0.0, Sum:  0.0, Workers: 1
[413.743s][debug][gc,phases      ] GC(15)     Post Evacuate Cleanup 2: 0.9ms
[413.743s][debug][gc,phases      ] GC(15)       Update Derived Pointers (ms):  Min:  0.0, Avg:  0.0, Max:  0.0, Diff:  0.0, Sum:  0.0, Workers: 1
[413.744s][debug][gc,phases      ] GC(15)       Eagerly Reclaim Humongous Objects (ms): skipped
[413.744s][debug][gc,phases      ] GC(15)         Humongous Total                skipped
[413.744s][debug][gc,phases      ] GC(15)         Humongous Candidates           skipped
[413.744s][debug][gc,phases      ] GC(15)         Humongous Reclaimed            skipped
[413.744s][debug][gc,phases      ] GC(15)       Redirty Logged Cards (ms):     Min:  0.0, Avg:  0.1, Max:  0.1, Diff:  0.1, Sum:  1.8, Workers: 23
[413.744s][debug][gc,phases      ] GC(15)         Redirtied Cards:               Min: 0, Avg: 1771.6, Max: 4403, Diff: 4403, Sum: 40746, Workers: 23
[413.744s][debug][gc,phases      ] GC(15)       Resize TLABs (ms):             Min:  0.0, Avg:  0.0, Max:  0.0, Diff:  0.0, Sum:  0.0, Workers: 23
[413.744s][debug][gc,phases      ] GC(15)       Free Collection Set (ms):      Min:  0.0, Avg:  0.4, Max:  0.6, Diff:  0.5, Sum:  8.6, Workers: 23
[413.744s][debug][gc,phases      ] GC(15)     Rebuild Free List: 0.2ms
[413.744s][debug][gc,phases      ] GC(15)     Prepare For Mutator: 0.0ms
[413.744s][debug][gc,phases      ] GC(15)     Expand Heap After Collection: 0.0ms
[413.744s][info ][gc,phases      ] GC(15)   Other: 0.4ms
[413.744s][info ][gc,heap        ] GC(15) Eden regions: 944->0(941)
[413.744s][info ][gc,heap        ] GC(15) Survivor regions: 80->83(256)
[413.744s][info ][gc,heap        ] GC(15) Old regions: 141->141
[413.744s][info ][gc,heap        ] GC(15) Humongous regions: 7->7
[413.744s][info ][gc,metaspace   ] GC(15) Metaspace: 1298K(1472K)->1298K(1472K) NonClass: 1191K(1280K)->1191K(1280K) Class: 107K(192K)->107K(192K)
[413.744s][debug][gc,heap        ] GC(15) Heap after GC invocations=16 (full 1):
[413.744s][debug][gc,heap        ] GC(15)  garbage-first heap   total 16777216K, used 1834612K [0x0000000400000000, 0x0000000800000000)
[413.744s][debug][gc,heap        ] GC(15)   region size 8192K, 83 young (679936K), 83 survivors (679936K)
[413.744s][debug][gc,heap        ] GC(15)  Metaspace       used 1298K, committed 1472K, reserved 1114112K
[413.744s][debug][gc,heap        ] GC(15)   class space    used 107K, committed 192K, reserved 1048576K
[413.744s][info ][gc             ] GC(15) Pause Young (Normal) (G1 Evacuation Pause) 9319M->1791M(16384M) 4448.447ms
[413.744s][info ][gc,cpu         ] GC(15) User=66.38s Sys=1.14s Real=4.45s
[413.745s][info ][safepoint      ] Safepoint "G1CollectForAllocation", Time since last: 21503479801 ns, Reaching safepoint: 5499 ns, Cleanup: 6801 ns, At safepoint: 4448641000 ns, Total: 4448653300 ns
[428.906s][info ][gc,heap,exit   ] Heap
[428.906s][info ][gc,heap,exit   ]  garbage-first heap   total 16777216K, used 7388458K [0x0000000400000000, 0x0000000800000000)
[428.906s][info ][gc,heap,exit   ]   region size 8192K, 761 young (6234112K), 83 survivors (679936K)
[428.906s][info ][gc,heap,exit   ]  Metaspace       used 1381K, committed 1536K, reserved 1114112K
[428.906s][info ][gc,heap,exit   ]   class space    used 118K, committed 192K, reserved 1048576K
