[0.006s][info][gc,init] CardTable entry size: 512
[0.007s][debug][gc,heap] Minimum heap 17179869184  Initial heap 17179869184  Maximum heap 17179869184
[0.007s][info ][gc     ] Using G1
[0.007s][debug][gc,heap,coops] Heap address: 0x0000000400000000, size: 16384 MB, Compressed Oops mode: Zero based, Oop shift amount: 3
[0.007s][debug][gc,ergo,heap ] Expand the heap. requested expansion amount: 17179869184B expansion amount: 17179869184B
[0.030s][debug][gc,heap,region] Activate regions [0, 2048)
[0.031s][info ][gc,init       ] Version: 21.0.1+12-LTS (release)
[0.031s][info ][gc,init       ] CPUs: 32 total, 32 available
[0.031s][info ][gc,init       ] Memory: 32386M
[0.031s][info ][gc,init       ] Large Page Support: Disabled
[0.031s][info ][gc,init       ] NUMA Support: Disabled
[0.031s][info ][gc,init       ] Compressed Oops: Enabled (Zero based)
[0.031s][info ][gc,init       ] Heap Region Size: 8M
[0.031s][info ][gc,init       ] Heap Min Capacity: 16G
[0.031s][info ][gc,init       ] Heap Initial Capacity: 16G
[0.031s][info ][gc,init       ] Heap Max Capacity: 16G
[0.031s][info ][gc,init       ] Pre-touch: Disabled
[0.031s][info ][gc,init       ] Parallel Workers: 23
[0.031s][info ][gc,init       ] Concurrent Workers: 6
[0.031s][info ][gc,init       ] Concurrent Refinement Workers: 23
[0.031s][info ][gc,init       ] Periodic GC: Disabled
[0.037s][info ][gc,metaspace  ] CDS archive(s) mapped at: [0x0000023cda000000-0x0000023cdac90000-0x0000023cdac90000), size 13172736, SharedBaseAddress: 0x0000023cda000000, ArchiveRelocationMode: 1.
[0.037s][info ][gc,metaspace  ] Compressed class space mapped at: 0x0000023cdb000000-0x0000023d1b000000, reserved size: 1073741824
[0.037s][info ][gc,metaspace  ] Narrow klass base: 0x0000023cda000000, Narrow klass shift: 0, Narrow klass range: 0x100000000
[1.098s][info ][gc,start      ] GC(0) Pause Full (System.gc())
[1.098s][debug][gc,heap       ] GC(0) Heap before GC invocations=0 (full 0):
[1.098s][debug][gc,heap       ] GC(0)  garbage-first heap   total 16777216K, used 73728K [0x0000000400000000, 0x0000000800000000)
[1.098s][debug][gc,heap       ] GC(0)   region size 8192K, 7 young (57344K), 0 survivors (0K)
[1.098s][debug][gc,heap       ] GC(0)  Metaspace       used 1293K, committed 1408K, reserved 1114112K
[1.098s][debug][gc,heap       ] GC(0)   class space    used 107K, committed 192K, reserved 1048576K
[1.098s][info ][gc,task       ] GC(0) Using 10 workers of 23 for full compaction
[1.098s][info ][gc,phases,start] GC(0) Phase 1: Mark live objects
[1.100s][debug][gc,phases,start] GC(0) Phase 1: Reference Processing
[1.100s][debug][gc,phases,ref  ] GC(0) Reference Processing: 0.0ms
[1.100s][debug][gc,phases,ref  ] GC(0)   Notify Soft/WeakReferences: 0.0ms
[1.100s][debug][gc,phases,ref  ] GC(0)     SoftRef (ms):                  Min:  0.0, Avg:  0.0, Max:  0.0, Diff:  0.0, Sum:  0.0, Workers: 1
[1.100s][debug][gc,phases,ref  ] GC(0)     WeakRef (ms):                  Min:  0.0, Avg:  0.0, Max:  0.0, Diff:  0.0, Sum:  0.0, Workers: 1
[1.100s][debug][gc,phases,ref  ] GC(0)     FinalRef (ms):                 Min:  0.0, Avg:  0.0, Max:  0.0, Diff:  0.0, Sum:  0.0, Workers: 1
[1.100s][debug][gc,phases,ref  ] GC(0)     Total (ms):                    Min:  0.0, Avg:  0.0, Max:  0.0, Diff:  0.0, Sum:  0.0, Workers: 1
[1.100s][debug][gc,phases,ref  ] GC(0)   Notify and keep alive finalizable: 0.0ms
[1.100s][debug][gc,phases,ref  ] GC(0)     FinalRef (ms):                 skipped
[1.100s][debug][gc,phases,ref  ] GC(0)   Notify PhantomReferences: 0.0ms
[1.100s][debug][gc,phases,ref  ] GC(0)     PhantomRef (ms):               Min:  0.0, Avg:  0.0, Max:  0.0, Diff:  0.0, Sum:  0.0, Workers: 1
[1.100s][debug][gc,phases,ref  ] GC(0)   SoftReference Discovered: 0, Dropped: 0, Processed: 0
[1.100s][debug][gc,phases,ref  ] GC(0)   WeakReference Discovered: 172, Dropped: 101, Processed: 71
[1.100s][debug][gc,phases,ref  ] GC(0)   FinalReference Discovered: 0, Dropped: 0, Processed: 0
[1.100s][debug][gc,phases,ref  ] GC(0)   PhantomReference Discovered: 30, Dropped: 5, Processed: 25
[1.100s][debug][gc,phases      ] GC(0) Phase 1: Reference Processing 0.218ms
[1.100s][debug][gc,phases,start] GC(0) Phase 1: Weak Processing
[1.101s][debug][gc,phases      ] GC(0)   VM Weak                        Min:  0.0, Avg:  0.0, Max:  0.0, Diff:  0.0, Sum:  0.0, Workers: 6
[1.101s][debug][gc,phases      ] GC(0)     Dead                           Min: 0, Avg:  0.0, Max: 0, Diff: 0, Sum: 0, Workers: 6
[1.101s][debug][gc,phases      ] GC(0)     Total                          Min: 0, Avg:  2.3, Max: 14, Diff: 14, Sum: 14, Workers: 6
[1.101s][debug][gc,phases      ] GC(0)   ObjectSynchronizer Weak        Min:  0.0, Avg:  0.0, Max:  0.0, Diff:  0.0, Sum:  0.0, Workers: 6
[1.101s][debug][gc,phases      ] GC(0)     Dead                           Min: 0, Avg:  0.0, Max: 0, Diff: 0, Sum: 0, Workers: 6
[1.101s][debug][gc,phases      ] GC(0)     Total                          Min: 0, Avg:  0.2, Max: 1, Diff: 1, Sum: 1, Workers: 6
[1.101s][debug][gc,phases      ] GC(0)   JVMTI Tag Weak OopStorage      Min:  0.0, Avg:  0.0, Max:  0.0, Diff:  0.0, Sum:  0.0, Workers: 6
[1.101s][debug][gc,phases      ] GC(0)     Dead                           Min: 0, Avg:  0.0, Max: 0, Diff: 0, Sum: 0, Workers: 6
[1.101s][debug][gc,phases      ] GC(0)     Total                          Min: 0, Avg:  0.0, Max: 0, Diff: 0, Sum: 0, Workers: 6
[1.101s][debug][gc,phases      ] GC(0)   StringTable Weak               Min:  0.0, Avg:  0.0, Max:  0.0, Diff:  0.0, Sum:  0.0, Workers: 6
[1.101s][debug][gc,phases      ] GC(0)     Dead                           Min: 0, Avg:  1.0, Max: 3, Diff: 3, Sum: 6, Workers: 6
[1.101s][debug][gc,phases      ] GC(0)     Total                          Min: 0, Avg: 952.5, Max: 2880, Diff: 2880, Sum: 5715, Workers: 6
[1.101s][debug][gc,phases      ] GC(0)   ResolvedMethodTable Weak       Min:  0.0, Avg:  0.0, Max:  0.0, Diff:  0.0, Sum:  0.0, Workers: 6
[1.101s][debug][gc,phases      ] GC(0)     Dead                           Min: 0, Avg:  3.5, Max: 11, Diff: 11, Sum: 21, Workers: 6
[1.101s][debug][gc,phases      ] GC(0)     Total                          Min: 0, Avg: 30.7, Max: 120, Diff: 120, Sum: 184, Workers: 6
[1.101s][debug][gc,phases      ] GC(0)   JNI Weak                       Min:  0.0, Avg:  0.0, Max:  0.0, Diff:  0.0, Sum:  0.0, Workers: 6
[1.101s][debug][gc,phases      ] GC(0)     Dead                           Min: 0, Avg:  0.0, Max: 0, Diff: 0, Sum: 0, Workers: 6
[1.101s][debug][gc,phases      ] GC(0)     Total                          Min: 0, Avg:  0.0, Max: 0, Diff: 0, Sum: 0, Workers: 6
[1.101s][debug][gc,phases      ] GC(0)   StringDedup Table Weak         Min:  0.0, Avg:  0.0, Max:  0.0, Diff:  0.0, Sum:  0.0, Workers: 6
[1.101s][debug][gc,phases      ] GC(0)     Dead                           Min: 0, Avg:  0.0, Max: 0, Diff: 0, Sum: 0, Workers: 6
[1.101s][debug][gc,phases      ] GC(0)     Total                          Min: 0, Avg:  0.0, Max: 0, Diff: 0, Sum: 0, Workers: 6
[1.101s][debug][gc,phases      ] GC(0)   StringDedup Requests0 Weak     Min:  0.0, Avg:  0.0, Max:  0.0, Diff:  0.0, Sum:  0.0, Workers: 6
[1.101s][debug][gc,phases      ] GC(0)     Dead                           Min: 0, Avg:  0.0, Max: 0, Diff: 0, Sum: 0, Workers: 6
[1.101s][debug][gc,phases      ] GC(0)     Total                          Min: 0, Avg:  0.0, Max: 0, Diff: 0, Sum: 0, Workers: 6
[1.101s][debug][gc,phases      ] GC(0)   StringDedup Requests1 Weak     Min:  0.0, Avg:  0.0, Max:  0.0, Diff:  0.0, Sum:  0.0, Workers: 6
[1.101s][debug][gc,phases      ] GC(0)     Dead                           Min: 0, Avg:  0.0, Max: 0, Diff: 0, Sum: 0, Workers: 6
[1.101s][debug][gc,phases      ] GC(0)     Total                          Min: 0, Avg:  0.0, Max: 0, Diff: 0, Sum: 0, Workers: 6
[1.101s][debug][gc,phases      ] GC(0)   Weak JFR Old Object Samples    Min:  0.0, Avg:  0.0, Max:  0.0, Diff:  0.0, Sum:  0.0, Workers: 6
[1.101s][debug][gc,phases      ] GC(0)     Dead                           Min: 0, Avg:  0.0, Max: 0, Diff: 0, Sum: 0, Workers: 6
[1.101s][debug][gc,phases      ] GC(0)     Total                          Min: 0, Avg:  0.0, Max: 0, Diff: 0, Sum: 0, Workers: 6
[1.101s][debug][gc,phases      ] GC(0) Phase 1: Weak Processing 0.537ms
[1.101s][debug][gc,phases,start] GC(0) Phase 1: Class Unloading and Cleanup
[1.101s][debug][gc,phases,start] GC(0) ClassLoaderData
[1.101s][debug][gc,phases      ] GC(0) ClassLoaderData 0.010ms
[1.101s][debug][gc,phases,start] GC(0) Trigger cleanups
[1.101s][debug][gc,phases      ] GC(0) Trigger cleanups 0.007ms
[1.101s][debug][gc,phases      ] GC(0) Phase 1: Class Unloading and Cleanup 0.242ms
[1.101s][debug][gc,phases,start] GC(0) Report Object Count
[1.101s][debug][gc,phases      ] GC(0) Report Object Count 0.010ms
[1.101s][info ][gc,phases      ] GC(0) Phase 1: Mark live objects 3.200ms
[1.101s][info ][gc,phases,start] GC(0) Phase 2: Prepare compaction
[1.101s][debug][gc,phases,start] GC(0) Phase 2: Determine work lists
[1.101s][debug][gc,phases      ] GC(0) Phase 2: Determine work lists 0.052ms
[1.101s][debug][gc,phases,start] GC(0) Phase 2: Prepare parallel compaction
[1.102s][debug][gc,phases      ] GC(0) Phase 2: Prepare parallel compaction 0.405ms
[1.102s][info ][gc,phases      ] GC(0) Phase 2: Prepare compaction 0.490ms
[1.102s][info ][gc,phases,start] GC(0) Phase 3: Adjust pointers
[1.103s][info ][gc,phases      ] GC(0) Phase 3: Adjust pointers 0.975ms
[1.103s][info ][gc,phases,start] GC(0) Phase 4: Compact heap
[1.103s][info ][gc,phases      ] GC(0) Phase 4: Compact heap 0.517ms
[1.103s][info ][gc,phases,start] GC(0) Phase 5: Reset Metadata
[1.104s][info ][gc,phases      ] GC(0) Phase 5: Reset Metadata 0.677ms
[1.125s][info ][gc,heap        ] GC(0) Eden regions: 7->0(1024)
[1.125s][info ][gc,heap        ] GC(0) Survivor regions: 0->0(0)
[1.125s][info ][gc,heap        ] GC(0) Old regions: 0->7
[1.125s][info ][gc,heap        ] GC(0) Humongous regions: 3->3
[1.125s][info ][gc,metaspace   ] GC(0) Metaspace: 1293K(1408K)->1293K(1408K) NonClass: 1186K(1216K)->1186K(1216K) Class: 107K(192K)->107K(192K)
[1.125s][debug][gc,heap        ] GC(0) Heap after GC invocations=1 (full 1):
[1.125s][debug][gc,heap        ] GC(0)  garbage-first heap   total 16777216K, used 26212K [0x0000000400000000, 0x0000000800000000)
[1.125s][debug][gc,heap        ] GC(0)   region size 8192K, 0 young (0K), 0 survivors (0K)
[1.125s][debug][gc,heap        ] GC(0)  Metaspace       used 1293K, committed 1408K, reserved 1114112K
[1.125s][debug][gc,heap        ] GC(0)   class space    used 107K, committed 192K, reserved 1048576K
[1.125s][info ][gc             ] GC(0) Pause Full (System.gc()) 76M->25M(16384M) 27.446ms
[1.125s][info ][gc,cpu         ] GC(0) User=0.02s Sys=0.12s Real=0.03s
[1.125s][info ][safepoint      ] Safepoint "G1CollectFull", Time since last: 1058280100 ns, Reaching safepoint: 7600 ns, Cleanup: 43599 ns, At safepoint: 27481201 ns, Total: 27532400 ns
[3.130s][info ][safepoint      ] Safepoint "Cleanup", Time since last: 2004456699 ns, Reaching safepoint: 30200 ns, Cleanup: 37701 ns, At safepoint: 4400 ns, Total: 72301 ns
[4.132s][info ][safepoint      ] Safepoint "Cleanup", Time since last: 1002514800 ns, Reaching safepoint: 7800 ns, Cleanup: 19999 ns, At safepoint: 3201 ns, Total: 31000 ns
[5.139s][info ][safepoint      ] Safepoint "Cleanup", Time since last: 1006539199 ns, Reaching safepoint: 6701 ns, Cleanup: 14500 ns, At safepoint: 2700 ns, Total: 23901 ns
[28.318s][info ][gc,start       ] GC(1) Pause Young (Normal) (G1 Evacuation Pause)
[28.318s][debug][gc,heap        ] GC(1) Heap before GC invocations=1 (full 1):
[28.318s][debug][gc,heap        ] GC(1)  garbage-first heap   total 16777216K, used 8447588K [0x0000000400000000, 0x0000000800000000)
[28.318s][debug][gc,heap        ] GC(1)   region size 8192K, 1024 young (8388608K), 0 survivors (0K)
[28.318s][debug][gc,heap        ] GC(1)  Metaspace       used 1295K, committed 1408K, reserved 1114112K
[28.318s][debug][gc,heap        ] GC(1)   class space    used 107K, committed 192K, reserved 1048576K
[28.319s][info ][gc,task        ] GC(1) Using 23 workers of 23 for evacuation
[36.773s][debug][gc,ergo,heap   ] GC(1) Heap expansion: short term pause time ratio 2.40% long term pause time ratio 2.40% threshold 7.69% pause time ratio 7.69% fully expanded true resize by 0B
[36.773s][info ][gc,mmu         ] GC(1) MMU target violated: 201.0ms (200.0ms/201.0ms)
[36.773s][info ][gc,phases      ] GC(1)   Pre Evacuate Collection Set: 1.3ms
[36.773s][debug][gc,phases      ] GC(1)     Pre Evacuate Prepare: 0.2ms
[36.773s][debug][gc,phases      ] GC(1)       JT Retire TLABs And Flush Logs (ms): Min:  0.0, Avg:  0.0, Max:  0.0, Diff:  0.0, Sum:  0.0, Workers: 2
[36.773s][debug][gc,phases      ] GC(1)       Non-JT Flush Logs (ms):        Min:  0.0, Avg:  0.0, Max:  0.0, Diff:  0.0, Sum:  0.0, Workers: 1
[36.773s][debug][gc,phases      ] GC(1)     Choose Collection Set: 0.0ms
[36.773s][debug][gc,phases      ] GC(1)     Region Register: 1.0ms
[36.773s][debug][gc,phases      ] GC(1)     Prepare Heap Roots: 0.1ms
[36.773s][info ][gc,phases      ] GC(1)   Merge Heap Roots: 1.3ms
[36.773s][debug][gc,phases      ] GC(1)     Prepare Merge Heap Roots: 0.3ms
[36.773s][debug][gc,phases      ] GC(1)     Remembered Sets (ms):          Min:  0.0, Avg:  0.1, Max:  0.1, Diff:  0.1, Sum:  1.3, Workers: 23
[36.773s][debug][gc,phases      ] GC(1)       Eager Reclaim (ms):            skipped
[36.773s][debug][gc,phases      ] GC(1)       Merged Inline                  Min: 0, Avg:  0.0, Max: 0, Diff: 0, Sum: 0, Workers: 23
[36.773s][debug][gc,phases      ] GC(1)       Merged ArrayOfCards            Min: 0, Avg:  0.0, Max: 0, Diff: 0, Sum: 0, Workers: 23
[36.773s][debug][gc,phases      ] GC(1)       Merged Howl                    Min: 0, Avg:  0.0, Max: 0, Diff: 0, Sum: 0, Workers: 23
[36.773s][debug][gc,phases      ] GC(1)       Merged Full                    Min: 0, Avg:  0.0, Max: 0, Diff: 0, Sum: 0, Workers: 23
[36.774s][debug][gc,phases      ] GC(1)       Merged Howl Inline             Min: 0, Avg:  0.0, Max: 0, Diff: 0, Sum: 0, Workers: 23
[36.774s][debug][gc,phases      ] GC(1)       Merged Howl ArrayOfCards       Min: 0, Avg:  0.0, Max: 0, Diff: 0, Sum: 0, Workers: 23
[36.774s][debug][gc,phases      ] GC(1)       Merged Howl BitMap             Min: 0, Avg:  0.0, Max: 0, Diff: 0, Sum: 0, Workers: 23
[36.774s][debug][gc,phases      ] GC(1)       Merged Howl Full               Min: 0, Avg:  0.0, Max: 0, Diff: 0, Sum: 0, Workers: 23
[36.774s][debug][gc,phases      ] GC(1)       Merged Cards                   Min: 8, Avg:  8.0, Max: 8, Diff: 0, Sum: 184, Workers: 23
[36.774s][debug][gc,phases      ] GC(1)     Log Buffers (ms):              Min:  0.0, Avg:  0.4, Max:  0.7, Diff:  0.7, Sum:  8.5, Workers: 23
[36.774s][debug][gc,phases      ] GC(1)       Dirty Cards:                   Min: 0, Avg: 3806.8, Max: 8448, Diff: 8448, Sum: 87557, Workers: 23
[36.774s][debug][gc,phases      ] GC(1)       Skipped Cards:                 Min: 0, Avg:  0.0, Max: 0, Diff: 0, Sum: 0, Workers: 23
[36.774s][info ][gc,phases      ] GC(1)   Evacuate Collection Set: 8447.5ms
[36.774s][debug][gc,phases      ] GC(1)     Ext Root Scanning (ms):        Min:  0.0, Avg:  0.0, Max:  0.1, Diff:  0.1, Sum:  0.5, Workers: 23
[36.774s][debug][gc,phases      ] GC(1)     Scan Heap Roots (ms):          Min:  0.0, Avg:  7.2, Max: 36.4, Diff: 36.4, Sum: 165.1, Workers: 23
[36.774s][debug][gc,phases      ] GC(1)       Scanned Cards:                 Min: 0, Avg: 3806.8, Max: 17280, Diff: 17280, Sum: 87557, Workers: 23
[36.774s][debug][gc,phases      ] GC(1)       Scanned Blocks:                Min: 0, Avg: 31.8, Max: 135, Diff: 135, Sum: 731, Workers: 23
[36.774s][debug][gc,phases      ] GC(1)       Claimed Chunks:                Min: 0, Avg: 30.4, Max: 135, Diff: 135, Sum: 699, Workers: 23
[36.774s][debug][gc,phases      ] GC(1)       Found Roots:                   Min: 0, Avg: 247190.2, Max: 360448, Diff: 360448, Sum: 5685374, Workers: 23
[36.774s][debug][gc,phases      ] GC(1)     Code Root Scan (ms):           Min:  0.0, Avg:  0.0, Max:  0.2, Diff:  0.2, Sum:  0.2, Workers: 23
[36.774s][debug][gc,phases      ] GC(1)     Object Copy (ms):              Min: 4060.5, Avg: 4474.1, Max: 4876.3, Diff: 815.8, Sum: 102905.2, Workers: 23
[36.774s][debug][gc,phases      ] GC(1)     Termination (ms):              Min: 3564.6, Avg: 3941.6, Max: 4185.7, Diff: 621.0, Sum: 90656.4, Workers: 23
[36.774s][debug][gc,phases      ] GC(1)       Termination Attempts:          Min: 77122, Avg: 84108.7, Max: 94552, Diff: 17430, Sum: 1934501, Workers: 23
[36.775s][debug][gc,phases      ] GC(1)     GC Worker Other (ms):          Min:  0.0, Avg:  6.1, Max: 32.2, Diff: 32.2, Sum: 140.7, Workers: 23
[36.775s][debug][gc,phases      ] GC(1)     GC Worker Total (ms):          Min: 8238.7, Avg: 8429.0, Max: 8447.2, Diff: 208.5, Sum: 193868.0, Workers: 23
[36.775s][info ][gc,phases      ] GC(1)   Post Evacuate Collection Set: 2.4ms
[36.775s][debug][gc,phases      ] GC(1)     NMethod List Cleanup: 0.0ms
[36.775s][debug][gc,phases      ] GC(1)     Reference Processing: 0.0ms
[36.775s][debug][gc,phases,ref  ] GC(1)       Notify Soft/WeakReferences: 0.0ms
[36.775s][debug][gc,phases,ref  ] GC(1)         SoftRef (ms):                  skipped
[36.775s][debug][gc,phases,ref  ] GC(1)         WeakRef (ms):                  skipped
[36.775s][debug][gc,phases,ref  ] GC(1)         FinalRef (ms):                 skipped
[36.775s][debug][gc,phases,ref  ] GC(1)         Total (ms):                    skipped
[36.775s][debug][gc,phases,ref  ] GC(1)       Notify and keep alive finalizable: 0.0ms
[36.775s][debug][gc,phases,ref  ] GC(1)         FinalRef (ms):                 skipped
[36.775s][debug][gc,phases,ref  ] GC(1)       Notify PhantomReferences: 0.0ms
[36.775s][debug][gc,phases,ref  ] GC(1)         PhantomRef (ms):               skipped
[36.775s][debug][gc,phases,ref  ] GC(1)       SoftReference Discovered: 0, Dropped: 0, Processed: 0
[36.775s][debug][gc,phases,ref  ] GC(1)       WeakReference Discovered: 0, Dropped: 0, Processed: 0
[36.775s][debug][gc,phases,ref  ] GC(1)       FinalReference Discovered: 0, Dropped: 0, Processed: 0
[36.775s][debug][gc,phases,ref  ] GC(1)       PhantomReference Discovered: 0, Dropped: 0, Processed: 0
[36.775s][debug][gc,phases      ] GC(1)     Weak Processing: 0.1ms
[36.775s][debug][gc,phases      ] GC(1)       VM Weak                        Min:  0.0, Avg:  0.0, Max:  0.0, Diff:  0.0, Sum:  0.0, Workers: 6
[36.775s][debug][gc,phases      ] GC(1)         Dead                           Min: 0, Avg:  0.0, Max: 0, Diff: 0, Sum: 0, Workers: 6
[36.775s][debug][gc,phases      ] GC(1)         Total                          Min: 0, Avg:  2.3, Max: 14, Diff: 14, Sum: 14, Workers: 6
[36.775s][debug][gc,phases      ] GC(1)       ObjectSynchronizer Weak        Min:  0.0, Avg:  0.0, Max:  0.0, Diff:  0.0, Sum:  0.0, Workers: 6
[36.775s][debug][gc,phases      ] GC(1)         Dead                           Min: 0, Avg:  0.0, Max: 0, Diff: 0, Sum: 0, Workers: 6
[36.775s][debug][gc,phases      ] GC(1)         Total                          Min: 0, Avg:  0.2, Max: 1, Diff: 1, Sum: 1, Workers: 6
[36.775s][debug][gc,phases      ] GC(1)       JVMTI Tag Weak OopStorage      Min:  0.0, Avg:  0.0, Max:  0.0, Diff:  0.0, Sum:  0.0, Workers: 6
[36.776s][debug][gc,phases      ] GC(1)         Dead                           Min: 0, Avg:  0.0, Max: 0, Diff: 0, Sum: 0, Workers: 6
[36.776s][debug][gc,phases      ] GC(1)         Total                          Min: 0, Avg:  0.0, Max: 0, Diff: 0, Sum: 0, Workers: 6
[36.776s][debug][gc,phases      ] GC(1)       StringTable Weak               Min:  0.0, Avg:  0.0, Max:  0.0, Diff:  0.0, Sum:  0.1, Workers: 6
[36.776s][debug][gc,phases      ] GC(1)         Dead                           Min: 0, Avg:  0.0, Max: 0, Diff: 0, Sum: 0, Workers: 6
[36.776s][debug][gc,phases      ] GC(1)         Total                          Min: 320, Avg: 953.2, Max: 1920, Diff: 1600, Sum: 5719, Workers: 6
[36.776s][debug][gc,phases      ] GC(1)       ResolvedMethodTable Weak       Min:  0.0, Avg:  0.0, Max:  0.0, Diff:  0.0, Sum:  0.0, Workers: 6
[36.776s][debug][gc,phases      ] GC(1)         Dead                           Min: 0, Avg:  0.0, Max: 0, Diff: 0, Sum: 0, Workers: 6
[36.776s][debug][gc,phases      ] GC(1)         Total                          Min: 0, Avg: 30.7, Max: 64, Diff: 64, Sum: 184, Workers: 6
[36.776s][debug][gc,phases      ] GC(1)       JNI Weak                       Min:  0.0, Avg:  0.0, Max:  0.0, Diff:  0.0, Sum:  0.0, Workers: 6
[36.776s][debug][gc,phases      ] GC(1)         Dead                           Min: 0, Avg:  0.0, Max: 0, Diff: 0, Sum: 0, Workers: 6
[36.776s][debug][gc,phases      ] GC(1)         Total                          Min: 0, Avg:  0.0, Max: 0, Diff: 0, Sum: 0, Workers: 6
[36.776s][debug][gc,phases      ] GC(1)       StringDedup Table Weak         Min:  0.0, Avg:  0.0, Max:  0.0, Diff:  0.0, Sum:  0.0, Workers: 6
[36.776s][debug][gc,phases      ] GC(1)         Dead                           Min: 0, Avg:  0.0, Max: 0, Diff: 0, Sum: 0, Workers: 6
[36.776s][debug][gc,phases      ] GC(1)         Total                          Min: 0, Avg:  0.0, Max: 0, Diff: 0, Sum: 0, Workers: 6
[36.776s][debug][gc,phases      ] GC(1)       StringDedup Requests0 Weak     Min:  0.0, Avg:  0.0, Max:  0.0, Diff:  0.0, Sum:  0.0, Workers: 6
[36.776s][debug][gc,phases      ] GC(1)         Dead                           Min: 0, Avg:  0.0, Max: 0, Diff: 0, Sum: 0, Workers: 6
[36.776s][debug][gc,phases      ] GC(1)         Total                          Min: 0, Avg:  0.0, Max: 0, Diff: 0, Sum: 0, Workers: 6
[36.776s][debug][gc,phases      ] GC(1)       StringDedup Requests1 Weak     Min:  0.0, Avg:  0.0, Max:  0.0, Diff:  0.0, Sum:  0.0, Workers: 6
[36.776s][debug][gc,phases      ] GC(1)         Dead                           Min: 0, Avg:  0.0, Max: 0, Diff: 0, Sum: 0, Workers: 6
[36.776s][debug][gc,phases      ] GC(1)         Total                          Min: 0, Avg:  0.0, Max: 0, Diff: 0, Sum: 0, Workers: 6
[36.776s][debug][gc,phases      ] GC(1)       Weak JFR Old Object Samples    Min:  0.0, Avg:  0.0, Max:  0.0, Diff:  0.0, Sum:  0.0, Workers: 6
[36.776s][debug][gc,phases      ] GC(1)         Dead                           Min: 0, Avg:  0.0, Max: 0, Diff: 0, Sum: 0, Workers: 6
[36.776s][debug][gc,phases      ] GC(1)         Total                          Min: 0, Avg:  0.0, Max: 0, Diff: 0, Sum: 0, Workers: 6
[36.777s][debug][gc,phases      ] GC(1)     Post Evacuate Cleanup 1: 1.0ms
[36.777s][debug][gc,phases      ] GC(1)       Merge Per-Thread State (ms):   Min:  0.3, Avg:  0.3, Max:  0.3, Diff:  0.0, Sum:  0.3, Workers: 1
[36.777s][debug][gc,phases      ] GC(1)         Copied Bytes                   Min: 33099304, Avg: 48615859.1, Max: 59179544, Diff: 26080240, Sum: 1118164760, Workers: 23
[36.777s][debug][gc,phases      ] GC(1)         LAB Waste                      Min: 1432, Avg: 1632.3, Max: 1784, Diff: 352, Sum: 37544, Workers: 23
[36.777s][debug][gc,phases      ] GC(1)         LAB Undo Waste                 Min: 0, Avg:  0.0, Max: 0, Diff: 0, Sum: 0, Workers: 23
[36.777s][debug][gc,phases      ] GC(1)       Clear Logged Cards (ms):       Min:  0.0, Avg:  0.4, Max:  0.9, Diff:  0.9, Sum:  7.6, Workers: 18
[36.777s][debug][gc,phases      ] GC(1)       Recalculate Used Memory (ms):  Min:  0.0, Avg:  0.0, Max:  0.0, Diff:  0.0, Sum:  0.0, Workers: 1
[36.777s][debug][gc,phases      ] GC(1)     Post Evacuate Cleanup 2: 0.9ms
[36.777s][debug][gc,phases      ] GC(1)       Update Derived Pointers (ms):  Min:  0.0, Avg:  0.0, Max:  0.0, Diff:  0.0, Sum:  0.0, Workers: 1
[36.777s][debug][gc,phases      ] GC(1)       Eagerly Reclaim Humongous Objects (ms): skipped
[36.777s][debug][gc,phases      ] GC(1)         Humongous Total                skipped
[36.777s][debug][gc,phases      ] GC(1)         Humongous Candidates           skipped
[36.777s][debug][gc,phases      ] GC(1)         Humongous Reclaimed            skipped
[36.777s][debug][gc,phases      ] GC(1)       Redirty Logged Cards (ms):     Min:  0.0, Avg:  0.1, Max:  0.2, Diff:  0.2, Sum:  1.8, Workers: 23
[36.777s][debug][gc,phases      ] GC(1)         Redirtied Cards:               Min: 0, Avg: 2290.0, Max: 7891, Diff: 7891, Sum: 52670, Workers: 23
[36.777s][debug][gc,phases      ] GC(1)       Resize TLABs (ms):             Min:  0.0, Avg:  0.0, Max:  0.0, Diff:  0.0, Sum:  0.0, Workers: 23
[36.777s][debug][gc,phases      ] GC(1)       Free Collection Set (ms):      Min:  0.0, Avg:  0.3, Max:  0.5, Diff:  0.4, Sum:  7.5, Workers: 23
[36.777s][debug][gc,phases      ] GC(1)     Rebuild Free List: 0.3ms
[36.777s][debug][gc,phases      ] GC(1)     Prepare For Mutator: 0.1ms
[36.777s][debug][gc,phases      ] GC(1)     Expand Heap After Collection: 0.0ms
[36.777s][info ][gc,phases      ] GC(1)   Other: 2.2ms
[36.777s][info ][gc,heap        ] GC(1) Eden regions: 1024->0(885)
[36.777s][info ][gc,heap        ] GC(1) Survivor regions: 0->139(256)
[36.778s][info ][gc,heap        ] GC(1) Old regions: 7->7
[36.778s][info ][gc,heap        ] GC(1) Humongous regions: 7->7
[36.778s][info ][gc,metaspace   ] GC(1) Metaspace: 1295K(1408K)->1295K(1408K) NonClass: 1188K(1216K)->1188K(1216K) Class: 107K(192K)->107K(192K)
[36.778s][debug][gc,heap        ] GC(1) Heap after GC invocations=2 (full 1):
[36.778s][debug][gc,heap        ] GC(1)  garbage-first heap   total 16777216K, used 1197668K [0x0000000400000000, 0x0000000800000000)
[36.778s][debug][gc,heap        ] GC(1)   region size 8192K, 139 young (1138688K), 139 survivors (1138688K)
[36.778s][debug][gc,heap        ] GC(1)  Metaspace       used 1295K, committed 1408K, reserved 1114112K
[36.778s][debug][gc,heap        ] GC(1)   class space    used 107K, committed 192K, reserved 1048576K
[36.778s][info ][gc             ] GC(1) Pause Young (Normal) (G1 Evacuation Pause) 8249M->1169M(16384M) 8460.331ms
[36.778s][info ][gc,cpu         ] GC(1) User=117.20s Sys=7.97s Real=8.46s
[36.778s][info ][safepoint      ] Safepoint "G1CollectForAllocation", Time since last: 23178809500 ns, Reaching safepoint: 7500 ns, Cleanup: 9500 ns, At safepoint: 8460526600 ns, Total: 8460543600 ns
[63.232s][info ][gc,start       ] GC(2) Pause Young (Normal) (G1 Evacuation Pause)
[63.233s][debug][gc,heap        ] GC(2) Heap before GC invocations=2 (full 1):
[63.233s][debug][gc,heap        ] GC(2)  garbage-first heap   total 16777216K, used 8447588K [0x0000000400000000, 0x0000000800000000)
[63.233s][debug][gc,heap        ] GC(2)   region size 8192K, 1024 young (8388608K), 139 survivors (1138688K)
[63.233s][debug][gc,heap        ] GC(2)  Metaspace       used 1295K, committed 1408K, reserved 1114112K
[63.233s][debug][gc,heap        ] GC(2)   class space    used 107K, committed 192K, reserved 1048576K
[63.233s][info ][gc,task        ] GC(2) Using 23 workers of 23 for evacuation
[71.799s][debug][gc,ergo,heap   ] GC(2) Heap expansion: short term pause time ratio 23.71% long term pause time ratio 22.99% threshold 7.69% pause time ratio 7.69% fully expanded true resize by 0B
[71.799s][info ][gc,mmu         ] GC(2) MMU target violated: 201.0ms (200.0ms/201.0ms)
[71.799s][info ][gc,phases      ] GC(2)   Pre Evacuate Collection Set: 1.1ms
[71.800s][debug][gc,phases      ] GC(2)     Pre Evacuate Prepare: 0.1ms
[71.800s][debug][gc,phases      ] GC(2)       JT Retire TLABs And Flush Logs (ms): Min:  0.0, Avg:  0.0, Max:  0.0, Diff:  0.0, Sum:  0.0, Workers: 2
[71.800s][debug][gc,phases      ] GC(2)       Non-JT Flush Logs (ms):        Min:  0.0, Avg:  0.0, Max:  0.0, Diff:  0.0, Sum:  0.0, Workers: 1
[71.800s][debug][gc,phases      ] GC(2)     Choose Collection Set: 0.0ms
[71.800s][debug][gc,phases      ] GC(2)     Region Register: 1.0ms
[71.800s][debug][gc,phases      ] GC(2)     Prepare Heap Roots: 0.0ms
[71.800s][info ][gc,phases      ] GC(2)   Merge Heap Roots: 1.6ms
[71.800s][debug][gc,phases      ] GC(2)     Prepare Merge Heap Roots: 0.1ms
[71.800s][debug][gc,phases      ] GC(2)     Remembered Sets (ms):          Min:  0.0, Avg:  0.0, Max:  0.1, Diff:  0.1, Sum:  1.1, Workers: 23
[71.800s][debug][gc,phases      ] GC(2)       Eager Reclaim (ms):            skipped
[71.800s][debug][gc,phases      ] GC(2)       Merged Inline                  Min: 0, Avg:  0.0, Max: 0, Diff: 0, Sum: 0, Workers: 23
[71.800s][debug][gc,phases      ] GC(2)       Merged ArrayOfCards            Min: 0, Avg:  0.0, Max: 0, Diff: 0, Sum: 0, Workers: 23
[71.800s][debug][gc,phases      ] GC(2)       Merged Howl                    Min: 0, Avg:  0.0, Max: 0, Diff: 0, Sum: 0, Workers: 23
[71.800s][debug][gc,phases      ] GC(2)       Merged Full                    Min: 0, Avg:  0.0, Max: 0, Diff: 0, Sum: 0, Workers: 23
[71.800s][debug][gc,phases      ] GC(2)       Merged Howl Inline             Min: 0, Avg:  0.0, Max: 0, Diff: 0, Sum: 0, Workers: 23
[71.800s][debug][gc,phases      ] GC(2)       Merged Howl ArrayOfCards       Min: 0, Avg:  0.0, Max: 0, Diff: 0, Sum: 0, Workers: 23
[71.800s][debug][gc,phases      ] GC(2)       Merged Howl BitMap             Min: 0, Avg:  0.0, Max: 0, Diff: 0, Sum: 0, Workers: 23
[71.800s][debug][gc,phases      ] GC(2)       Merged Howl Full               Min: 0, Avg:  0.0, Max: 0, Diff: 0, Sum: 0, Workers: 23
[71.800s][debug][gc,phases      ] GC(2)       Merged Cards                   Min: 8, Avg:  8.0, Max: 8, Diff: 0, Sum: 184, Workers: 23
[71.800s][debug][gc,phases      ] GC(2)     Log Buffers (ms):              Min:  0.0, Avg:  0.1, Max:  1.0, Diff:  1.0, Sum:  3.0, Workers: 23
[71.800s][debug][gc,phases      ] GC(2)       Dirty Cards:                   Min: 0, Avg: 4163.3, Max: 32842, Diff: 32842, Sum: 95755, Workers: 23
[71.801s][debug][gc,phases      ] GC(2)       Skipped Cards:                 Min: 0, Avg:  0.0, Max: 0, Diff: 0, Sum: 0, Workers: 23
[71.801s][info ][gc,phases      ] GC(2)   Evacuate Collection Set: 8561.4ms
[71.801s][debug][gc,phases      ] GC(2)     Ext Root Scanning (ms):        Min:  0.0, Avg:  0.0, Max:  0.1, Diff:  0.1, Sum:  0.4, Workers: 23
[71.801s][debug][gc,phases      ] GC(2)     Scan Heap Roots (ms):          Min:  2.3, Avg:  5.7, Max: 14.8, Diff: 12.5, Sum: 130.8, Workers: 23
[71.801s][debug][gc,phases      ] GC(2)       Scanned Cards:                 Min: 1152, Avg: 3804.6, Max: 11136, Diff: 9984, Sum: 87506, Workers: 23
[71.801s][debug][gc,phases      ] GC(2)       Scanned Blocks:                Min: 9, Avg: 30.0, Max: 87, Diff: 78, Sum: 689, Workers: 23
[71.801s][debug][gc,phases      ] GC(2)       Claimed Chunks:                Min: 9, Avg: 29.9, Max: 87, Diff: 78, Sum: 688, Workers: 23
[71.801s][debug][gc,phases      ] GC(2)       Found Roots:                   Min: 147456, Avg: 270176.2, Max: 360448, Diff: 212992, Sum: 6214052, Workers: 23
[71.801s][debug][gc,phases      ] GC(2)     Code Root Scan (ms):           Min:  0.0, Avg:  0.0, Max:  0.2, Diff:  0.2, Sum:  0.2, Workers: 23
[71.801s][debug][gc,phases      ] GC(2)     Object Copy (ms):              Min: 4235.7, Avg: 4543.4, Max: 4901.9, Diff: 666.3, Sum: 104498.0, Workers: 23
[71.801s][debug][gc,phases      ] GC(2)     Termination (ms):              Min: 3607.9, Avg: 3966.1, Max: 4245.3, Diff: 637.3, Sum: 91220.8, Workers: 23
[71.801s][debug][gc,phases      ] GC(2)       Termination Attempts:          Min: 73917, Avg: 82357.4, Max: 90612, Diff: 16695, Sum: 1894221, Workers: 23
[71.801s][debug][gc,phases      ] GC(2)     GC Worker Other (ms):          Min:  0.0, Avg:  0.1, Max:  0.3, Diff:  0.2, Sum:  1.4, Workers: 23
[71.801s][debug][gc,phases      ] GC(2)     GC Worker Total (ms):          Min: 8465.0, Avg: 8515.3, Max: 8561.2, Diff: 96.2, Sum: 195851.7, Workers: 23
[71.801s][info ][gc,phases      ] GC(2)   Post Evacuate Collection Set: 2.0ms
[71.801s][debug][gc,phases      ] GC(2)     NMethod List Cleanup: 0.0ms
[71.801s][debug][gc,phases      ] GC(2)     Reference Processing: 0.0ms
[71.801s][debug][gc,phases,ref  ] GC(2)       Notify Soft/WeakReferences: 0.0ms
[71.801s][debug][gc,phases,ref  ] GC(2)         SoftRef (ms):                  skipped
[71.801s][debug][gc,phases,ref  ] GC(2)         WeakRef (ms):                  skipped
[71.801s][debug][gc,phases,ref  ] GC(2)         FinalRef (ms):                 skipped
[71.801s][debug][gc,phases,ref  ] GC(2)         Total (ms):                    skipped
[71.801s][debug][gc,phases,ref  ] GC(2)       Notify and keep alive finalizable: 0.0ms
[71.801s][debug][gc,phases,ref  ] GC(2)         FinalRef (ms):                 skipped
[71.802s][debug][gc,phases,ref  ] GC(2)       Notify PhantomReferences: 0.0ms
[71.802s][debug][gc,phases,ref  ] GC(2)         PhantomRef (ms):               skipped
[71.802s][debug][gc,phases,ref  ] GC(2)       SoftReference Discovered: 0, Dropped: 0, Processed: 0
[71.802s][debug][gc,phases,ref  ] GC(2)       WeakReference Discovered: 0, Dropped: 0, Processed: 0
[71.802s][debug][gc,phases,ref  ] GC(2)       FinalReference Discovered: 0, Dropped: 0, Processed: 0
[71.802s][debug][gc,phases,ref  ] GC(2)       PhantomReference Discovered: 0, Dropped: 0, Processed: 0
[71.802s][debug][gc,phases      ] GC(2)     Weak Processing: 0.1ms
[71.802s][debug][gc,phases      ] GC(2)       VM Weak                        Min:  0.0, Avg:  0.0, Max:  0.0, Diff:  0.0, Sum:  0.0, Workers: 6
[71.802s][debug][gc,phases      ] GC(2)         Dead                           Min: 0, Avg:  0.0, Max: 0, Diff: 0, Sum: 0, Workers: 6
[71.802s][debug][gc,phases      ] GC(2)         Total                          Min: 0, Avg:  2.3, Max: 14, Diff: 14, Sum: 14, Workers: 6
[71.802s][debug][gc,phases      ] GC(2)       ObjectSynchronizer Weak        Min:  0.0, Avg:  0.0, Max:  0.0, Diff:  0.0, Sum:  0.0, Workers: 6
[71.802s][debug][gc,phases      ] GC(2)         Dead                           Min: 0, Avg:  0.0, Max: 0, Diff: 0, Sum: 0, Workers: 6
[71.802s][debug][gc,phases      ] GC(2)         Total                          Min: 0, Avg:  0.2, Max: 1, Diff: 1, Sum: 1, Workers: 6
[71.802s][debug][gc,phases      ] GC(2)       JVMTI Tag Weak OopStorage      Min:  0.0, Avg:  0.0, Max:  0.0, Diff:  0.0, Sum:  0.0, Workers: 6
[71.802s][debug][gc,phases      ] GC(2)         Dead                           Min: 0, Avg:  0.0, Max: 0, Diff: 0, Sum: 0, Workers: 6
[71.802s][debug][gc,phases      ] GC(2)         Total                          Min: 0, Avg:  0.0, Max: 0, Diff: 0, Sum: 0, Workers: 6
[71.802s][debug][gc,phases      ] GC(2)       StringTable Weak               Min:  0.0, Avg:  0.0, Max:  0.0, Diff:  0.0, Sum:  0.1, Workers: 6
[71.802s][debug][gc,phases      ] GC(2)         Dead                           Min: 0, Avg:  0.0, Max: 0, Diff: 0, Sum: 0, Workers: 6
[71.802s][debug][gc,phases      ] GC(2)         Total                          Min: 0, Avg: 953.2, Max: 1408, Diff: 1408, Sum: 5719, Workers: 6
[71.802s][debug][gc,phases      ] GC(2)       ResolvedMethodTable Weak       Min:  0.0, Avg:  0.0, Max:  0.0, Diff:  0.0, Sum:  0.0, Workers: 6
[71.803s][debug][gc,phases      ] GC(2)         Dead                           Min: 0, Avg:  0.0, Max: 0, Diff: 0, Sum: 0, Workers: 6
[71.803s][debug][gc,phases      ] GC(2)         Total                          Min: 0, Avg: 30.7, Max: 64, Diff: 64, Sum: 184, Workers: 6
[71.803s][debug][gc,phases      ] GC(2)       JNI Weak                       Min:  0.0, Avg:  0.0, Max:  0.0, Diff:  0.0, Sum:  0.0, Workers: 6
[71.803s][debug][gc,phases      ] GC(2)         Dead                           Min: 0, Avg:  0.0, Max: 0, Diff: 0, Sum: 0, Workers: 6
[71.803s][debug][gc,phases      ] GC(2)         Total                          Min: 0, Avg:  0.0, Max: 0, Diff: 0, Sum: 0, Workers: 6
[71.803s][debug][gc,phases      ] GC(2)       StringDedup Table Weak         Min:  0.0, Avg:  0.0, Max:  0.0, Diff:  0.0, Sum:  0.0, Workers: 6
[71.803s][debug][gc,phases      ] GC(2)         Dead                           Min: 0, Avg:  0.0, Max: 0, Diff: 0, Sum: 0, Workers: 6
[71.803s][debug][gc,phases      ] GC(2)         Total                          Min: 0, Avg:  0.0, Max: 0, Diff: 0, Sum: 0, Workers: 6
[71.803s][debug][gc,phases      ] GC(2)       StringDedup Requests0 Weak     Min:  0.0, Avg:  0.0, Max:  0.0, Diff:  0.0, Sum:  0.0, Workers: 6
[71.803s][debug][gc,phases      ] GC(2)         Dead                           Min: 0, Avg:  0.0, Max: 0, Diff: 0, Sum: 0, Workers: 6
[71.803s][debug][gc,phases      ] GC(2)         Total                          Min: 0, Avg:  0.0, Max: 0, Diff: 0, Sum: 0, Workers: 6
[71.803s][debug][gc,phases      ] GC(2)       StringDedup Requests1 Weak     Min:  0.0, Avg:  0.0, Max:  0.0, Diff:  0.0, Sum:  0.0, Workers: 6
[71.803s][debug][gc,phases      ] GC(2)         Dead                           Min: 0, Avg:  0.0, Max: 0, Diff: 0, Sum: 0, Workers: 6
[71.803s][debug][gc,phases      ] GC(2)         Total                          Min: 0, Avg:  0.0, Max: 0, Diff: 0, Sum: 0, Workers: 6
[71.803s][debug][gc,phases      ] GC(2)       Weak JFR Old Object Samples    Min:  0.0, Avg:  0.0, Max:  0.0, Diff:  0.0, Sum:  0.0, Workers: 6
[71.803s][debug][gc,phases      ] GC(2)         Dead                           Min: 0, Avg:  0.0, Max: 0, Diff: 0, Sum: 0, Workers: 6
[71.803s][debug][gc,phases      ] GC(2)         Total                          Min: 0, Avg:  0.0, Max: 0, Diff: 0, Sum: 0, Workers: 6
[71.803s][debug][gc,phases      ] GC(2)     Post Evacuate Cleanup 1: 0.8ms
[71.803s][debug][gc,phases      ] GC(2)       Merge Per-Thread State (ms):   Min:  0.3, Avg:  0.3, Max:  0.3, Diff:  0.0, Sum:  0.3, Workers: 1
[71.803s][debug][gc,phases      ] GC(2)         Copied Bytes                   Min: 41962480, Avg: 49902727.3, Max: 57167016, Diff: 15204536, Sum: 1147762728, Workers: 23
[71.803s][debug][gc,phases      ] GC(2)         LAB Waste                      Min: 2328, Avg: 2471.3, Max: 2552, Diff: 224, Sum: 56840, Workers: 23
[71.804s][debug][gc,phases      ] GC(2)         LAB Undo Waste                 Min: 0, Avg:  0.0, Max: 0, Diff: 0, Sum: 0, Workers: 23
[71.804s][debug][gc,phases      ] GC(2)       Clear Logged Cards (ms):       Min:  0.0, Avg:  0.4, Max:  0.5, Diff:  0.5, Sum:  7.2, Workers: 18
[71.804s][debug][gc,phases      ] GC(2)       Recalculate Used Memory (ms):  Min:  0.0, Avg:  0.0, Max:  0.0, Diff:  0.0, Sum:  0.0, Workers: 1
[71.804s][debug][gc,phases      ] GC(2)     Post Evacuate Cleanup 2: 0.8ms
[71.804s][debug][gc,phases      ] GC(2)       Update Derived Pointers (ms):  Min:  0.0, Avg:  0.0, Max:  0.0, Diff:  0.0, Sum:  0.0, Workers: 1
[71.804s][debug][gc,phases      ] GC(2)       Eagerly Reclaim Humongous Objects (ms): skipped
[71.804s][debug][gc,phases      ] GC(2)         Humongous Total                skipped
[71.804s][debug][gc,phases      ] GC(2)         Humongous Candidates           skipped
[71.804s][debug][gc,phases      ] GC(2)         Humongous Reclaimed            skipped
[71.804s][debug][gc,phases      ] GC(2)       Redirty Logged Cards (ms):     Min:  0.0, Avg:  0.0, Max:  0.0, Diff:  0.0, Sum:  0.1, Workers: 23
[71.804s][debug][gc,phases      ] GC(2)         Redirtied Cards:               Min: 0, Avg: 347.0, Max: 4222, Diff: 4222, Sum: 7982, Workers: 23
[71.804s][debug][gc,phases      ] GC(2)       Resize TLABs (ms):             Min:  0.0, Avg:  0.0, Max:  0.0, Diff:  0.0, Sum:  0.0, Workers: 23
[71.804s][debug][gc,phases      ] GC(2)       Free Collection Set (ms):      Min:  0.0, Avg:  0.4, Max:  0.6, Diff:  0.6, Sum:  9.3, Workers: 23
[71.804s][debug][gc,phases      ] GC(2)     Rebuild Free List: 0.2ms
[71.804s][debug][gc,phases      ] GC(2)     Prepare For Mutator: 0.0ms
[71.804s][debug][gc,phases      ] GC(2)     Expand Heap After Collection: 0.0ms
[71.804s][info ][gc,phases      ] GC(2)   Other: 0.5ms
[71.804s][info ][gc,heap        ] GC(2) Eden regions: 885->0(1013)
[71.804s][info ][gc,heap        ] GC(2) Survivor regions: 139->11(256)
[71.804s][info ][gc,heap        ] GC(2) Old regions: 7->143
[71.804s][info ][gc,heap        ] GC(2) Humongous regions: 7->7
[71.804s][info ][gc,metaspace   ] GC(2) Metaspace: 1295K(1408K)->1295K(1408K) NonClass: 1188K(1216K)->1188K(1216K) Class: 107K(192K)->107K(192K)
[71.804s][debug][gc,heap        ] GC(2) Heap after GC invocations=3 (full 1):
[71.804s][debug][gc,heap        ] GC(2)  garbage-first heap   total 16777216K, used 1259108K [0x0000000400000000, 0x0000000800000000)
[71.804s][debug][gc,heap        ] GC(2)   region size 8192K, 11 young (90112K), 11 survivors (90112K)
[71.804s][debug][gc,heap        ] GC(2)  Metaspace       used 1295K, committed 1408K, reserved 1114112K
[71.804s][debug][gc,heap        ] GC(2)   class space    used 107K, committed 192K, reserved 1048576K
[71.805s][info ][gc             ] GC(2) Pause Young (Normal) (G1 Evacuation Pause) 8249M->1229M(16384M) 8572.244ms
[71.805s][info ][gc,cpu         ] GC(2) User=119.59s Sys=6.08s Real=8.57s
[71.805s][info ][safepoint      ] Safepoint "G1CollectForAllocation", Time since last: 26454341199 ns, Reaching safepoint: 8101 ns, Cleanup: 8899 ns, At safepoint: 8572443901 ns, Total: 8572460901 ns
[101.804s][info ][gc,start       ] GC(3) Pause Young (Normal) (G1 Evacuation Pause)
[101.804s][debug][gc,heap        ] GC(3) Heap before GC invocations=3 (full 1):
[101.804s][debug][gc,heap        ] GC(3)  garbage-first heap   total 16777216K, used 9557604K [0x0000000400000000, 0x0000000800000000)
[101.804s][debug][gc,heap        ] GC(3)   region size 8192K, 1024 young (8388608K), 11 survivors (90112K)
[101.804s][debug][gc,heap        ] GC(3)  Metaspace       used 1295K, committed 1408K, reserved 1114112K
[101.804s][debug][gc,heap        ] GC(3)   class space    used 107K, committed 192K, reserved 1048576K
[101.804s][info ][gc,task        ] GC(3) Using 23 workers of 23 for evacuation
[101.910s][debug][gc,ergo,heap   ] GC(3) Heap expansion: short term pause time ratio 24.46% long term pause time ratio 23.71% threshold 7.69% pause time ratio 7.69% fully expanded true resize by 0B
[101.910s][info ][gc,phases      ] GC(3)   Pre Evacuate Collection Set: 1.3ms
[101.910s][debug][gc,phases      ] GC(3)     Pre Evacuate Prepare: 0.1ms
[101.910s][debug][gc,phases      ] GC(3)       JT Retire TLABs And Flush Logs (ms): Min:  0.0, Avg:  0.0, Max:  0.0, Diff:  0.0, Sum:  0.0, Workers: 2
[101.911s][debug][gc,phases      ] GC(3)       Non-JT Flush Logs (ms):        Min:  0.0, Avg:  0.0, Max:  0.0, Diff:  0.0, Sum:  0.0, Workers: 1
[101.911s][debug][gc,phases      ] GC(3)     Choose Collection Set: 0.0ms
[101.911s][debug][gc,phases      ] GC(3)     Region Register: 1.1ms
[101.911s][debug][gc,phases      ] GC(3)     Prepare Heap Roots: 0.0ms
[101.911s][info ][gc,phases      ] GC(3)   Merge Heap Roots: 1.1ms
[101.911s][debug][gc,phases      ] GC(3)     Prepare Merge Heap Roots: 0.1ms
[101.911s][debug][gc,phases      ] GC(3)     Remembered Sets (ms):          Min:  0.0, Avg:  0.0, Max:  0.1, Diff:  0.1, Sum:  1.0, Workers: 23
[101.911s][debug][gc,phases      ] GC(3)       Eager Reclaim (ms):            skipped
[101.911s][debug][gc,phases      ] GC(3)       Merged Inline                  Min: 0, Avg:  0.0, Max: 0, Diff: 0, Sum: 0, Workers: 23
[101.911s][debug][gc,phases      ] GC(3)       Merged ArrayOfCards            Min: 0, Avg:  0.0, Max: 0, Diff: 0, Sum: 0, Workers: 23
[101.911s][debug][gc,phases      ] GC(3)       Merged Howl                    Min: 0, Avg:  0.0, Max: 0, Diff: 0, Sum: 0, Workers: 23
[101.911s][debug][gc,phases      ] GC(3)       Merged Full                    Min: 0, Avg:  0.0, Max: 0, Diff: 0, Sum: 0, Workers: 23
[101.911s][debug][gc,phases      ] GC(3)       Merged Howl Inline             Min: 0, Avg:  0.0, Max: 0, Diff: 0, Sum: 0, Workers: 23
[101.911s][debug][gc,phases      ] GC(3)       Merged Howl ArrayOfCards       Min: 0, Avg:  0.0, Max: 0, Diff: 0, Sum: 0, Workers: 23
[101.911s][debug][gc,phases      ] GC(3)       Merged Howl BitMap             Min: 0, Avg:  0.0, Max: 0, Diff: 0, Sum: 0, Workers: 23
[101.911s][debug][gc,phases      ] GC(3)       Merged Howl Full               Min: 0, Avg:  0.0, Max: 0, Diff: 0, Sum: 0, Workers: 23
[101.911s][debug][gc,phases      ] GC(3)       Merged Cards                   Min: 8, Avg:  8.0, Max: 8, Diff: 0, Sum: 184, Workers: 23
[101.911s][debug][gc,phases      ] GC(3)     Log Buffers (ms):              Min:  0.0, Avg:  0.1, Max:  0.5, Diff:  0.5, Sum:  1.5, Workers: 23
[101.911s][debug][gc,phases      ] GC(3)       Dirty Cards:                   Min: 0, Avg: 2040.7, Max: 16560, Diff: 16560, Sum: 46935, Workers: 23
[101.911s][debug][gc,phases      ] GC(3)       Skipped Cards:                 Min: 0, Avg:  0.0, Max: 0, Diff: 0, Sum: 0, Workers: 23
[101.911s][info ][gc,phases      ] GC(3)   Evacuate Collection Set: 100.7ms
[101.911s][debug][gc,phases      ] GC(3)     Ext Root Scanning (ms):        Min:  0.0, Avg:  0.0, Max:  0.1, Diff:  0.1, Sum:  0.5, Workers: 23
[101.912s][debug][gc,phases      ] GC(3)     Scan Heap Roots (ms):          Min:  0.0, Avg:  2.6, Max:  5.4, Diff:  5.4, Sum: 58.8, Workers: 23
[101.912s][debug][gc,phases      ] GC(3)       Scanned Cards:                 Min: 0, Avg: 2038.2, Max: 6400, Diff: 6400, Sum: 46878, Workers: 23
[101.912s][debug][gc,phases      ] GC(3)       Scanned Blocks:                Min: 0, Avg: 16.0, Max: 50, Diff: 50, Sum: 369, Workers: 23
[101.912s][debug][gc,phases      ] GC(3)       Claimed Chunks:                Min: 0, Avg: 16.0, Max: 50, Diff: 50, Sum: 369, Workers: 23
[101.912s][debug][gc,phases      ] GC(3)       Found Roots:                   Min: 0, Avg: 119460.2, Max: 196608, Diff: 196608, Sum: 2747584, Workers: 23
[101.912s][debug][gc,phases      ] GC(3)     Code Root Scan (ms):           Min:  0.0, Avg:  0.0, Max:  0.2, Diff:  0.2, Sum:  0.2, Workers: 23
[101.912s][debug][gc,phases      ] GC(3)     Object Copy (ms):              Min:  3.3, Avg: 48.5, Max: 97.4, Diff: 94.2, Sum: 1114.5, Workers: 23
[101.912s][debug][gc,phases      ] GC(3)     Termination (ms):              Min:  0.4, Avg:  0.7, Max:  1.2, Diff:  0.8, Sum: 16.1, Workers: 23
[101.912s][debug][gc,phases      ] GC(3)       Termination Attempts:          Min: 1, Avg:  1.1, Max: 3, Diff: 2, Sum: 25, Workers: 23
[101.912s][debug][gc,phases      ] GC(3)     GC Worker Other (ms):          Min:  0.0, Avg:  0.1, Max:  0.3, Diff:  0.2, Sum:  1.4, Workers: 23
[101.912s][debug][gc,phases      ] GC(3)     GC Worker Total (ms):          Min:  4.0, Avg: 51.8, Max: 100.5, Diff: 96.5, Sum: 1191.5, Workers: 23
[101.912s][info ][gc,phases      ] GC(3)   Post Evacuate Collection Set: 2.6ms
[101.912s][debug][gc,phases      ] GC(3)     NMethod List Cleanup: 0.0ms
[101.912s][debug][gc,phases      ] GC(3)     Reference Processing: 0.0ms
[101.912s][debug][gc,phases,ref  ] GC(3)       Notify Soft/WeakReferences: 0.0ms
[101.912s][debug][gc,phases,ref  ] GC(3)         SoftRef (ms):                  skipped
[101.912s][debug][gc,phases,ref  ] GC(3)         WeakRef (ms):                  skipped
[101.912s][debug][gc,phases,ref  ] GC(3)         FinalRef (ms):                 skipped
[101.912s][debug][gc,phases,ref  ] GC(3)         Total (ms):                    skipped
[101.912s][debug][gc,phases,ref  ] GC(3)       Notify and keep alive finalizable: 0.0ms
[101.912s][debug][gc,phases,ref  ] GC(3)         FinalRef (ms):                 skipped
[101.912s][debug][gc,phases,ref  ] GC(3)       Notify PhantomReferences: 0.0ms
[101.912s][debug][gc,phases,ref  ] GC(3)         PhantomRef (ms):               skipped
[101.912s][debug][gc,phases,ref  ] GC(3)       SoftReference Discovered: 0, Dropped: 0, Processed: 0
[101.912s][debug][gc,phases,ref  ] GC(3)       WeakReference Discovered: 0, Dropped: 0, Processed: 0
[101.912s][debug][gc,phases,ref  ] GC(3)       FinalReference Discovered: 0, Dropped: 0, Processed: 0
[101.913s][debug][gc,phases,ref  ] GC(3)       PhantomReference Discovered: 0, Dropped: 0, Processed: 0
[101.913s][debug][gc,phases      ] GC(3)     Weak Processing: 0.2ms
[101.913s][debug][gc,phases      ] GC(3)       VM Weak                        Min:  0.0, Avg:  0.0, Max:  0.0, Diff:  0.0, Sum:  0.0, Workers: 6
[101.913s][debug][gc,phases      ] GC(3)         Dead                           Min: 0, Avg:  0.0, Max: 0, Diff: 0, Sum: 0, Workers: 6
[101.913s][debug][gc,phases      ] GC(3)         Total                          Min: 0, Avg:  2.3, Max: 14, Diff: 14, Sum: 14, Workers: 6
[101.913s][debug][gc,phases      ] GC(3)       ObjectSynchronizer Weak        Min:  0.0, Avg:  0.0, Max:  0.0, Diff:  0.0, Sum:  0.0, Workers: 6
[101.913s][debug][gc,phases      ] GC(3)         Dead                           Min: 0, Avg:  0.0, Max: 0, Diff: 0, Sum: 0, Workers: 6
[101.913s][debug][gc,phases      ] GC(3)         Total                          Min: 0, Avg:  0.2, Max: 1, Diff: 1, Sum: 1, Workers: 6
[101.913s][debug][gc,phases      ] GC(3)       JVMTI Tag Weak OopStorage      Min:  0.0, Avg:  0.0, Max:  0.0, Diff:  0.0, Sum:  0.0, Workers: 6
[101.913s][debug][gc,phases      ] GC(3)         Dead                           Min: 0, Avg:  0.0, Max: 0, Diff: 0, Sum: 0, Workers: 6
[101.913s][debug][gc,phases      ] GC(3)         Total                          Min: 0, Avg:  0.0, Max: 0, Diff: 0, Sum: 0, Workers: 6
[101.913s][debug][gc,phases      ] GC(3)       StringTable Weak               Min:  0.0, Avg:  0.0, Max:  0.1, Diff:  0.1, Sum:  0.1, Workers: 6
[101.913s][debug][gc,phases      ] GC(3)         Dead                           Min: 0, Avg:  0.0, Max: 0, Diff: 0, Sum: 0, Workers: 6
[101.913s][debug][gc,phases      ] GC(3)         Total                          Min: 0, Avg: 953.2, Max: 2432, Diff: 2432, Sum: 5719, Workers: 6
[101.913s][debug][gc,phases      ] GC(3)       ResolvedMethodTable Weak       Min:  0.0, Avg:  0.0, Max:  0.0, Diff:  0.0, Sum:  0.0, Workers: 6
[101.913s][debug][gc,phases      ] GC(3)         Dead                           Min: 0, Avg:  0.0, Max: 0, Diff: 0, Sum: 0, Workers: 6
[101.913s][debug][gc,phases      ] GC(3)         Total                          Min: 0, Avg: 30.7, Max: 64, Diff: 64, Sum: 184, Workers: 6
[101.913s][debug][gc,phases      ] GC(3)       JNI Weak                       Min:  0.0, Avg:  0.0, Max:  0.0, Diff:  0.0, Sum:  0.0, Workers: 6
[101.913s][debug][gc,phases      ] GC(3)         Dead                           Min: 0, Avg:  0.0, Max: 0, Diff: 0, Sum: 0, Workers: 6
[101.913s][debug][gc,phases      ] GC(3)         Total                          Min: 0, Avg:  0.0, Max: 0, Diff: 0, Sum: 0, Workers: 6
[101.913s][debug][gc,phases      ] GC(3)       StringDedup Table Weak         Min:  0.0, Avg:  0.0, Max:  0.0, Diff:  0.0, Sum:  0.0, Workers: 6
[101.913s][debug][gc,phases      ] GC(3)         Dead                           Min: 0, Avg:  0.0, Max: 0, Diff: 0, Sum: 0, Workers: 6
[101.913s][debug][gc,phases      ] GC(3)         Total                          Min: 0, Avg:  0.0, Max: 0, Diff: 0, Sum: 0, Workers: 6
[101.913s][debug][gc,phases      ] GC(3)       StringDedup Requests0 Weak     Min:  0.0, Avg:  0.0, Max:  0.0, Diff:  0.0, Sum:  0.0, Workers: 6
[101.913s][debug][gc,phases      ] GC(3)         Dead                           Min: 0, Avg:  0.0, Max: 0, Diff: 0, Sum: 0, Workers: 6
[101.913s][debug][gc,phases      ] GC(3)         Total                          Min: 0, Avg:  0.0, Max: 0, Diff: 0, Sum: 0, Workers: 6
[101.914s][debug][gc,phases      ] GC(3)       StringDedup Requests1 Weak     Min:  0.0, Avg:  0.0, Max:  0.0, Diff:  0.0, Sum:  0.0, Workers: 6
[101.914s][debug][gc,phases      ] GC(3)         Dead                           Min: 0, Avg:  0.0, Max: 0, Diff: 0, Sum: 0, Workers: 6
[101.914s][debug][gc,phases      ] GC(3)         Total                          Min: 0, Avg:  0.0, Max: 0, Diff: 0, Sum: 0, Workers: 6
[101.914s][debug][gc,phases      ] GC(3)       Weak JFR Old Object Samples    Min:  0.0, Avg:  0.0, Max:  0.0, Diff:  0.0, Sum:  0.0, Workers: 6
[101.914s][debug][gc,phases      ] GC(3)         Dead                           Min: 0, Avg:  0.0, Max: 0, Diff: 0, Sum: 0, Workers: 6
[101.914s][debug][gc,phases      ] GC(3)         Total                          Min: 0, Avg:  0.0, Max: 0, Diff: 0, Sum: 0, Workers: 6
[101.914s][debug][gc,phases      ] GC(3)     Post Evacuate Cleanup 1: 1.0ms
[101.914s][debug][gc,phases      ] GC(3)       Merge Per-Thread State (ms):   Min:  0.2, Avg:  0.2, Max:  0.2, Diff:  0.0, Sum:  0.2, Workers: 1
[101.914s][debug][gc,phases      ] GC(3)         Copied Bytes                   Min: 172496, Avg: 6688722.8, Max: 11316944, Diff: 11144448, Sum: 153840624, Workers: 23
[101.914s][debug][gc,phases      ] GC(3)         LAB Waste                      Min: 0, Avg: 48.0, Max: 104, Diff: 104, Sum: 1104, Workers: 23
[101.914s][debug][gc,phases      ] GC(3)         LAB Undo Waste                 Min: 0, Avg:  0.0, Max: 0, Diff: 0, Sum: 0, Workers: 23
[101.914s][debug][gc,phases      ] GC(3)       Clear Logged Cards (ms):       Min:  0.0, Avg:  0.5, Max:  0.6, Diff:  0.6, Sum:  8.1, Workers: 18
[101.914s][debug][gc,phases      ] GC(3)       Recalculate Used Memory (ms):  Min:  0.0, Avg:  0.0, Max:  0.0, Diff:  0.0, Sum:  0.0, Workers: 1
[101.914s][debug][gc,phases      ] GC(3)     Post Evacuate Cleanup 2: 1.0ms
[101.914s][debug][gc,phases      ] GC(3)       Update Derived Pointers (ms):  Min:  0.0, Avg:  0.0, Max:  0.0, Diff:  0.0, Sum:  0.0, Workers: 1
[101.914s][debug][gc,phases      ] GC(3)       Eagerly Reclaim Humongous Objects (ms): skipped
[101.914s][debug][gc,phases      ] GC(3)         Humongous Total                skipped
[101.914s][debug][gc,phases      ] GC(3)         Humongous Candidates           skipped
[101.914s][debug][gc,phases      ] GC(3)         Humongous Reclaimed            skipped
[101.914s][debug][gc,phases      ] GC(3)       Redirty Logged Cards (ms):     Min:  0.0, Avg:  0.1, Max:  0.3, Diff:  0.3, Sum:  2.3, Workers: 23
[101.914s][debug][gc,phases      ] GC(3)         Redirtied Cards:               Min: 0, Avg: 1396.8, Max: 5472, Diff: 5472, Sum: 32127, Workers: 23
[101.914s][debug][gc,phases      ] GC(3)       Resize TLABs (ms):             Min:  0.0, Avg:  0.0, Max:  0.0, Diff:  0.0, Sum:  0.0, Workers: 23
[101.914s][debug][gc,phases      ] GC(3)       Free Collection Set (ms):      Min:  0.0, Avg:  0.3, Max:  0.5, Diff:  0.4, Sum:  7.6, Workers: 23
[101.914s][debug][gc,phases      ] GC(3)     Rebuild Free List: 0.4ms
[101.914s][debug][gc,phases      ] GC(3)     Prepare For Mutator: 0.0ms
[101.914s][debug][gc,phases      ] GC(3)     Expand Heap After Collection: 0.0ms
[101.915s][info ][gc,phases      ] GC(3)   Other: 0.4ms
[101.915s][info ][gc,heap        ] GC(3) Eden regions: 1013->0(1001)
[101.915s][info ][gc,heap        ] GC(3) Survivor regions: 11->23(256)
[101.915s][info ][gc,heap        ] GC(3) Old regions: 143->143
[101.915s][info ][gc,heap        ] GC(3) Humongous regions: 7->7
[101.915s][info ][gc,metaspace   ] GC(3) Metaspace: 1295K(1408K)->1295K(1408K) NonClass: 1188K(1216K)->1188K(1216K) Class: 107K(192K)->107K(192K)
[101.915s][debug][gc,heap        ] GC(3) Heap after GC invocations=4 (full 1):
[101.915s][debug][gc,heap        ] GC(3)  garbage-first heap   total 16777216K, used 1357412K [0x0000000400000000, 0x0000000800000000)
[101.915s][debug][gc,heap        ] GC(3)   region size 8192K, 23 young (188416K), 23 survivors (188416K)
[101.915s][debug][gc,heap        ] GC(3)  Metaspace       used 1295K, committed 1408K, reserved 1114112K
[101.915s][debug][gc,heap        ] GC(3)   class space    used 107K, committed 192K, reserved 1048576K
[101.915s][info ][gc             ] GC(3) Pause Young (Normal) (G1 Evacuation Pause) 9333M->1325M(16384M) 111.067ms
[101.915s][info ][gc,cpu         ] GC(3) User=0.62s Sys=0.00s Real=0.11s
[101.915s][info ][safepoint      ] Safepoint "G1CollectForAllocation", Time since last: 29999002600 ns, Reaching safepoint: 10000 ns, Cleanup: 11900 ns, At safepoint: 111326500 ns, Total: 111348400 ns
[123.071s][info ][safepoint      ] Safepoint "Cleanup", Time since last: 21155467900 ns, Reaching safepoint: 168200 ns, Cleanup: 15300 ns, At safepoint: 68000 ns, Total: 251500 ns
[130.051s][info ][gc,start       ] GC(4) Pause Young (Normal) (G1 Evacuation Pause)
[130.051s][debug][gc,heap        ] GC(4) Heap before GC invocations=4 (full 1):
[130.051s][debug][gc,heap        ] GC(4)  garbage-first heap   total 16777216K, used 9557604K [0x0000000400000000, 0x0000000800000000)
[130.051s][debug][gc,heap        ] GC(4)   region size 8192K, 1024 young (8388608K), 23 survivors (188416K)
[130.051s][debug][gc,heap        ] GC(4)  Metaspace       used 1298K, committed 1472K, reserved 1114112K
[130.051s][debug][gc,heap        ] GC(4)   class space    used 107K, committed 192K, reserved 1048576K
[130.051s][info ][gc,task        ] GC(4) Using 23 workers of 23 for evacuation
[137.551s][debug][gc,ergo,heap   ] GC(4) Heap expansion: short term pause time ratio 0.35% long term pause time ratio 16.81% threshold 7.69% pause time ratio 7.69% fully expanded true resize by 0B
[137.552s][info ][gc,mmu         ] GC(4) MMU target violated: 201.0ms (200.0ms/201.0ms)
[137.552s][info ][gc,phases      ] GC(4)   Pre Evacuate Collection Set: 0.7ms
[137.552s][debug][gc,phases      ] GC(4)     Pre Evacuate Prepare: 0.0ms
[137.552s][debug][gc,phases      ] GC(4)       JT Retire TLABs And Flush Logs (ms): Min:  0.0, Avg:  0.0, Max:  0.0, Diff:  0.0, Sum:  0.0, Workers: 2
[137.552s][debug][gc,phases      ] GC(4)       Non-JT Flush Logs (ms):        Min:  0.0, Avg:  0.0, Max:  0.0, Diff:  0.0, Sum:  0.0, Workers: 1
[137.552s][debug][gc,phases      ] GC(4)     Choose Collection Set: 0.0ms
[137.552s][debug][gc,phases      ] GC(4)     Region Register: 0.7ms
[137.552s][debug][gc,phases      ] GC(4)     Prepare Heap Roots: 0.0ms
[137.552s][info ][gc,phases      ] GC(4)   Merge Heap Roots: 1.2ms
[137.552s][debug][gc,phases      ] GC(4)     Prepare Merge Heap Roots: 0.1ms
[137.552s][debug][gc,phases      ] GC(4)     Remembered Sets (ms):          Min:  0.0, Avg:  0.1, Max:  0.1, Diff:  0.1, Sum:  1.3, Workers: 23
[137.552s][debug][gc,phases      ] GC(4)       Eager Reclaim (ms):            skipped
[137.552s][debug][gc,phases      ] GC(4)       Merged Inline                  Min: 0, Avg:  0.0, Max: 0, Diff: 0, Sum: 0, Workers: 23
[137.552s][debug][gc,phases      ] GC(4)       Merged ArrayOfCards            Min: 0, Avg:  0.0, Max: 0, Diff: 0, Sum: 0, Workers: 23
[137.552s][debug][gc,phases      ] GC(4)       Merged Howl                    Min: 0, Avg:  0.0, Max: 0, Diff: 0, Sum: 0, Workers: 23
[137.552s][debug][gc,phases      ] GC(4)       Merged Full                    Min: 0, Avg:  0.0, Max: 0, Diff: 0, Sum: 0, Workers: 23
[137.552s][debug][gc,phases      ] GC(4)       Merged Howl Inline             Min: 0, Avg:  0.0, Max: 0, Diff: 0, Sum: 0, Workers: 23
[137.552s][debug][gc,phases      ] GC(4)       Merged Howl ArrayOfCards       Min: 0, Avg:  0.0, Max: 0, Diff: 0, Sum: 0, Workers: 23
[137.552s][debug][gc,phases      ] GC(4)       Merged Howl BitMap             Min: 0, Avg:  0.0, Max: 0, Diff: 0, Sum: 0, Workers: 23
[137.552s][debug][gc,phases      ] GC(4)       Merged Howl Full               Min: 0, Avg:  0.0, Max: 0, Diff: 0, Sum: 0, Workers: 23
[137.552s][debug][gc,phases      ] GC(4)       Merged Cards                   Min: 8, Avg:  8.0, Max: 8, Diff: 0, Sum: 184, Workers: 23
[137.552s][debug][gc,phases      ] GC(4)     Log Buffers (ms):              Min:  0.0, Avg:  0.3, Max:  0.8, Diff:  0.8, Sum:  7.5, Workers: 23
[137.552s][debug][gc,phases      ] GC(4)       Dirty Cards:                   Min: 0, Avg: 2501.7, Max: 8868, Diff: 8868, Sum: 57539, Workers: 23
[137.552s][debug][gc,phases      ] GC(4)       Skipped Cards:                 Min: 0, Avg:  0.0, Max: 0, Diff: 0, Sum: 0, Workers: 23
[137.552s][info ][gc,phases      ] GC(4)   Evacuate Collection Set: 7496.3ms
[137.552s][debug][gc,phases      ] GC(4)     Ext Root Scanning (ms):        Min:  0.0, Avg:  0.0, Max:  0.1, Diff:  0.1, Sum:  0.3, Workers: 23
[137.552s][debug][gc,phases      ] GC(4)     Scan Heap Roots (ms):          Min:  0.0, Avg:  1.6, Max:  8.3, Diff:  8.3, Sum: 37.6, Workers: 23
[137.552s][debug][gc,phases      ] GC(4)       Scanned Cards:                 Min: 0, Avg: 2038.3, Max: 11779, Diff: 11779, Sum: 46880, Workers: 23
[137.552s][debug][gc,phases      ] GC(4)       Scanned Blocks:                Min: 0, Avg: 16.1, Max: 95, Diff: 95, Sum: 371, Workers: 23
[137.552s][debug][gc,phases      ] GC(4)       Claimed Chunks:                Min: 0, Avg: 16.1, Max: 94, Diff: 94, Sum: 370, Workers: 23
[137.552s][debug][gc,phases      ] GC(4)       Found Roots:                   Min: 0, Avg: 28748.6, Max: 81920, Diff: 81920, Sum: 661217, Workers: 23
[137.552s][debug][gc,phases      ] GC(4)     Code Root Scan (ms):           Min:  0.0, Avg:  0.0, Max:  0.2, Diff:  0.2, Sum:  0.4, Workers: 23
[137.552s][debug][gc,phases      ] GC(4)     Object Copy (ms):              Min: 4208.1, Avg: 4626.6, Max: 5112.6, Diff: 904.5, Sum: 106410.9, Workers: 23
[137.552s][debug][gc,phases      ] GC(4)     Termination (ms):              Min: 2380.7, Avg: 2852.6, Max: 3261.8, Diff: 881.0, Sum: 65610.3, Workers: 23
[137.552s][debug][gc,phases      ] GC(4)       Termination Attempts:          Min: 72573, Avg: 81746.4, Max: 94427, Diff: 21854, Sum: 1880168, Workers: 23
[137.552s][debug][gc,phases      ] GC(4)     GC Worker Other (ms):          Min:  0.0, Avg:  0.2, Max:  0.4, Diff:  0.4, Sum:  4.3, Workers: 23
[137.552s][debug][gc,phases      ] GC(4)     GC Worker Total (ms):          Min: 7469.9, Avg: 7481.0, Max: 7496.1, Diff: 26.2, Sum: 172063.8, Workers: 23
[137.552s][info ][gc,phases      ] GC(4)   Post Evacuate Collection Set: 2.0ms
[137.552s][debug][gc,phases      ] GC(4)     NMethod List Cleanup: 0.0ms
[137.552s][debug][gc,phases      ] GC(4)     Reference Processing: 0.0ms
[137.552s][debug][gc,phases,ref  ] GC(4)       Notify Soft/WeakReferences: 0.0ms
[137.552s][debug][gc,phases,ref  ] GC(4)         SoftRef (ms):                  skipped
[137.552s][debug][gc,phases,ref  ] GC(4)         WeakRef (ms):                  skipped
[137.552s][debug][gc,phases,ref  ] GC(4)         FinalRef (ms):                 skipped
[137.552s][debug][gc,phases,ref  ] GC(4)         Total (ms):                    skipped
[137.553s][debug][gc,phases,ref  ] GC(4)       Notify and keep alive finalizable: 0.0ms
[137.553s][debug][gc,phases,ref  ] GC(4)         FinalRef (ms):                 skipped
[137.553s][debug][gc,phases,ref  ] GC(4)       Notify PhantomReferences: 0.0ms
[137.553s][debug][gc,phases,ref  ] GC(4)         PhantomRef (ms):               skipped
[137.553s][debug][gc,phases,ref  ] GC(4)       SoftReference Discovered: 0, Dropped: 0, Processed: 0
[137.553s][debug][gc,phases,ref  ] GC(4)       WeakReference Discovered: 0, Dropped: 0, Processed: 0
[137.553s][debug][gc,phases,ref  ] GC(4)       FinalReference Discovered: 0, Dropped: 0, Processed: 0
[137.553s][debug][gc,phases,ref  ] GC(4)       PhantomReference Discovered: 0, Dropped: 0, Processed: 0
[137.553s][debug][gc,phases      ] GC(4)     Weak Processing: 0.1ms
[137.553s][debug][gc,phases      ] GC(4)       VM Weak                        Min:  0.0, Avg:  0.0, Max:  0.0, Diff:  0.0, Sum:  0.0, Workers: 6
[137.553s][debug][gc,phases      ] GC(4)         Dead                           Min: 0, Avg:  0.0, Max: 0, Diff: 0, Sum: 0, Workers: 6
[137.553s][debug][gc,phases      ] GC(4)         Total                          Min: 0, Avg:  2.3, Max: 14, Diff: 14, Sum: 14, Workers: 6
[137.553s][debug][gc,phases      ] GC(4)       ObjectSynchronizer Weak        Min:  0.0, Avg:  0.0, Max:  0.0, Diff:  0.0, Sum:  0.0, Workers: 6
[137.553s][debug][gc,phases      ] GC(4)         Dead                           Min: 0, Avg:  0.0, Max: 0, Diff: 0, Sum: 0, Workers: 6
[137.553s][debug][gc,phases      ] GC(4)         Total                          Min: 0, Avg:  0.2, Max: 1, Diff: 1, Sum: 1, Workers: 6
[137.553s][debug][gc,phases      ] GC(4)       JVMTI Tag Weak OopStorage      Min:  0.0, Avg:  0.0, Max:  0.0, Diff:  0.0, Sum:  0.0, Workers: 6
[137.553s][debug][gc,phases      ] GC(4)         Dead                           Min: 0, Avg:  0.0, Max: 0, Diff: 0, Sum: 0, Workers: 6
[137.553s][debug][gc,phases      ] GC(4)         Total                          Min: 0, Avg:  0.0, Max: 0, Diff: 0, Sum: 0, Workers: 6
[137.553s][debug][gc,phases      ] GC(4)       StringTable Weak               Min:  0.0, Avg:  0.0, Max:  0.0, Diff:  0.0, Sum:  0.1, Workers: 6
[137.553s][debug][gc,phases      ] GC(4)         Dead                           Min: 0, Avg:  0.0, Max: 0, Diff: 0, Sum: 0, Workers: 6
[137.553s][debug][gc,phases      ] GC(4)         Total                          Min: 704, Avg: 953.2, Max: 1536, Diff: 832, Sum: 5719, Workers: 6
[137.553s][debug][gc,phases      ] GC(4)       ResolvedMethodTable Weak       Min:  0.0, Avg:  0.0, Max:  0.0, Diff:  0.0, Sum:  0.0, Workers: 6
[137.553s][debug][gc,phases      ] GC(4)         Dead                           Min: 0, Avg:  0.0, Max: 0, Diff: 0, Sum: 0, Workers: 6
[137.553s][debug][gc,phases      ] GC(4)         Total                          Min: 0, Avg: 30.7, Max: 64, Diff: 64, Sum: 184, Workers: 6
[137.553s][debug][gc,phases      ] GC(4)       JNI Weak                       Min:  0.0, Avg:  0.0, Max:  0.0, Diff:  0.0, Sum:  0.0, Workers: 6
[137.554s][debug][gc,phases      ] GC(4)         Dead                           Min: 0, Avg:  0.0, Max: 0, Diff: 0, Sum: 0, Workers: 6
[137.554s][debug][gc,phases      ] GC(4)         Total                          Min: 0, Avg:  0.0, Max: 0, Diff: 0, Sum: 0, Workers: 6
[137.554s][debug][gc,phases      ] GC(4)       StringDedup Table Weak         Min:  0.0, Avg:  0.0, Max:  0.0, Diff:  0.0, Sum:  0.0, Workers: 6
[137.554s][debug][gc,phases      ] GC(4)         Dead                           Min: 0, Avg:  0.0, Max: 0, Diff: 0, Sum: 0, Workers: 6
[137.554s][debug][gc,phases      ] GC(4)         Total                          Min: 0, Avg:  0.0, Max: 0, Diff: 0, Sum: 0, Workers: 6
[137.554s][debug][gc,phases      ] GC(4)       StringDedup Requests0 Weak     Min:  0.0, Avg:  0.0, Max:  0.0, Diff:  0.0, Sum:  0.0, Workers: 6
[137.554s][debug][gc,phases      ] GC(4)         Dead                           Min: 0, Avg:  0.0, Max: 0, Diff: 0, Sum: 0, Workers: 6
[137.554s][debug][gc,phases      ] GC(4)         Total                          Min: 0, Avg:  0.0, Max: 0, Diff: 0, Sum: 0, Workers: 6
[137.554s][debug][gc,phases      ] GC(4)       StringDedup Requests1 Weak     Min:  0.0, Avg:  0.0, Max:  0.0, Diff:  0.0, Sum:  0.0, Workers: 6
[137.554s][debug][gc,phases      ] GC(4)         Dead                           Min: 0, Avg:  0.0, Max: 0, Diff: 0, Sum: 0, Workers: 6
[137.554s][debug][gc,phases      ] GC(4)         Total                          Min: 0, Avg:  0.0, Max: 0, Diff: 0, Sum: 0, Workers: 6
[137.554s][debug][gc,phases      ] GC(4)       Weak JFR Old Object Samples    Min:  0.0, Avg:  0.0, Max:  0.0, Diff:  0.0, Sum:  0.0, Workers: 6
[137.554s][debug][gc,phases      ] GC(4)         Dead                           Min: 0, Avg:  0.0, Max: 0, Diff: 0, Sum: 0, Workers: 6
[137.554s][debug][gc,phases      ] GC(4)         Total                          Min: 0, Avg:  0.0, Max: 0, Diff: 0, Sum: 0, Workers: 6
[137.554s][debug][gc,phases      ] GC(4)     Post Evacuate Cleanup 1: 1.0ms
[137.554s][debug][gc,phases      ] GC(4)       Merge Per-Thread State (ms):   Min:  0.4, Avg:  0.4, Max:  0.4, Diff:  0.0, Sum:  0.4, Workers: 1
[137.554s][debug][gc,phases      ] GC(4)         Copied Bytes                   Min: 29302992, Avg: 32907650.4, Max: 38170480, Diff: 8867488, Sum: 756875960, Workers: 23
[137.554s][debug][gc,phases      ] GC(4)         LAB Waste                      Min: 280, Avg: 369.4, Max: 432, Diff: 152, Sum: 8496, Workers: 23
[137.554s][debug][gc,phases      ] GC(4)         LAB Undo Waste                 Min: 0, Avg:  0.0, Max: 0, Diff: 0, Sum: 0, Workers: 23
[137.554s][debug][gc,phases      ] GC(4)       Clear Logged Cards (ms):       Min:  0.0, Avg:  0.6, Max:  0.7, Diff:  0.7, Sum: 10.8, Workers: 18
[137.554s][debug][gc,phases      ] GC(4)       Recalculate Used Memory (ms):  Min:  0.0, Avg:  0.0, Max:  0.0, Diff:  0.0, Sum:  0.0, Workers: 1
[137.554s][debug][gc,phases      ] GC(4)     Post Evacuate Cleanup 2: 0.7ms
[137.554s][debug][gc,phases      ] GC(4)       Update Derived Pointers (ms):  Min:  0.0, Avg:  0.0, Max:  0.0, Diff:  0.0, Sum:  0.0, Workers: 1
[137.554s][debug][gc,phases      ] GC(4)       Eagerly Reclaim Humongous Objects (ms): skipped
[137.555s][debug][gc,phases      ] GC(4)         Humongous Total                skipped
[137.555s][debug][gc,phases      ] GC(4)         Humongous Candidates           skipped
[137.555s][debug][gc,phases      ] GC(4)         Humongous Reclaimed            skipped
[137.555s][debug][gc,phases      ] GC(4)       Redirty Logged Cards (ms):     Min:  0.0, Avg:  0.0, Max:  0.0, Diff:  0.0, Sum:  0.1, Workers: 23
[137.555s][debug][gc,phases      ] GC(4)         Redirtied Cards:               Min: 0, Avg: 225.7, Max: 1721, Diff: 1721, Sum: 5192, Workers: 23
[137.555s][debug][gc,phases      ] GC(4)       Resize TLABs (ms):             Min:  0.0, Avg:  0.0, Max:  0.0, Diff:  0.0, Sum:  0.0, Workers: 23
[137.555s][debug][gc,phases      ] GC(4)       Free Collection Set (ms):      Min:  0.0, Avg:  0.3, Max:  0.5, Diff:  0.5, Sum:  7.4, Workers: 23
[137.555s][debug][gc,phases      ] GC(4)     Rebuild Free List: 0.1ms
[137.555s][debug][gc,phases      ] GC(4)     Prepare For Mutator: 0.0ms
[137.555s][debug][gc,phases      ] GC(4)     Expand Heap After Collection: 0.0ms
[137.555s][info ][gc,phases      ] GC(4)   Other: 0.3ms
[137.555s][info ][gc,heap        ] GC(4) Eden regions: 1001->0(929)
[137.555s][info ][gc,heap        ] GC(4) Survivor regions: 23->95(256)
[137.555s][info ][gc,heap        ] GC(4) Old regions: 143->143
[137.555s][info ][gc,heap        ] GC(4) Humongous regions: 7->7
[137.555s][info ][gc,metaspace   ] GC(4) Metaspace: 1298K(1472K)->1298K(1472K) NonClass: 1191K(1280K)->1191K(1280K) Class: 107K(192K)->107K(192K)
[137.555s][debug][gc,heap        ] GC(4) Heap after GC invocations=5 (full 1):
[137.555s][debug][gc,heap        ] GC(4)  garbage-first heap   total 16777216K, used 1946468K [0x0000000400000000, 0x0000000800000000)
[137.555s][debug][gc,heap        ] GC(4)   region size 8192K, 95 young (778240K), 95 survivors (778240K)
[137.555s][debug][gc,heap        ] GC(4)  Metaspace       used 1298K, committed 1472K, reserved 1114112K
[137.555s][debug][gc,heap        ] GC(4)   class space    used 107K, committed 192K, reserved 1048576K
[137.555s][info ][gc             ] GC(4) Pause Young (Normal) (G1 Evacuation Pause) 9333M->1900M(16384M) 7504.487ms
[137.555s][info ][gc,cpu         ] GC(4) User=113.12s Sys=2.08s Real=7.51s
[137.555s][info ][safepoint      ] Safepoint "G1CollectForAllocation", Time since last: 6979948999 ns, Reaching safepoint: 3201 ns, Cleanup: 3700 ns, At safepoint: 7504650700 ns, Total: 7504657601 ns
[158.987s][info ][gc,start       ] GC(5) Pause Young (Normal) (G1 Evacuation Pause)
[158.987s][debug][gc,heap        ] GC(5) Heap before GC invocations=5 (full 1):
[158.987s][debug][gc,heap        ] GC(5)  garbage-first heap   total 16777216K, used 9556836K [0x0000000400000000, 0x0000000800000000)
[158.987s][debug][gc,heap        ] GC(5)   region size 8192K, 1024 young (8388608K), 95 survivors (778240K)
[158.987s][debug][gc,heap        ] GC(5)  Metaspace       used 1298K, committed 1472K, reserved 1114112K
[158.987s][debug][gc,heap        ] GC(5)   class space    used 107K, committed 192K, reserved 1048576K
[158.987s][info ][gc,task        ] GC(5) Using 23 workers of 23 for evacuation
[165.185s][debug][gc,ergo,heap   ] GC(5) Heap expansion: short term pause time ratio 21.04% long term pause time ratio 17.90% threshold 7.69% pause time ratio 7.69% fully expanded true resize by 0B
[165.185s][info ][gc,mmu         ] GC(5) MMU target violated: 201.0ms (200.0ms/201.0ms)
[165.185s][info ][gc,phases      ] GC(5)   Pre Evacuate Collection Set: 0.9ms
[165.185s][debug][gc,phases      ] GC(5)     Pre Evacuate Prepare: 0.2ms
[165.186s][debug][gc,phases      ] GC(5)       JT Retire TLABs And Flush Logs (ms): Min:  0.0, Avg:  0.0, Max:  0.0, Diff:  0.0, Sum:  0.0, Workers: 2
[165.186s][debug][gc,phases      ] GC(5)       Non-JT Flush Logs (ms):        Min:  0.0, Avg:  0.0, Max:  0.0, Diff:  0.0, Sum:  0.0, Workers: 1
[165.186s][debug][gc,phases      ] GC(5)     Choose Collection Set: 0.0ms
[165.186s][debug][gc,phases      ] GC(5)     Region Register: 0.7ms
[165.186s][debug][gc,phases      ] GC(5)     Prepare Heap Roots: 0.0ms
[165.186s][info ][gc,phases      ] GC(5)   Merge Heap Roots: 0.7ms
[165.186s][debug][gc,phases      ] GC(5)     Prepare Merge Heap Roots: 0.0ms
[165.186s][debug][gc,phases      ] GC(5)     Remembered Sets (ms):          Min:  0.0, Avg:  0.1, Max:  0.2, Diff:  0.2, Sum:  1.7, Workers: 23
[165.186s][debug][gc,phases      ] GC(5)       Eager Reclaim (ms):            skipped
[165.186s][debug][gc,phases      ] GC(5)       Merged Inline                  Min: 0, Avg:  0.0, Max: 0, Diff: 0, Sum: 0, Workers: 23
[165.186s][debug][gc,phases      ] GC(5)       Merged ArrayOfCards            Min: 0, Avg:  0.0, Max: 0, Diff: 0, Sum: 0, Workers: 23
[165.186s][debug][gc,phases      ] GC(5)       Merged Howl                    Min: 0, Avg:  0.0, Max: 0, Diff: 0, Sum: 0, Workers: 23
[165.186s][debug][gc,phases      ] GC(5)       Merged Full                    Min: 0, Avg:  0.0, Max: 0, Diff: 0, Sum: 0, Workers: 23
[165.186s][debug][gc,phases      ] GC(5)       Merged Howl Inline             Min: 0, Avg:  0.0, Max: 0, Diff: 0, Sum: 0, Workers: 23
[165.186s][debug][gc,phases      ] GC(5)       Merged Howl ArrayOfCards       Min: 0, Avg:  0.0, Max: 0, Diff: 0, Sum: 0, Workers: 23
[165.186s][debug][gc,phases      ] GC(5)       Merged Howl BitMap             Min: 0, Avg:  0.0, Max: 0, Diff: 0, Sum: 0, Workers: 23
[165.186s][debug][gc,phases      ] GC(5)       Merged Howl Full               Min: 0, Avg:  0.0, Max: 0, Diff: 0, Sum: 0, Workers: 23
[165.186s][debug][gc,phases      ] GC(5)       Merged Cards                   Min: 8, Avg:  8.0, Max: 8, Diff: 0, Sum: 184, Workers: 23
[165.186s][debug][gc,phases      ] GC(5)     Log Buffers (ms):              Min:  0.0, Avg:  0.1, Max:  0.2, Diff:  0.2, Sum:  1.5, Workers: 23
[165.186s][debug][gc,phases      ] GC(5)       Dirty Cards:                   Min: 0, Avg: 2039.2, Max: 11316, Diff: 11316, Sum: 46902, Workers: 23
[165.186s][debug][gc,phases      ] GC(5)       Skipped Cards:                 Min: 0, Avg:  0.0, Max: 0, Diff: 0, Sum: 0, Workers: 23
[165.186s][info ][gc,phases      ] GC(5)   Evacuate Collection Set: 6193.6ms
[165.186s][debug][gc,phases      ] GC(5)     Ext Root Scanning (ms):        Min:  0.0, Avg:  0.0, Max:  0.1, Diff:  0.1, Sum:  0.3, Workers: 23
[165.186s][debug][gc,phases      ] GC(5)     Scan Heap Roots (ms):          Min:  0.0, Avg:  1.8, Max: 14.3, Diff: 14.3, Sum: 41.3, Workers: 23
[165.187s][debug][gc,phases      ] GC(5)       Scanned Cards:                 Min: 0, Avg: 2038.2, Max: 21762, Diff: 21762, Sum: 46878, Workers: 23
[165.187s][debug][gc,phases      ] GC(5)       Scanned Blocks:                Min: 0, Avg: 16.0, Max: 172, Diff: 172, Sum: 369, Workers: 23
[165.187s][debug][gc,phases      ] GC(5)       Claimed Chunks:                Min: 0, Avg: 16.0, Max: 172, Diff: 172, Sum: 369, Workers: 23
[165.187s][debug][gc,phases      ] GC(5)       Found Roots:                   Min: 0, Avg: 43478.4, Max: 196608, Diff: 196608, Sum: 1000004, Workers: 23
[165.187s][debug][gc,phases      ] GC(5)     Code Root Scan (ms):           Min:  0.0, Avg:  0.0, Max:  0.1, Diff:  0.1, Sum:  0.2, Workers: 23
[165.187s][debug][gc,phases      ] GC(5)     Object Copy (ms):              Min: 3479.2, Avg: 3787.3, Max: 4265.1, Diff: 785.9, Sum: 87107.5, Workers: 23
[165.187s][debug][gc,phases      ] GC(5)     Termination (ms):              Min: 1924.9, Avg: 2355.1, Max: 2667.4, Diff: 742.5, Sum: 54166.2, Workers: 23
[165.187s][debug][gc,phases      ] GC(5)       Termination Attempts:          Min: 60583, Avg: 67149.6, Max: 77160, Diff: 16577, Sum: 1544441, Workers: 23
[165.187s][debug][gc,phases      ] GC(5)     GC Worker Other (ms):          Min:  0.0, Avg:  0.1, Max:  0.3, Diff:  0.3, Sum:  2.2, Workers: 23
[165.187s][debug][gc,phases      ] GC(5)     GC Worker Total (ms):          Min: 6102.2, Avg: 6144.3, Max: 6193.4, Diff: 91.1, Sum: 141317.8, Workers: 23
[165.187s][info ][gc,phases      ] GC(5)   Post Evacuate Collection Set: 2.5ms
[165.187s][debug][gc,phases      ] GC(5)     NMethod List Cleanup: 0.0ms
[165.187s][debug][gc,phases      ] GC(5)     Reference Processing: 0.0ms
[165.187s][debug][gc,phases,ref  ] GC(5)       Notify Soft/WeakReferences: 0.0ms
[165.187s][debug][gc,phases,ref  ] GC(5)         SoftRef (ms):                  skipped
[165.187s][debug][gc,phases,ref  ] GC(5)         WeakRef (ms):                  skipped
[165.187s][debug][gc,phases,ref  ] GC(5)         FinalRef (ms):                 skipped
[165.187s][debug][gc,phases,ref  ] GC(5)         Total (ms):                    skipped
[165.187s][debug][gc,phases,ref  ] GC(5)       Notify and keep alive finalizable: 0.0ms
[165.187s][debug][gc,phases,ref  ] GC(5)         FinalRef (ms):                 skipped
[165.187s][debug][gc,phases,ref  ] GC(5)       Notify PhantomReferences: 0.0ms
[165.187s][debug][gc,phases,ref  ] GC(5)         PhantomRef (ms):               skipped
[165.187s][debug][gc,phases,ref  ] GC(5)       SoftReference Discovered: 0, Dropped: 0, Processed: 0
[165.187s][debug][gc,phases,ref  ] GC(5)       WeakReference Discovered: 0, Dropped: 0, Processed: 0
[165.188s][debug][gc,phases,ref  ] GC(5)       FinalReference Discovered: 0, Dropped: 0, Processed: 0
[165.188s][debug][gc,phases,ref  ] GC(5)       PhantomReference Discovered: 0, Dropped: 0, Processed: 0
[165.188s][debug][gc,phases      ] GC(5)     Weak Processing: 0.1ms
[165.188s][debug][gc,phases      ] GC(5)       VM Weak                        Min:  0.0, Avg:  0.0, Max:  0.0, Diff:  0.0, Sum:  0.0, Workers: 6
[165.188s][debug][gc,phases      ] GC(5)         Dead                           Min: 0, Avg:  0.0, Max: 0, Diff: 0, Sum: 0, Workers: 6
[165.188s][debug][gc,phases      ] GC(5)         Total                          Min: 0, Avg:  2.3, Max: 14, Diff: 14, Sum: 14, Workers: 6
[165.188s][debug][gc,phases      ] GC(5)       ObjectSynchronizer Weak        Min:  0.0, Avg:  0.0, Max:  0.0, Diff:  0.0, Sum:  0.0, Workers: 6
[165.188s][debug][gc,phases      ] GC(5)         Dead                           Min: 0, Avg:  0.0, Max: 0, Diff: 0, Sum: 0, Workers: 6
[165.188s][debug][gc,phases      ] GC(5)         Total                          Min: 0, Avg:  0.2, Max: 1, Diff: 1, Sum: 1, Workers: 6
[165.188s][debug][gc,phases      ] GC(5)       JVMTI Tag Weak OopStorage      Min:  0.0, Avg:  0.0, Max:  0.0, Diff:  0.0, Sum:  0.0, Workers: 6
[165.188s][debug][gc,phases      ] GC(5)         Dead                           Min: 0, Avg:  0.0, Max: 0, Diff: 0, Sum: 0, Workers: 6
[165.188s][debug][gc,phases      ] GC(5)         Total                          Min: 0, Avg:  0.0, Max: 0, Diff: 0, Sum: 0, Workers: 6
[165.188s][debug][gc,phases      ] GC(5)       StringTable Weak               Min:  0.0, Avg:  0.0, Max:  0.0, Diff:  0.0, Sum:  0.1, Workers: 6
[165.188s][debug][gc,phases      ] GC(5)         Dead                           Min: 0, Avg:  0.0, Max: 0, Diff: 0, Sum: 0, Workers: 6
[165.188s][debug][gc,phases      ] GC(5)         Total                          Min: 0, Avg: 953.2, Max: 1472, Diff: 1472, Sum: 5719, Workers: 6
[165.188s][debug][gc,phases      ] GC(5)       ResolvedMethodTable Weak       Min:  0.0, Avg:  0.0, Max:  0.0, Diff:  0.0, Sum:  0.0, Workers: 6
[165.188s][debug][gc,phases      ] GC(5)         Dead                           Min: 0, Avg:  0.0, Max: 0, Diff: 0, Sum: 0, Workers: 6
[165.188s][debug][gc,phases      ] GC(5)         Total                          Min: 0, Avg: 30.7, Max: 64, Diff: 64, Sum: 184, Workers: 6
[165.188s][debug][gc,phases      ] GC(5)       JNI Weak                       Min:  0.0, Avg:  0.0, Max:  0.0, Diff:  0.0, Sum:  0.0, Workers: 6
[165.188s][debug][gc,phases      ] GC(5)         Dead                           Min: 0, Avg:  0.0, Max: 0, Diff: 0, Sum: 0, Workers: 6
[165.188s][debug][gc,phases      ] GC(5)         Total                          Min: 0, Avg:  0.0, Max: 0, Diff: 0, Sum: 0, Workers: 6
[165.188s][debug][gc,phases      ] GC(5)       StringDedup Table Weak         Min:  0.0, Avg:  0.0, Max:  0.0, Diff:  0.0, Sum:  0.0, Workers: 6
[165.188s][debug][gc,phases      ] GC(5)         Dead                           Min: 0, Avg:  0.0, Max: 0, Diff: 0, Sum: 0, Workers: 6
[165.188s][debug][gc,phases      ] GC(5)         Total                          Min: 0, Avg:  0.0, Max: 0, Diff: 0, Sum: 0, Workers: 6
[165.189s][debug][gc,phases      ] GC(5)       StringDedup Requests0 Weak     Min:  0.0, Avg:  0.0, Max:  0.0, Diff:  0.0, Sum:  0.0, Workers: 6
[165.189s][debug][gc,phases      ] GC(5)         Dead                           Min: 0, Avg:  0.0, Max: 0, Diff: 0, Sum: 0, Workers: 6
[165.189s][debug][gc,phases      ] GC(5)         Total                          Min: 0, Avg:  0.0, Max: 0, Diff: 0, Sum: 0, Workers: 6
[165.189s][debug][gc,phases      ] GC(5)       StringDedup Requests1 Weak     Min:  0.0, Avg:  0.0, Max:  0.0, Diff:  0.0, Sum:  0.0, Workers: 6
[165.189s][debug][gc,phases      ] GC(5)         Dead                           Min: 0, Avg:  0.0, Max: 0, Diff: 0, Sum: 0, Workers: 6
[165.189s][debug][gc,phases      ] GC(5)         Total                          Min: 0, Avg:  0.0, Max: 0, Diff: 0, Sum: 0, Workers: 6
[165.189s][debug][gc,phases      ] GC(5)       Weak JFR Old Object Samples    Min:  0.0, Avg:  0.0, Max:  0.0, Diff:  0.0, Sum:  0.0, Workers: 6
[165.189s][debug][gc,phases      ] GC(5)         Dead                           Min: 0, Avg:  0.0, Max: 0, Diff: 0, Sum: 0, Workers: 6
[165.189s][debug][gc,phases      ] GC(5)         Total                          Min: 0, Avg:  0.0, Max: 0, Diff: 0, Sum: 0, Workers: 6
[165.189s][debug][gc,phases      ] GC(5)     Post Evacuate Cleanup 1: 1.3ms
[165.189s][debug][gc,phases      ] GC(5)       Merge Per-Thread State (ms):   Min:  0.4, Avg:  0.4, Max:  0.4, Diff:  0.0, Sum:  0.4, Workers: 1
[165.189s][debug][gc,phases      ] GC(5)         Copied Bytes                   Min: 23890320, Avg: 28068471.0, Max: 36334112, Diff: 12443792, Sum: 645574832, Workers: 23
[165.189s][debug][gc,phases      ] GC(5)         LAB Waste                      Min: 104, Avg: 150.3, Max: 208, Diff: 104, Sum: 3456, Workers: 23
[165.189s][debug][gc,phases      ] GC(5)         LAB Undo Waste                 Min: 0, Avg:  0.0, Max: 0, Diff: 0, Sum: 0, Workers: 23
[165.189s][debug][gc,phases      ] GC(5)       Clear Logged Cards (ms):       Min:  0.0, Avg:  0.6, Max:  1.2, Diff:  1.2, Sum: 10.9, Workers: 18
[165.189s][debug][gc,phases      ] GC(5)       Recalculate Used Memory (ms):  Min:  0.0, Avg:  0.0, Max:  0.0, Diff:  0.0, Sum:  0.0, Workers: 1
[165.189s][debug][gc,phases      ] GC(5)     Post Evacuate Cleanup 2: 0.9ms
[165.189s][debug][gc,phases      ] GC(5)       Update Derived Pointers (ms):  Min:  0.0, Avg:  0.0, Max:  0.0, Diff:  0.0, Sum:  0.0, Workers: 1
[165.189s][debug][gc,phases      ] GC(5)       Eagerly Reclaim Humongous Objects (ms): skipped
[165.189s][debug][gc,phases      ] GC(5)         Humongous Total                skipped
[165.189s][debug][gc,phases      ] GC(5)         Humongous Candidates           skipped
[165.189s][debug][gc,phases      ] GC(5)         Humongous Reclaimed            skipped
[165.189s][debug][gc,phases      ] GC(5)       Redirty Logged Cards (ms):     Min:  0.0, Avg:  0.1, Max:  0.2, Diff:  0.2, Sum:  2.2, Workers: 23
[165.189s][debug][gc,phases      ] GC(5)         Redirtied Cards:               Min: 0, Avg: 596.9, Max: 2616, Diff: 2616, Sum: 13729, Workers: 23
[165.189s][debug][gc,phases      ] GC(5)       Resize TLABs (ms):             Min:  0.0, Avg:  0.0, Max:  0.0, Diff:  0.0, Sum:  0.0, Workers: 23
[165.190s][debug][gc,phases      ] GC(5)       Free Collection Set (ms):      Min:  0.0, Avg:  0.3, Max:  0.5, Diff:  0.4, Sum:  7.2, Workers: 23
[165.190s][debug][gc,phases      ] GC(5)     Rebuild Free List: 0.2ms
[165.190s][debug][gc,phases      ] GC(5)     Prepare For Mutator: 0.0ms
[165.190s][debug][gc,phases      ] GC(5)     Expand Heap After Collection: 0.0ms
[165.190s][info ][gc,phases      ] GC(5)   Other: 0.5ms
[165.190s][info ][gc,heap        ] GC(5) Eden regions: 929->0(941)
[165.190s][info ][gc,heap        ] GC(5) Survivor regions: 95->83(256)
[165.190s][info ][gc,heap        ] GC(5) Old regions: 143->143
[165.190s][info ][gc,heap        ] GC(5) Humongous regions: 7->7
[165.190s][info ][gc,metaspace   ] GC(5) Metaspace: 1298K(1472K)->1298K(1472K) NonClass: 1191K(1280K)->1191K(1280K) Class: 107K(192K)->107K(192K)
[165.190s][debug][gc,heap        ] GC(5) Heap after GC invocations=6 (full 1):
[165.190s][debug][gc,heap        ] GC(5)  garbage-first heap   total 16777216K, used 1844836K [0x0000000400000000, 0x0000000800000000)
[165.190s][debug][gc,heap        ] GC(5)   region size 8192K, 83 young (679936K), 83 survivors (679936K)
[165.190s][debug][gc,heap        ] GC(5)  Metaspace       used 1298K, committed 1472K, reserved 1114112K
[165.190s][debug][gc,heap        ] GC(5)   class space    used 107K, committed 192K, reserved 1048576K
[165.190s][info ][gc             ] GC(5) Pause Young (Normal) (G1 Evacuation Pause) 9332M->1801M(16384M) 6203.302ms
[165.190s][info ][gc,cpu         ] GC(5) User=93.23s Sys=1.62s Real=6.20s
[165.190s][info ][safepoint      ] Safepoint "G1CollectForAllocation", Time since last: 21431305100 ns, Reaching safepoint: 5000 ns, Cleanup: 7100 ns, At safepoint: 6203505700 ns, Total: 6203517800 ns
[186.999s][info ][gc,start       ] GC(6) Pause Young (Normal) (G1 Evacuation Pause)
[186.999s][debug][gc,heap        ] GC(6) Heap before GC invocations=6 (full 1):
[186.999s][debug][gc,heap        ] GC(6)  garbage-first heap   total 16777216K, used 9553508K [0x0000000400000000, 0x0000000800000000)
[186.999s][debug][gc,heap        ] GC(6)   region size 8192K, 1024 young (8388608K), 83 survivors (679936K)
[186.999s][debug][gc,heap        ] GC(6)  Metaspace       used 1298K, committed 1472K, reserved 1114112K
[186.999s][debug][gc,heap        ] GC(6)   class space    used 107K, committed 192K, reserved 1048576K
[187.000s][info ][gc,task        ] GC(6) Using 23 workers of 23 for evacuation
[192.000s][debug][gc,ergo,heap   ] GC(6) Heap expansion: short term pause time ratio 22.43% long term pause time ratio 18.66% threshold 7.69% pause time ratio 7.69% fully expanded true resize by 0B
[192.000s][info ][gc,mmu         ] GC(6) MMU target violated: 201.0ms (200.0ms/201.0ms)
[192.000s][info ][gc,phases      ] GC(6)   Pre Evacuate Collection Set: 0.9ms
[192.000s][debug][gc,phases      ] GC(6)     Pre Evacuate Prepare: 0.0ms
[192.000s][debug][gc,phases      ] GC(6)       JT Retire TLABs And Flush Logs (ms): Min:  0.0, Avg:  0.0, Max:  0.0, Diff:  0.0, Sum:  0.0, Workers: 2
[192.000s][debug][gc,phases      ] GC(6)       Non-JT Flush Logs (ms):        Min:  0.0, Avg:  0.0, Max:  0.0, Diff:  0.0, Sum:  0.0, Workers: 1
[192.000s][debug][gc,phases      ] GC(6)     Choose Collection Set: 0.0ms
[192.000s][debug][gc,phases      ] GC(6)     Region Register: 0.8ms
[192.000s][debug][gc,phases      ] GC(6)     Prepare Heap Roots: 0.0ms
[192.000s][info ][gc,phases      ] GC(6)   Merge Heap Roots: 1.0ms
[192.000s][debug][gc,phases      ] GC(6)     Prepare Merge Heap Roots: 0.1ms
[192.000s][debug][gc,phases      ] GC(6)     Remembered Sets (ms):          Min:  0.0, Avg:  0.0, Max:  0.1, Diff:  0.0, Sum:  0.9, Workers: 23
[192.001s][debug][gc,phases      ] GC(6)       Eager Reclaim (ms):            skipped
[192.001s][debug][gc,phases      ] GC(6)       Merged Inline                  Min: 0, Avg:  0.0, Max: 0, Diff: 0, Sum: 0, Workers: 23
[192.001s][debug][gc,phases      ] GC(6)       Merged ArrayOfCards            Min: 0, Avg:  0.0, Max: 0, Diff: 0, Sum: 0, Workers: 23
[192.001s][debug][gc,phases      ] GC(6)       Merged Howl                    Min: 0, Avg:  0.0, Max: 0, Diff: 0, Sum: 0, Workers: 23
[192.001s][debug][gc,phases      ] GC(6)       Merged Full                    Min: 0, Avg:  0.0, Max: 0, Diff: 0, Sum: 0, Workers: 23
[192.001s][debug][gc,phases      ] GC(6)       Merged Howl Inline             Min: 0, Avg:  0.0, Max: 0, Diff: 0, Sum: 0, Workers: 23
[192.001s][debug][gc,phases      ] GC(6)       Merged Howl ArrayOfCards       Min: 0, Avg:  0.0, Max: 0, Diff: 0, Sum: 0, Workers: 23
[192.001s][debug][gc,phases      ] GC(6)       Merged Howl BitMap             Min: 0, Avg:  0.0, Max: 0, Diff: 0, Sum: 0, Workers: 23
[192.001s][debug][gc,phases      ] GC(6)       Merged Howl Full               Min: 0, Avg:  0.0, Max: 0, Diff: 0, Sum: 0, Workers: 23
[192.001s][debug][gc,phases      ] GC(6)       Merged Cards                   Min: 8, Avg:  8.0, Max: 8, Diff: 0, Sum: 184, Workers: 23
[192.001s][debug][gc,phases      ] GC(6)     Log Buffers (ms):              Min:  0.0, Avg:  0.1, Max:  0.5, Diff:  0.5, Sum:  1.4, Workers: 23
[192.001s][debug][gc,phases      ] GC(6)       Dirty Cards:                   Min: 0, Avg: 2295.3, Max: 18914, Diff: 18914, Sum: 52793, Workers: 23
[192.001s][debug][gc,phases      ] GC(6)       Skipped Cards:                 Min: 0, Avg:  0.0, Max: 0, Diff: 0, Sum: 0, Workers: 23
[192.001s][info ][gc,phases      ] GC(6)   Evacuate Collection Set: 4995.6ms
[192.001s][debug][gc,phases      ] GC(6)     Ext Root Scanning (ms):        Min:  0.0, Avg:  0.0, Max:  0.1, Diff:  0.1, Sum:  0.4, Workers: 23
[192.001s][debug][gc,phases      ] GC(6)     Scan Heap Roots (ms):          Min:  0.0, Avg:  6.7, Max: 53.4, Diff: 53.4, Sum: 153.1, Workers: 23
[192.001s][debug][gc,phases      ] GC(6)       Scanned Cards:                 Min: 0, Avg: 2038.2, Max: 7168, Diff: 7168, Sum: 46879, Workers: 23
[192.001s][debug][gc,phases      ] GC(6)       Scanned Blocks:                Min: 0, Avg: 16.1, Max: 56, Diff: 56, Sum: 370, Workers: 23
[192.001s][debug][gc,phases      ] GC(6)       Claimed Chunks:                Min: 0, Avg: 16.0, Max: 56, Diff: 56, Sum: 369, Workers: 23
[192.001s][debug][gc,phases      ] GC(6)       Found Roots:                   Min: 0, Avg: 120368.3, Max: 196608, Diff: 196608, Sum: 2768472, Workers: 23
[192.001s][debug][gc,phases      ] GC(6)     Code Root Scan (ms):           Min:  0.0, Avg:  0.0, Max:  0.2, Diff:  0.2, Sum:  0.2, Workers: 23
[192.001s][debug][gc,phases      ] GC(6)     Object Copy (ms):              Min: 2822.0, Avg: 3073.1, Max: 3422.8, Diff: 600.8, Sum: 70680.3, Workers: 23
[192.001s][debug][gc,phases      ] GC(6)     Termination (ms):              Min: 1492.0, Avg: 1854.6, Max: 2135.4, Diff: 643.4, Sum: 42655.1, Workers: 23
[192.001s][debug][gc,phases      ] GC(6)       Termination Attempts:          Min: 48023, Avg: 54861.7, Max: 63082, Diff: 15059, Sum: 1261818, Workers: 23
[192.001s][debug][gc,phases      ] GC(6)     GC Worker Other (ms):          Min:  0.0, Avg:  0.1, Max:  0.3, Diff:  0.2, Sum:  1.4, Workers: 23
[192.001s][debug][gc,phases      ] GC(6)     GC Worker Total (ms):          Min: 4885.4, Avg: 4934.4, Max: 4995.5, Diff: 110.1, Sum: 113490.6, Workers: 23
[192.001s][info ][gc,phases      ] GC(6)   Post Evacuate Collection Set: 2.6ms
[192.001s][debug][gc,phases      ] GC(6)     NMethod List Cleanup: 0.0ms
[192.001s][debug][gc,phases      ] GC(6)     Reference Processing: 0.0ms
[192.001s][debug][gc,phases,ref  ] GC(6)       Notify Soft/WeakReferences: 0.0ms
[192.001s][debug][gc,phases,ref  ] GC(6)         SoftRef (ms):                  skipped
[192.001s][debug][gc,phases,ref  ] GC(6)         WeakRef (ms):                  skipped
[192.001s][debug][gc,phases,ref  ] GC(6)         FinalRef (ms):                 skipped
[192.001s][debug][gc,phases,ref  ] GC(6)         Total (ms):                    skipped
[192.001s][debug][gc,phases,ref  ] GC(6)       Notify and keep alive finalizable: 0.0ms
[192.001s][debug][gc,phases,ref  ] GC(6)         FinalRef (ms):                 skipped
[192.001s][debug][gc,phases,ref  ] GC(6)       Notify PhantomReferences: 0.0ms
[192.001s][debug][gc,phases,ref  ] GC(6)         PhantomRef (ms):               skipped
[192.001s][debug][gc,phases,ref  ] GC(6)       SoftReference Discovered: 0, Dropped: 0, Processed: 0
[192.001s][debug][gc,phases,ref  ] GC(6)       WeakReference Discovered: 0, Dropped: 0, Processed: 0
[192.001s][debug][gc,phases,ref  ] GC(6)       FinalReference Discovered: 0, Dropped: 0, Processed: 0
[192.001s][debug][gc,phases,ref  ] GC(6)       PhantomReference Discovered: 0, Dropped: 0, Processed: 0
[192.001s][debug][gc,phases      ] GC(6)     Weak Processing: 0.1ms
[192.001s][debug][gc,phases      ] GC(6)       VM Weak                        Min:  0.0, Avg:  0.0, Max:  0.0, Diff:  0.0, Sum:  0.0, Workers: 6
[192.001s][debug][gc,phases      ] GC(6)         Dead                           Min: 0, Avg:  0.0, Max: 0, Diff: 0, Sum: 0, Workers: 6
[192.001s][debug][gc,phases      ] GC(6)         Total                          Min: 0, Avg:  2.3, Max: 14, Diff: 14, Sum: 14, Workers: 6
[192.001s][debug][gc,phases      ] GC(6)       ObjectSynchronizer Weak        Min:  0.0, Avg:  0.0, Max:  0.0, Diff:  0.0, Sum:  0.0, Workers: 6
[192.001s][debug][gc,phases      ] GC(6)         Dead                           Min: 0, Avg:  0.0, Max: 0, Diff: 0, Sum: 0, Workers: 6
[192.001s][debug][gc,phases      ] GC(6)         Total                          Min: 0, Avg:  0.2, Max: 1, Diff: 1, Sum: 1, Workers: 6
[192.001s][debug][gc,phases      ] GC(6)       JVMTI Tag Weak OopStorage      Min:  0.0, Avg:  0.0, Max:  0.0, Diff:  0.0, Sum:  0.0, Workers: 6
[192.002s][debug][gc,phases      ] GC(6)         Dead                           Min: 0, Avg:  0.0, Max: 0, Diff: 0, Sum: 0, Workers: 6
[192.002s][debug][gc,phases      ] GC(6)         Total                          Min: 0, Avg:  0.0, Max: 0, Diff: 0, Sum: 0, Workers: 6
[192.002s][debug][gc,phases      ] GC(6)       StringTable Weak               Min:  0.0, Avg:  0.0, Max:  0.0, Diff:  0.0, Sum:  0.2, Workers: 6
[192.002s][debug][gc,phases      ] GC(6)         Dead                           Min: 0, Avg:  0.0, Max: 0, Diff: 0, Sum: 0, Workers: 6
[192.002s][debug][gc,phases      ] GC(6)         Total                          Min: 320, Avg: 953.2, Max: 1472, Diff: 1152, Sum: 5719, Workers: 6
[192.002s][debug][gc,phases      ] GC(6)       ResolvedMethodTable Weak       Min:  0.0, Avg:  0.0, Max:  0.0, Diff:  0.0, Sum:  0.0, Workers: 6
[192.002s][debug][gc,phases      ] GC(6)         Dead                           Min: 0, Avg:  0.0, Max: 0, Diff: 0, Sum: 0, Workers: 6
[192.002s][debug][gc,phases      ] GC(6)         Total                          Min: 0, Avg: 30.7, Max: 64, Diff: 64, Sum: 184, Workers: 6
[192.002s][debug][gc,phases      ] GC(6)       JNI Weak                       Min:  0.0, Avg:  0.0, Max:  0.0, Diff:  0.0, Sum:  0.0, Workers: 6
[192.002s][debug][gc,phases      ] GC(6)         Dead                           Min: 0, Avg:  0.0, Max: 0, Diff: 0, Sum: 0, Workers: 6
[192.002s][debug][gc,phases      ] GC(6)         Total                          Min: 0, Avg:  0.0, Max: 0, Diff: 0, Sum: 0, Workers: 6
[192.002s][debug][gc,phases      ] GC(6)       StringDedup Table Weak         Min:  0.0, Avg:  0.0, Max:  0.0, Diff:  0.0, Sum:  0.0, Workers: 6
[192.002s][debug][gc,phases      ] GC(6)         Dead                           Min: 0, Avg:  0.0, Max: 0, Diff: 0, Sum: 0, Workers: 6
[192.002s][debug][gc,phases      ] GC(6)         Total                          Min: 0, Avg:  0.0, Max: 0, Diff: 0, Sum: 0, Workers: 6
[192.002s][debug][gc,phases      ] GC(6)       StringDedup Requests0 Weak     Min:  0.0, Avg:  0.0, Max:  0.0, Diff:  0.0, Sum:  0.0, Workers: 6
[192.002s][debug][gc,phases      ] GC(6)         Dead                           Min: 0, Avg:  0.0, Max: 0, Diff: 0, Sum: 0, Workers: 6
[192.002s][debug][gc,phases      ] GC(6)         Total                          Min: 0, Avg:  0.0, Max: 0, Diff: 0, Sum: 0, Workers: 6
[192.002s][debug][gc,phases      ] GC(6)       StringDedup Requests1 Weak     Min:  0.0, Avg:  0.0, Max:  0.0, Diff:  0.0, Sum:  0.0, Workers: 6
[192.002s][debug][gc,phases      ] GC(6)         Dead                           Min: 0, Avg:  0.0, Max: 0, Diff: 0, Sum: 0, Workers: 6
[192.002s][debug][gc,phases      ] GC(6)         Total                          Min: 0, Avg:  0.0, Max: 0, Diff: 0, Sum: 0, Workers: 6
[192.002s][debug][gc,phases      ] GC(6)       Weak JFR Old Object Samples    Min:  0.0, Avg:  0.0, Max:  0.0, Diff:  0.0, Sum:  0.0, Workers: 6
[192.002s][debug][gc,phases      ] GC(6)         Dead                           Min: 0, Avg:  0.0, Max: 0, Diff: 0, Sum: 0, Workers: 6
[192.002s][debug][gc,phases      ] GC(6)         Total                          Min: 0, Avg:  0.0, Max: 0, Diff: 0, Sum: 0, Workers: 6
[192.002s][debug][gc,phases      ] GC(6)     Post Evacuate Cleanup 1: 1.3ms
[192.002s][debug][gc,phases      ] GC(6)       Merge Per-Thread State (ms):   Min:  0.4, Avg:  0.4, Max:  0.4, Diff:  0.0, Sum:  0.4, Workers: 1
[192.002s][debug][gc,phases      ] GC(6)         Copied Bytes                   Min: 21182928, Avg: 27604967.0, Max: 34390384, Diff: 13207456, Sum: 634914240, Workers: 23
[192.002s][debug][gc,phases      ] GC(6)         LAB Waste                      Min: 120, Avg: 153.4, Max: 224, Diff: 104, Sum: 3528, Workers: 23
[192.003s][debug][gc,phases      ] GC(6)         LAB Undo Waste                 Min: 0, Avg:  0.0, Max: 0, Diff: 0, Sum: 0, Workers: 23
[192.003s][debug][gc,phases      ] GC(6)       Clear Logged Cards (ms):       Min:  0.0, Avg:  0.6, Max:  1.2, Diff:  1.2, Sum: 10.9, Workers: 18
[192.003s][debug][gc,phases      ] GC(6)       Recalculate Used Memory (ms):  Min:  0.0, Avg:  0.0, Max:  0.0, Diff:  0.0, Sum:  0.0, Workers: 1
[192.003s][debug][gc,phases      ] GC(6)     Post Evacuate Cleanup 2: 1.0ms
[192.003s][debug][gc,phases      ] GC(6)       Update Derived Pointers (ms):  Min:  0.0, Avg:  0.0, Max:  0.0, Diff:  0.0, Sum:  0.0, Workers: 1
[192.003s][debug][gc,phases      ] GC(6)       Eagerly Reclaim Humongous Objects (ms): skipped
[192.003s][debug][gc,phases      ] GC(6)         Humongous Total                skipped
[192.003s][debug][gc,phases      ] GC(6)         Humongous Candidates           skipped
[192.003s][debug][gc,phases      ] GC(6)         Humongous Reclaimed            skipped
[192.003s][debug][gc,phases      ] GC(6)       Redirty Logged Cards (ms):     Min:  0.0, Avg:  0.1, Max:  0.2, Diff:  0.2, Sum:  3.1, Workers: 23
[192.003s][debug][gc,phases      ] GC(6)         Redirtied Cards:               Min: 0, Avg: 1791.2, Max: 4222, Diff: 4222, Sum: 41197, Workers: 23
[192.003s][debug][gc,phases      ] GC(6)       Resize TLABs (ms):             Min:  0.0, Avg:  0.0, Max:  0.0, Diff:  0.0, Sum:  0.0, Workers: 23
[192.003s][debug][gc,phases      ] GC(6)       Free Collection Set (ms):      Min:  0.0, Avg:  0.4, Max:  0.6, Diff:  0.6, Sum:  9.0, Workers: 23
[192.003s][debug][gc,phases      ] GC(6)     Rebuild Free List: 0.1ms
[192.003s][debug][gc,phases      ] GC(6)     Prepare For Mutator: 0.0ms
[192.003s][debug][gc,phases      ] GC(6)     Expand Heap After Collection: 0.0ms
[192.003s][info ][gc,phases      ] GC(6)   Other: 0.4ms
[192.003s][info ][gc,heap        ] GC(6) Eden regions: 941->0(942)
[192.003s][info ][gc,heap        ] GC(6) Survivor regions: 83->82(256)
[192.003s][info ][gc,heap        ] GC(6) Old regions: 143->143
[192.003s][info ][gc,heap        ] GC(6) Humongous regions: 7->7
[192.003s][info ][gc,metaspace   ] GC(6) Metaspace: 1298K(1472K)->1298K(1472K) NonClass: 1191K(1280K)->1191K(1280K) Class: 107K(192K)->107K(192K)
[192.003s][debug][gc,heap        ] GC(6) Heap after GC invocations=7 (full 1):
[192.003s][debug][gc,heap        ] GC(6)  garbage-first heap   total 16777216K, used 1836644K [0x0000000400000000, 0x0000000800000000)
[192.003s][debug][gc,heap        ] GC(6)   region size 8192K, 82 young (671744K), 82 survivors (671744K)
[192.004s][debug][gc,heap        ] GC(6)  Metaspace       used 1298K, committed 1472K, reserved 1114112K
[192.004s][debug][gc,heap        ] GC(6)   class space    used 107K, committed 192K, reserved 1048576K
[192.004s][info ][gc             ] GC(6) Pause Young (Normal) (G1 Evacuation Pause) 9329M->1793M(16384M) 5004.353ms
[192.004s][info ][gc,cpu         ] GC(6) User=74.53s Sys=1.44s Real=5.00s
[192.004s][info ][safepoint      ] Safepoint "G1CollectForAllocation", Time since last: 21808942400 ns, Reaching safepoint: 4900 ns, Cleanup: 6300 ns, At safepoint: 5004551899 ns, Total: 5004563099 ns
[212.511s][info ][gc,heap,exit   ] Heap
[212.512s][info ][gc,heap,exit   ]  garbage-first heap   total 16777216K, used 9217310K [0x0000000400000000, 0x0000000800000000)
[212.512s][info ][gc,heap,exit   ]   region size 8192K, 983 young (8052736K), 82 survivors (671744K)
[212.512s][info ][gc,heap,exit   ]  Metaspace       used 1381K, committed 1536K, reserved 1114112K
[212.512s][info ][gc,heap,exit   ]   class space    used 118K, committed 192K, reserved 1048576K
